<!doctype html public "-//w3c//dtd html 4.0 transitional//en">
<html><head>
<title>Static Call Graph - [.\Objects\Nrf51_UART.axf]</title></head>
<body><HR>
<H1>Static Call Graph for image .\Objects\Nrf51_UART.axf</H1><HR>
<BR><P>#&#060CALLGRAPH&#062# ARM Linker, 5050169: Last Updated: Mon Feb 17 18:16:22 2025
<BR><P>
<H3>Maximum Stack Usage =        240 bytes + Unknown(Cycles, Untraceable Function Pointers)</H3><H3>
Call chain for Maximum Stack Depth:</H3>
__rt_entry_main &rArr; main &rArr; Usr_InitSetup &rArr; Usr_UartInit &rArr; app_uart_init &rArr; nrf_drv_uart_rx &rArr; nrf_drv_uart_rx_for_uart &rArr; rx_byte
<P>
<H3>
Mutually Recursive functions
</H3> <LI><a href="#[5]">NMI_Handler</a>&nbsp;&nbsp;&nbsp;&rArr;&nbsp;&nbsp;&nbsp;<a href="#[5]">NMI_Handler</a><BR>
 <LI><a href="#[6]">HardFault_Handler</a>&nbsp;&nbsp;&nbsp;&rArr;&nbsp;&nbsp;&nbsp;<a href="#[6]">HardFault_Handler</a><BR>
 <LI><a href="#[7]">SVC_Handler</a>&nbsp;&nbsp;&nbsp;&rArr;&nbsp;&nbsp;&nbsp;<a href="#[7]">SVC_Handler</a><BR>
 <LI><a href="#[8]">PendSV_Handler</a>&nbsp;&nbsp;&nbsp;&rArr;&nbsp;&nbsp;&nbsp;<a href="#[8]">PendSV_Handler</a><BR>
 <LI><a href="#[9]">SysTick_Handler</a>&nbsp;&nbsp;&nbsp;&rArr;&nbsp;&nbsp;&nbsp;<a href="#[9]">SysTick_Handler</a><BR>
 <LI><a href="#[10]">ADC_IRQHandler</a>&nbsp;&nbsp;&nbsp;&rArr;&nbsp;&nbsp;&nbsp;<a href="#[10]">ADC_IRQHandler</a><BR>
</UL>
<P>
<H3>
Function Pointers
</H3><UL>
 <LI><a href="#[10]">ADC_IRQHandler</a> from arm_startup_nrf51.o(.text) referenced from arm_startup_nrf51.o(RESET)
 <LI><a href="#[18]">CCM_AAR_IRQHandler</a> from arm_startup_nrf51.o(.text) referenced from arm_startup_nrf51.o(RESET)
 <LI><a href="#[17]">ECB_IRQHandler</a> from arm_startup_nrf51.o(.text) referenced from arm_startup_nrf51.o(RESET)
 <LI><a href="#[f]">GPIOTE_IRQHandler</a> from arm_startup_nrf51.o(.text) referenced from arm_startup_nrf51.o(RESET)
 <LI><a href="#[6]">HardFault_Handler</a> from arm_startup_nrf51.o(.text) referenced from arm_startup_nrf51.o(RESET)
 <LI><a href="#[1c]">LPCOMP_IRQHandler</a> from arm_startup_nrf51.o(.text) referenced from arm_startup_nrf51.o(RESET)
 <LI><a href="#[5]">NMI_Handler</a> from arm_startup_nrf51.o(.text) referenced from arm_startup_nrf51.o(RESET)
 <LI><a href="#[a]">POWER_CLOCK_IRQHandler</a> from arm_startup_nrf51.o(.text) referenced from arm_startup_nrf51.o(RESET)
 <LI><a href="#[8]">PendSV_Handler</a> from arm_startup_nrf51.o(.text) referenced from arm_startup_nrf51.o(RESET)
 <LI><a href="#[1b]">QDEC_IRQHandler</a> from arm_startup_nrf51.o(.text) referenced from arm_startup_nrf51.o(RESET)
 <LI><a href="#[b]">RADIO_IRQHandler</a> from arm_startup_nrf51.o(.text) referenced from arm_startup_nrf51.o(RESET)
 <LI><a href="#[16]">RNG_IRQHandler</a> from arm_startup_nrf51.o(.text) referenced from arm_startup_nrf51.o(RESET)
 <LI><a href="#[14]">RTC0_IRQHandler</a> from arm_startup_nrf51.o(.text) referenced from arm_startup_nrf51.o(RESET)
 <LI><a href="#[1a]">RTC1_IRQHandler</a> from arm_startup_nrf51.o(.text) referenced from arm_startup_nrf51.o(RESET)
 <LI><a href="#[4]">Reset_Handler</a> from arm_startup_nrf51.o(.text) referenced from arm_startup_nrf51.o(RESET)
 <LI><a href="#[d]">SPI0_TWI0_IRQHandler</a> from arm_startup_nrf51.o(.text) referenced from arm_startup_nrf51.o(RESET)
 <LI><a href="#[e]">SPI1_TWI1_IRQHandler</a> from arm_startup_nrf51.o(.text) referenced from arm_startup_nrf51.o(RESET)
 <LI><a href="#[7]">SVC_Handler</a> from arm_startup_nrf51.o(.text) referenced from arm_startup_nrf51.o(RESET)
 <LI><a href="#[1d]">SWI0_IRQHandler</a> from arm_startup_nrf51.o(.text) referenced from arm_startup_nrf51.o(RESET)
 <LI><a href="#[1e]">SWI1_IRQHandler</a> from arm_startup_nrf51.o(.text) referenced from arm_startup_nrf51.o(RESET)
 <LI><a href="#[1f]">SWI2_IRQHandler</a> from arm_startup_nrf51.o(.text) referenced from arm_startup_nrf51.o(RESET)
 <LI><a href="#[20]">SWI3_IRQHandler</a> from arm_startup_nrf51.o(.text) referenced from arm_startup_nrf51.o(RESET)
 <LI><a href="#[21]">SWI4_IRQHandler</a> from arm_startup_nrf51.o(.text) referenced from arm_startup_nrf51.o(RESET)
 <LI><a href="#[22]">SWI5_IRQHandler</a> from arm_startup_nrf51.o(.text) referenced from arm_startup_nrf51.o(RESET)
 <LI><a href="#[9]">SysTick_Handler</a> from arm_startup_nrf51.o(.text) referenced from arm_startup_nrf51.o(RESET)
 <LI><a href="#[23]">SystemInit</a> from system_nrf51.o(i.SystemInit) referenced from arm_startup_nrf51.o(.text)
 <LI><a href="#[15]">TEMP_IRQHandler</a> from arm_startup_nrf51.o(.text) referenced from arm_startup_nrf51.o(RESET)
 <LI><a href="#[11]">TIMER0_IRQHandler</a> from nrf_drv_timer.o(i.TIMER0_IRQHandler) referenced from arm_startup_nrf51.o(RESET)
 <LI><a href="#[12]">TIMER1_IRQHandler</a> from arm_startup_nrf51.o(.text) referenced from arm_startup_nrf51.o(RESET)
 <LI><a href="#[13]">TIMER2_IRQHandler</a> from arm_startup_nrf51.o(.text) referenced from arm_startup_nrf51.o(RESET)
 <LI><a href="#[27]">Timer0_Handler</a> from usr_timer.o(i.Timer0_Handler) referenced from usr_timer.o(i.Usr_Timer_InitSetup)
 <LI><a href="#[c]">UART0_IRQHandler</a> from nrf_drv_uart.o(i.UART0_IRQHandler) referenced from arm_startup_nrf51.o(RESET)
 <LI><a href="#[19]">WDT_IRQHandler</a> from arm_startup_nrf51.o(.text) referenced from arm_startup_nrf51.o(RESET)
 <LI><a href="#[2a]">__main</a> from __main.o(!!!main) referenced from arm_startup_nrf51.o(.text)
 <LI><a href="#[26]">_printf_input_char</a> from _printf_char_common.o(.text) referenced from _printf_char_common.o(.text)
 <LI><a href="#[25]">fputc</a> from retarget.o(i.fputc) referenced from _printf_char_file.o(.text)
 <LI><a href="#[28]">uart_error_handle</a> from usr_uart.o(i.uart_error_handle) referenced from usr_uart.o(i.Usr_UartInit)
 <LI><a href="#[29]">uart_event_handler</a> from app_uart_fifo.o(i.uart_event_handler) referenced from app_uart_fifo.o(i.app_uart_init)
</UL>
<P>
<H3>
Global Symbols
</H3>
<P><STRONG><a name="[2a]"></a>__main</STRONG> (Thumb, 8 bytes, Stack size 0 bytes, __main.o(!!!main))
<BR><BR>[Calls]<UL><LI><a href="#[2b]">&gt;&gt;</a>&nbsp;&nbsp;&nbsp;__scatterload
<LI><a href="#[2c]">&gt;&gt;</a>&nbsp;&nbsp;&nbsp;__rt_entry
</UL>

<P><STRONG><a name="[2b]"></a>__scatterload</STRONG> (Thumb, 0 bytes, Stack size unknown bytes, __scatter.o(!!!scatter))
<BR><BR>[Called By]<UL><LI><a href="#[2a]">&gt;&gt;</a>&nbsp;&nbsp;&nbsp;__main
</UL>

<P><STRONG><a name="[2d]"></a>__scatterload_rt2</STRONG> (Thumb, 52 bytes, Stack size unknown bytes, __scatter.o(!!!scatter), UNUSED)
<BR><BR>[Calls]<UL><LI><a href="#[2c]">&gt;&gt;</a>&nbsp;&nbsp;&nbsp;__rt_entry
</UL>

<P><STRONG><a name="[a6]"></a>__scatterload_rt2_thumb_only</STRONG> (Thumb, 0 bytes, Stack size unknown bytes, __scatter.o(!!!scatter), UNUSED)

<P><STRONG><a name="[a7]"></a>__scatterload_null</STRONG> (Thumb, 0 bytes, Stack size unknown bytes, __scatter.o(!!!scatter), UNUSED)

<P><STRONG><a name="[2e]"></a>__scatterload_copy</STRONG> (Thumb, 26 bytes, Stack size unknown bytes, __scatter_copy.o(!!handler_copy), UNUSED)
<BR><BR>[Calls]<UL><LI><a href="#[2e]">&gt;&gt;</a>&nbsp;&nbsp;&nbsp;__scatterload_copy
</UL>
<BR>[Called By]<UL><LI><a href="#[2e]">&gt;&gt;</a>&nbsp;&nbsp;&nbsp;__scatterload_copy
</UL>

<P><STRONG><a name="[a8]"></a>__scatterload_zeroinit</STRONG> (Thumb, 28 bytes, Stack size unknown bytes, __scatter_zi.o(!!handler_zi), UNUSED)

<P><STRONG><a name="[47]"></a>_printf_percent</STRONG> (Thumb, 0 bytes, Stack size unknown bytes, _printf_percent.o(.ARM.Collect$$_printf_percent$$00000000))
<BR><BR>[Called By]<UL><LI><a href="#[45]">&gt;&gt;</a>&nbsp;&nbsp;&nbsp;__printf
</UL>

<P><STRONG><a name="[2f]"></a>_printf_d</STRONG> (Thumb, 0 bytes, Stack size unknown bytes, _printf_d.o(.ARM.Collect$$_printf_percent$$00000009))
<BR><BR>[Stack]<UL><LI>Max Depth = 88 + Unknown Stack Size
<LI>Call Chain = _printf_d &rArr; _printf_int_dec &rArr; _printf_int_common &rArr; _printf_post_padding
</UL>
<BR>[Calls]<UL><LI><a href="#[30]">&gt;&gt;</a>&nbsp;&nbsp;&nbsp;_printf_x
<LI><a href="#[31]">&gt;&gt;</a>&nbsp;&nbsp;&nbsp;_printf_int_dec
</UL>

<P><STRONG><a name="[30]"></a>_printf_x</STRONG> (Thumb, 0 bytes, Stack size unknown bytes, _printf_x.o(.ARM.Collect$$_printf_percent$$0000000C))
<BR><BR>[Stack]<UL><LI>Max Depth = 72 + Unknown Stack Size
<LI>Call Chain = _printf_x &rArr; _printf_int_hex &rArr; _printf_int_common &rArr; _printf_post_padding
</UL>
<BR>[Calls]<UL><LI><a href="#[32]">&gt;&gt;</a>&nbsp;&nbsp;&nbsp;_printf_percent_end
<LI><a href="#[33]">&gt;&gt;</a>&nbsp;&nbsp;&nbsp;_printf_int_hex
</UL>
<BR>[Called By]<UL><LI><a href="#[2f]">&gt;&gt;</a>&nbsp;&nbsp;&nbsp;_printf_d
</UL>

<P><STRONG><a name="[32]"></a>_printf_percent_end</STRONG> (Thumb, 0 bytes, Stack size unknown bytes, _printf_percent_end.o(.ARM.Collect$$_printf_percent$$00000017))
<BR><BR>[Called By]<UL><LI><a href="#[30]">&gt;&gt;</a>&nbsp;&nbsp;&nbsp;_printf_x
</UL>

<P><STRONG><a name="[37]"></a>__rt_lib_init</STRONG> (Thumb, 0 bytes, Stack size unknown bytes, libinit.o(.ARM.Collect$$libinit$$00000000))
<BR><BR>[Called By]<UL><LI><a href="#[36]">&gt;&gt;</a>&nbsp;&nbsp;&nbsp;__rt_entry_li
</UL>

<P><STRONG><a name="[a9]"></a>__rt_lib_init_alloca_1</STRONG> (Thumb, 0 bytes, Stack size unknown bytes, libinit2.o(.ARM.Collect$$libinit$$0000002E))

<P><STRONG><a name="[aa]"></a>__rt_lib_init_argv_1</STRONG> (Thumb, 0 bytes, Stack size unknown bytes, libinit2.o(.ARM.Collect$$libinit$$0000002C))

<P><STRONG><a name="[ab]"></a>__rt_lib_init_atexit_1</STRONG> (Thumb, 0 bytes, Stack size unknown bytes, libinit2.o(.ARM.Collect$$libinit$$0000001B))

<P><STRONG><a name="[ac]"></a>__rt_lib_init_clock_1</STRONG> (Thumb, 0 bytes, Stack size unknown bytes, libinit2.o(.ARM.Collect$$libinit$$00000021))

<P><STRONG><a name="[ad]"></a>__rt_lib_init_cpp_1</STRONG> (Thumb, 0 bytes, Stack size unknown bytes, libinit2.o(.ARM.Collect$$libinit$$00000032))

<P><STRONG><a name="[ae]"></a>__rt_lib_init_exceptions_1</STRONG> (Thumb, 0 bytes, Stack size unknown bytes, libinit2.o(.ARM.Collect$$libinit$$00000030))

<P><STRONG><a name="[af]"></a>__rt_lib_init_fp_1</STRONG> (Thumb, 0 bytes, Stack size unknown bytes, libinit2.o(.ARM.Collect$$libinit$$00000002))

<P><STRONG><a name="[b0]"></a>__rt_lib_init_fp_trap_1</STRONG> (Thumb, 0 bytes, Stack size unknown bytes, libinit2.o(.ARM.Collect$$libinit$$0000001F))

<P><STRONG><a name="[b1]"></a>__rt_lib_init_getenv_1</STRONG> (Thumb, 0 bytes, Stack size unknown bytes, libinit2.o(.ARM.Collect$$libinit$$00000023))

<P><STRONG><a name="[b2]"></a>__rt_lib_init_heap_1</STRONG> (Thumb, 0 bytes, Stack size unknown bytes, libinit2.o(.ARM.Collect$$libinit$$0000000A))

<P><STRONG><a name="[b3]"></a>__rt_lib_init_lc_collate_1</STRONG> (Thumb, 0 bytes, Stack size unknown bytes, libinit2.o(.ARM.Collect$$libinit$$00000011))

<P><STRONG><a name="[b4]"></a>__rt_lib_init_lc_ctype_1</STRONG> (Thumb, 0 bytes, Stack size unknown bytes, libinit2.o(.ARM.Collect$$libinit$$00000013))

<P><STRONG><a name="[b5]"></a>__rt_lib_init_lc_monetary_1</STRONG> (Thumb, 0 bytes, Stack size unknown bytes, libinit2.o(.ARM.Collect$$libinit$$00000015))

<P><STRONG><a name="[b6]"></a>__rt_lib_init_lc_numeric_1</STRONG> (Thumb, 0 bytes, Stack size unknown bytes, libinit2.o(.ARM.Collect$$libinit$$00000017))

<P><STRONG><a name="[b7]"></a>__rt_lib_init_lc_time_1</STRONG> (Thumb, 0 bytes, Stack size unknown bytes, libinit2.o(.ARM.Collect$$libinit$$00000019))

<P><STRONG><a name="[b8]"></a>__rt_lib_init_preinit_1</STRONG> (Thumb, 0 bytes, Stack size unknown bytes, libinit2.o(.ARM.Collect$$libinit$$00000004))

<P><STRONG><a name="[b9]"></a>__rt_lib_init_rand_1</STRONG> (Thumb, 0 bytes, Stack size unknown bytes, libinit2.o(.ARM.Collect$$libinit$$0000000E))

<P><STRONG><a name="[ba]"></a>__rt_lib_init_return</STRONG> (Thumb, 0 bytes, Stack size unknown bytes, libinit2.o(.ARM.Collect$$libinit$$00000033))

<P><STRONG><a name="[bb]"></a>__rt_lib_init_signal_1</STRONG> (Thumb, 0 bytes, Stack size unknown bytes, libinit2.o(.ARM.Collect$$libinit$$0000001D))

<P><STRONG><a name="[bc]"></a>__rt_lib_init_stdio_1</STRONG> (Thumb, 0 bytes, Stack size unknown bytes, libinit2.o(.ARM.Collect$$libinit$$00000025))

<P><STRONG><a name="[bd]"></a>__rt_lib_init_user_alloc_1</STRONG> (Thumb, 0 bytes, Stack size unknown bytes, libinit2.o(.ARM.Collect$$libinit$$0000000C))

<P><STRONG><a name="[3c]"></a>__rt_lib_shutdown</STRONG> (Thumb, 0 bytes, Stack size unknown bytes, libshutdown.o(.ARM.Collect$$libshutdown$$00000000))
<BR><BR>[Called By]<UL><LI><a href="#[3b]">&gt;&gt;</a>&nbsp;&nbsp;&nbsp;__rt_exit_ls
</UL>

<P><STRONG><a name="[be]"></a>__rt_lib_shutdown_fp_trap_1</STRONG> (Thumb, 0 bytes, Stack size unknown bytes, libshutdown2.o(.ARM.Collect$$libshutdown$$00000006))

<P><STRONG><a name="[bf]"></a>__rt_lib_shutdown_heap_1</STRONG> (Thumb, 0 bytes, Stack size unknown bytes, libshutdown2.o(.ARM.Collect$$libshutdown$$0000000E))

<P><STRONG><a name="[c0]"></a>__rt_lib_shutdown_return</STRONG> (Thumb, 0 bytes, Stack size unknown bytes, libshutdown2.o(.ARM.Collect$$libshutdown$$0000000F))

<P><STRONG><a name="[c1]"></a>__rt_lib_shutdown_signal_1</STRONG> (Thumb, 0 bytes, Stack size unknown bytes, libshutdown2.o(.ARM.Collect$$libshutdown$$00000009))

<P><STRONG><a name="[c2]"></a>__rt_lib_shutdown_stdio_1</STRONG> (Thumb, 0 bytes, Stack size unknown bytes, libshutdown2.o(.ARM.Collect$$libshutdown$$00000003))

<P><STRONG><a name="[c3]"></a>__rt_lib_shutdown_user_alloc_1</STRONG> (Thumb, 0 bytes, Stack size unknown bytes, libshutdown2.o(.ARM.Collect$$libshutdown$$0000000B))

<P><STRONG><a name="[2c]"></a>__rt_entry</STRONG> (Thumb, 0 bytes, Stack size unknown bytes, __rtentry.o(.ARM.Collect$$rtentry$$00000000))
<BR><BR>[Called By]<UL><LI><a href="#[2d]">&gt;&gt;</a>&nbsp;&nbsp;&nbsp;__scatterload_rt2
<LI><a href="#[2a]">&gt;&gt;</a>&nbsp;&nbsp;&nbsp;__main
</UL>

<P><STRONG><a name="[c4]"></a>__rt_entry_presh_1</STRONG> (Thumb, 0 bytes, Stack size unknown bytes, __rtentry2.o(.ARM.Collect$$rtentry$$00000002))

<P><STRONG><a name="[34]"></a>__rt_entry_sh</STRONG> (Thumb, 0 bytes, Stack size unknown bytes, __rtentry4.o(.ARM.Collect$$rtentry$$00000004))
<BR><BR>[Stack]<UL><LI>Max Depth = 8 + Unknown Stack Size
<LI>Call Chain = __rt_entry_sh &rArr; __user_setup_stackheap
</UL>
<BR>[Calls]<UL><LI><a href="#[35]">&gt;&gt;</a>&nbsp;&nbsp;&nbsp;__user_setup_stackheap
</UL>

<P><STRONG><a name="[36]"></a>__rt_entry_li</STRONG> (Thumb, 0 bytes, Stack size unknown bytes, __rtentry2.o(.ARM.Collect$$rtentry$$0000000A))
<BR><BR>[Calls]<UL><LI><a href="#[37]">&gt;&gt;</a>&nbsp;&nbsp;&nbsp;__rt_lib_init
</UL>

<P><STRONG><a name="[c5]"></a>__rt_entry_postsh_1</STRONG> (Thumb, 0 bytes, Stack size unknown bytes, __rtentry2.o(.ARM.Collect$$rtentry$$00000009))

<P><STRONG><a name="[38]"></a>__rt_entry_main</STRONG> (Thumb, 0 bytes, Stack size unknown bytes, __rtentry2.o(.ARM.Collect$$rtentry$$0000000D))
<BR><BR>[Stack]<UL><LI>Max Depth = 240 + Unknown Stack Size
<LI>Call Chain = __rt_entry_main &rArr; main &rArr; Usr_InitSetup &rArr; Usr_UartInit &rArr; app_uart_init &rArr; nrf_drv_uart_rx &rArr; nrf_drv_uart_rx_for_uart &rArr; rx_byte
</UL>
<BR>[Calls]<UL><LI><a href="#[39]">&gt;&gt;</a>&nbsp;&nbsp;&nbsp;main
<LI><a href="#[3a]">&gt;&gt;</a>&nbsp;&nbsp;&nbsp;exit
</UL>

<P><STRONG><a name="[c6]"></a>__rt_entry_postli_1</STRONG> (Thumb, 0 bytes, Stack size unknown bytes, __rtentry2.o(.ARM.Collect$$rtentry$$0000000C))

<P><STRONG><a name="[4f]"></a>__rt_exit</STRONG> (Thumb, 0 bytes, Stack size unknown bytes, rtexit.o(.ARM.Collect$$rtexit$$00000000))
<BR><BR>[Called By]<UL><LI><a href="#[3a]">&gt;&gt;</a>&nbsp;&nbsp;&nbsp;exit
</UL>

<P><STRONG><a name="[3b]"></a>__rt_exit_ls</STRONG> (Thumb, 0 bytes, Stack size unknown bytes, rtexit2.o(.ARM.Collect$$rtexit$$00000003))
<BR><BR>[Calls]<UL><LI><a href="#[3c]">&gt;&gt;</a>&nbsp;&nbsp;&nbsp;__rt_lib_shutdown
</UL>

<P><STRONG><a name="[c7]"></a>__rt_exit_prels_1</STRONG> (Thumb, 0 bytes, Stack size unknown bytes, rtexit2.o(.ARM.Collect$$rtexit$$00000002))

<P><STRONG><a name="[3d]"></a>__rt_exit_exit</STRONG> (Thumb, 0 bytes, Stack size unknown bytes, rtexit2.o(.ARM.Collect$$rtexit$$00000004))
<BR><BR>[Calls]<UL><LI><a href="#[3e]">&gt;&gt;</a>&nbsp;&nbsp;&nbsp;_sys_exit
</UL>

<P><STRONG><a name="[6f]"></a>__aeabi_memcpy4</STRONG> (Thumb, 56 bytes, Stack size 0 bytes, rt_memcpy.o(.emb_text))
<BR><BR>[Called By]<UL><LI><a href="#[70]">&gt;&gt;</a>&nbsp;&nbsp;&nbsp;app_uart_init
<LI><a href="#[69]">&gt;&gt;</a>&nbsp;&nbsp;&nbsp;Usr_UartInit
</UL>

<P><STRONG><a name="[c8]"></a>__aeabi_memcpy8</STRONG> (Thumb, 0 bytes, Stack size 0 bytes, rt_memcpy.o(.emb_text), UNUSED)

<P><STRONG><a name="[4]"></a>Reset_Handler</STRONG> (Thumb, 26 bytes, Stack size 0 bytes, arm_startup_nrf51.o(.text))
<BR>[Address Reference Count : 1]<UL><LI> arm_startup_nrf51.o(RESET)
</UL>
<P><STRONG><a name="[5]"></a>NMI_Handler</STRONG> (Thumb, 2 bytes, Stack size 0 bytes, arm_startup_nrf51.o(.text))
<BR><BR>[Calls]<UL><LI><a href="#[5]">&gt;&gt;</a>&nbsp;&nbsp;&nbsp;NMI_Handler
</UL>
<BR>[Called By]<UL><LI><a href="#[5]">&gt;&gt;</a>&nbsp;&nbsp;&nbsp;NMI_Handler
</UL>
<BR>[Address Reference Count : 1]<UL><LI> arm_startup_nrf51.o(RESET)
</UL>
<P><STRONG><a name="[6]"></a>HardFault_Handler</STRONG> (Thumb, 2 bytes, Stack size 0 bytes, arm_startup_nrf51.o(.text))
<BR><BR>[Calls]<UL><LI><a href="#[6]">&gt;&gt;</a>&nbsp;&nbsp;&nbsp;HardFault_Handler
</UL>
<BR>[Called By]<UL><LI><a href="#[6]">&gt;&gt;</a>&nbsp;&nbsp;&nbsp;HardFault_Handler
</UL>
<BR>[Address Reference Count : 1]<UL><LI> arm_startup_nrf51.o(RESET)
</UL>
<P><STRONG><a name="[7]"></a>SVC_Handler</STRONG> (Thumb, 2 bytes, Stack size 0 bytes, arm_startup_nrf51.o(.text))
<BR><BR>[Calls]<UL><LI><a href="#[7]">&gt;&gt;</a>&nbsp;&nbsp;&nbsp;SVC_Handler
</UL>
<BR>[Called By]<UL><LI><a href="#[7]">&gt;&gt;</a>&nbsp;&nbsp;&nbsp;SVC_Handler
</UL>
<BR>[Address Reference Count : 1]<UL><LI> arm_startup_nrf51.o(RESET)
</UL>
<P><STRONG><a name="[8]"></a>PendSV_Handler</STRONG> (Thumb, 2 bytes, Stack size 0 bytes, arm_startup_nrf51.o(.text))
<BR><BR>[Calls]<UL><LI><a href="#[8]">&gt;&gt;</a>&nbsp;&nbsp;&nbsp;PendSV_Handler
</UL>
<BR>[Called By]<UL><LI><a href="#[8]">&gt;&gt;</a>&nbsp;&nbsp;&nbsp;PendSV_Handler
</UL>
<BR>[Address Reference Count : 1]<UL><LI> arm_startup_nrf51.o(RESET)
</UL>
<P><STRONG><a name="[9]"></a>SysTick_Handler</STRONG> (Thumb, 2 bytes, Stack size 0 bytes, arm_startup_nrf51.o(.text))
<BR><BR>[Calls]<UL><LI><a href="#[9]">&gt;&gt;</a>&nbsp;&nbsp;&nbsp;SysTick_Handler
</UL>
<BR>[Called By]<UL><LI><a href="#[9]">&gt;&gt;</a>&nbsp;&nbsp;&nbsp;SysTick_Handler
</UL>
<BR>[Address Reference Count : 1]<UL><LI> arm_startup_nrf51.o(RESET)
</UL>
<P><STRONG><a name="[10]"></a>ADC_IRQHandler</STRONG> (Thumb, 0 bytes, Stack size 0 bytes, arm_startup_nrf51.o(.text))
<BR><BR>[Calls]<UL><LI><a href="#[10]">&gt;&gt;</a>&nbsp;&nbsp;&nbsp;ADC_IRQHandler
</UL>
<BR>[Called By]<UL><LI><a href="#[10]">&gt;&gt;</a>&nbsp;&nbsp;&nbsp;ADC_IRQHandler
</UL>
<BR>[Address Reference Count : 1]<UL><LI> arm_startup_nrf51.o(RESET)
</UL>
<P><STRONG><a name="[18]"></a>CCM_AAR_IRQHandler</STRONG> (Thumb, 0 bytes, Stack size 0 bytes, arm_startup_nrf51.o(.text))
<BR>[Address Reference Count : 1]<UL><LI> arm_startup_nrf51.o(RESET)
</UL>
<P><STRONG><a name="[17]"></a>ECB_IRQHandler</STRONG> (Thumb, 0 bytes, Stack size 0 bytes, arm_startup_nrf51.o(.text))
<BR>[Address Reference Count : 1]<UL><LI> arm_startup_nrf51.o(RESET)
</UL>
<P><STRONG><a name="[f]"></a>GPIOTE_IRQHandler</STRONG> (Thumb, 0 bytes, Stack size 0 bytes, arm_startup_nrf51.o(.text))
<BR>[Address Reference Count : 1]<UL><LI> arm_startup_nrf51.o(RESET)
</UL>
<P><STRONG><a name="[1c]"></a>LPCOMP_IRQHandler</STRONG> (Thumb, 0 bytes, Stack size 0 bytes, arm_startup_nrf51.o(.text))
<BR>[Address Reference Count : 1]<UL><LI> arm_startup_nrf51.o(RESET)
</UL>
<P><STRONG><a name="[a]"></a>POWER_CLOCK_IRQHandler</STRONG> (Thumb, 0 bytes, Stack size 0 bytes, arm_startup_nrf51.o(.text))
<BR>[Address Reference Count : 1]<UL><LI> arm_startup_nrf51.o(RESET)
</UL>
<P><STRONG><a name="[1b]"></a>QDEC_IRQHandler</STRONG> (Thumb, 0 bytes, Stack size 0 bytes, arm_startup_nrf51.o(.text))
<BR>[Address Reference Count : 1]<UL><LI> arm_startup_nrf51.o(RESET)
</UL>
<P><STRONG><a name="[b]"></a>RADIO_IRQHandler</STRONG> (Thumb, 0 bytes, Stack size 0 bytes, arm_startup_nrf51.o(.text))
<BR>[Address Reference Count : 1]<UL><LI> arm_startup_nrf51.o(RESET)
</UL>
<P><STRONG><a name="[16]"></a>RNG_IRQHandler</STRONG> (Thumb, 0 bytes, Stack size 0 bytes, arm_startup_nrf51.o(.text))
<BR>[Address Reference Count : 1]<UL><LI> arm_startup_nrf51.o(RESET)
</UL>
<P><STRONG><a name="[14]"></a>RTC0_IRQHandler</STRONG> (Thumb, 0 bytes, Stack size 0 bytes, arm_startup_nrf51.o(.text))
<BR>[Address Reference Count : 1]<UL><LI> arm_startup_nrf51.o(RESET)
</UL>
<P><STRONG><a name="[1a]"></a>RTC1_IRQHandler</STRONG> (Thumb, 0 bytes, Stack size 0 bytes, arm_startup_nrf51.o(.text))
<BR>[Address Reference Count : 1]<UL><LI> arm_startup_nrf51.o(RESET)
</UL>
<P><STRONG><a name="[d]"></a>SPI0_TWI0_IRQHandler</STRONG> (Thumb, 0 bytes, Stack size 0 bytes, arm_startup_nrf51.o(.text))
<BR>[Address Reference Count : 1]<UL><LI> arm_startup_nrf51.o(RESET)
</UL>
<P><STRONG><a name="[e]"></a>SPI1_TWI1_IRQHandler</STRONG> (Thumb, 0 bytes, Stack size 0 bytes, arm_startup_nrf51.o(.text))
<BR>[Address Reference Count : 1]<UL><LI> arm_startup_nrf51.o(RESET)
</UL>
<P><STRONG><a name="[1d]"></a>SWI0_IRQHandler</STRONG> (Thumb, 0 bytes, Stack size 0 bytes, arm_startup_nrf51.o(.text))
<BR>[Address Reference Count : 1]<UL><LI> arm_startup_nrf51.o(RESET)
</UL>
<P><STRONG><a name="[1e]"></a>SWI1_IRQHandler</STRONG> (Thumb, 0 bytes, Stack size 0 bytes, arm_startup_nrf51.o(.text))
<BR>[Address Reference Count : 1]<UL><LI> arm_startup_nrf51.o(RESET)
</UL>
<P><STRONG><a name="[1f]"></a>SWI2_IRQHandler</STRONG> (Thumb, 0 bytes, Stack size 0 bytes, arm_startup_nrf51.o(.text))
<BR>[Address Reference Count : 1]<UL><LI> arm_startup_nrf51.o(RESET)
</UL>
<P><STRONG><a name="[20]"></a>SWI3_IRQHandler</STRONG> (Thumb, 0 bytes, Stack size 0 bytes, arm_startup_nrf51.o(.text))
<BR>[Address Reference Count : 1]<UL><LI> arm_startup_nrf51.o(RESET)
</UL>
<P><STRONG><a name="[21]"></a>SWI4_IRQHandler</STRONG> (Thumb, 0 bytes, Stack size 0 bytes, arm_startup_nrf51.o(.text))
<BR>[Address Reference Count : 1]<UL><LI> arm_startup_nrf51.o(RESET)
</UL>
<P><STRONG><a name="[22]"></a>SWI5_IRQHandler</STRONG> (Thumb, 0 bytes, Stack size 0 bytes, arm_startup_nrf51.o(.text))
<BR>[Address Reference Count : 1]<UL><LI> arm_startup_nrf51.o(RESET)
</UL>
<P><STRONG><a name="[15]"></a>TEMP_IRQHandler</STRONG> (Thumb, 0 bytes, Stack size 0 bytes, arm_startup_nrf51.o(.text))
<BR>[Address Reference Count : 1]<UL><LI> arm_startup_nrf51.o(RESET)
</UL>
<P><STRONG><a name="[12]"></a>TIMER1_IRQHandler</STRONG> (Thumb, 0 bytes, Stack size 0 bytes, arm_startup_nrf51.o(.text))
<BR>[Address Reference Count : 1]<UL><LI> arm_startup_nrf51.o(RESET)
</UL>
<P><STRONG><a name="[13]"></a>TIMER2_IRQHandler</STRONG> (Thumb, 0 bytes, Stack size 0 bytes, arm_startup_nrf51.o(.text))
<BR>[Address Reference Count : 1]<UL><LI> arm_startup_nrf51.o(RESET)
</UL>
<P><STRONG><a name="[19]"></a>WDT_IRQHandler</STRONG> (Thumb, 0 bytes, Stack size 0 bytes, arm_startup_nrf51.o(.text))
<BR>[Address Reference Count : 1]<UL><LI> arm_startup_nrf51.o(RESET)
</UL>
<P><STRONG><a name="[4d]"></a>__user_initial_stackheap</STRONG> (Thumb, 10 bytes, Stack size 0 bytes, arm_startup_nrf51.o(.text))
<BR><BR>[Called By]<UL><LI><a href="#[35]">&gt;&gt;</a>&nbsp;&nbsp;&nbsp;__user_setup_stackheap
</UL>

<P><STRONG><a name="[3f]"></a>__2printf</STRONG> (Thumb, 22 bytes, Stack size 24 bytes, noretval__2printf.o(.text))
<BR><BR>[Stack]<UL><LI>Max Depth = 136 + Unknown Stack Size
<LI>Call Chain = __2printf &rArr; _printf_char_file &rArr; _printf_char_common &rArr; __printf
</UL>
<BR>[Calls]<UL><LI><a href="#[40]">&gt;&gt;</a>&nbsp;&nbsp;&nbsp;_printf_char_file
</UL>
<BR>[Called By]<UL><LI><a href="#[66]">&gt;&gt;</a>&nbsp;&nbsp;&nbsp;Usr_I2C_MainLoop
<LI><a href="#[39]">&gt;&gt;</a>&nbsp;&nbsp;&nbsp;main
</UL>

<P><STRONG><a name="[48]"></a>_printf_pre_padding</STRONG> (Thumb, 44 bytes, Stack size 16 bytes, _printf_pad.o(.text))
<BR><BR>[Stack]<UL><LI>Max Depth = 16<LI>Call Chain = _printf_pre_padding
</UL>
<BR>[Called By]<UL><LI><a href="#[44]">&gt;&gt;</a>&nbsp;&nbsp;&nbsp;_printf_int_common
</UL>

<P><STRONG><a name="[49]"></a>_printf_post_padding</STRONG> (Thumb, 34 bytes, Stack size 16 bytes, _printf_pad.o(.text))
<BR><BR>[Stack]<UL><LI>Max Depth = 16<LI>Call Chain = _printf_post_padding
</UL>
<BR>[Called By]<UL><LI><a href="#[44]">&gt;&gt;</a>&nbsp;&nbsp;&nbsp;_printf_int_common
</UL>

<P><STRONG><a name="[31]"></a>_printf_int_dec</STRONG> (Thumb, 90 bytes, Stack size 32 bytes, _printf_dec.o(.text))
<BR><BR>[Stack]<UL><LI>Max Depth = 88<LI>Call Chain = _printf_int_dec &rArr; _printf_int_common &rArr; _printf_post_padding
</UL>
<BR>[Calls]<UL><LI><a href="#[43]">&gt;&gt;</a>&nbsp;&nbsp;&nbsp;__rt_udiv10
<LI><a href="#[44]">&gt;&gt;</a>&nbsp;&nbsp;&nbsp;_printf_int_common
<LI><a href="#[42]">&gt;&gt;</a>&nbsp;&nbsp;&nbsp;_printf_truncate_unsigned (Weak Reference)
<LI><a href="#[41]">&gt;&gt;</a>&nbsp;&nbsp;&nbsp;_printf_truncate_signed (Weak Reference)
</UL>
<BR>[Called By]<UL><LI><a href="#[2f]">&gt;&gt;</a>&nbsp;&nbsp;&nbsp;_printf_d
</UL>

<P><STRONG><a name="[33]"></a>_printf_int_hex</STRONG> (Thumb, 84 bytes, Stack size 16 bytes, _printf_hex_int.o(.text))
<BR><BR>[Stack]<UL><LI>Max Depth = 72<LI>Call Chain = _printf_int_hex &rArr; _printf_int_common &rArr; _printf_post_padding
</UL>
<BR>[Calls]<UL><LI><a href="#[44]">&gt;&gt;</a>&nbsp;&nbsp;&nbsp;_printf_int_common
<LI><a href="#[42]">&gt;&gt;</a>&nbsp;&nbsp;&nbsp;_printf_truncate_unsigned (Weak Reference)
</UL>
<BR>[Called By]<UL><LI><a href="#[30]">&gt;&gt;</a>&nbsp;&nbsp;&nbsp;_printf_x
</UL>

<P><STRONG><a name="[c9]"></a>_printf_longlong_hex</STRONG> (Thumb, 0 bytes, Stack size 16 bytes, _printf_hex_int.o(.text), UNUSED)

<P><STRONG><a name="[45]"></a>__printf</STRONG> (Thumb, 306 bytes, Stack size 32 bytes, __printf_flags_wp.o(.text))
<BR><BR>[Stack]<UL><LI>Max Depth = 32 + Unknown Stack Size
<LI>Call Chain = __printf
</UL>
<BR>[Calls]<UL><LI><a href="#[47]">&gt;&gt;</a>&nbsp;&nbsp;&nbsp;_printf_percent
<LI><a href="#[46]">&gt;&gt;</a>&nbsp;&nbsp;&nbsp;_is_digit
</UL>
<BR>[Called By]<UL><LI><a href="#[4a]">&gt;&gt;</a>&nbsp;&nbsp;&nbsp;_printf_char_common
</UL>

<P><STRONG><a name="[ca]"></a>__use_two_region_memory</STRONG> (Thumb, 2 bytes, Stack size 0 bytes, heapauxi.o(.text), UNUSED)

<P><STRONG><a name="[cb]"></a>__rt_heap_escrow$2region</STRONG> (Thumb, 2 bytes, Stack size 0 bytes, heapauxi.o(.text), UNUSED)

<P><STRONG><a name="[cc]"></a>__rt_heap_expand$2region</STRONG> (Thumb, 2 bytes, Stack size 0 bytes, heapauxi.o(.text), UNUSED)

<P><STRONG><a name="[44]"></a>_printf_int_common</STRONG> (Thumb, 176 bytes, Stack size 40 bytes, _printf_intcommon.o(.text))
<BR><BR>[Stack]<UL><LI>Max Depth = 56<LI>Call Chain = _printf_int_common &rArr; _printf_post_padding
</UL>
<BR>[Calls]<UL><LI><a href="#[49]">&gt;&gt;</a>&nbsp;&nbsp;&nbsp;_printf_post_padding
<LI><a href="#[48]">&gt;&gt;</a>&nbsp;&nbsp;&nbsp;_printf_pre_padding
</UL>
<BR>[Called By]<UL><LI><a href="#[33]">&gt;&gt;</a>&nbsp;&nbsp;&nbsp;_printf_int_hex
<LI><a href="#[31]">&gt;&gt;</a>&nbsp;&nbsp;&nbsp;_printf_int_dec
</UL>

<P><STRONG><a name="[40]"></a>_printf_char_file</STRONG> (Thumb, 34 bytes, Stack size 16 bytes, _printf_char_file.o(.text))
<BR><BR>[Stack]<UL><LI>Max Depth = 112 + Unknown Stack Size
<LI>Call Chain = _printf_char_file &rArr; _printf_char_common &rArr; __printf
</UL>
<BR>[Calls]<UL><LI><a href="#[4b]">&gt;&gt;</a>&nbsp;&nbsp;&nbsp;ferror
<LI><a href="#[4a]">&gt;&gt;</a>&nbsp;&nbsp;&nbsp;_printf_char_common
</UL>
<BR>[Called By]<UL><LI><a href="#[3f]">&gt;&gt;</a>&nbsp;&nbsp;&nbsp;__2printf
</UL>

<P><STRONG><a name="[43]"></a>__rt_udiv10</STRONG> (Thumb, 40 bytes, Stack size 0 bytes, rtudiv10.o(.text))
<BR><BR>[Called By]<UL><LI><a href="#[31]">&gt;&gt;</a>&nbsp;&nbsp;&nbsp;_printf_int_dec
</UL>

<P><STRONG><a name="[4a]"></a>_printf_char_common</STRONG> (Thumb, 32 bytes, Stack size 64 bytes, _printf_char_common.o(.text))
<BR><BR>[Stack]<UL><LI>Max Depth = 96 + Unknown Stack Size
<LI>Call Chain = _printf_char_common &rArr; __printf
</UL>
<BR>[Calls]<UL><LI><a href="#[45]">&gt;&gt;</a>&nbsp;&nbsp;&nbsp;__printf
</UL>
<BR>[Called By]<UL><LI><a href="#[40]">&gt;&gt;</a>&nbsp;&nbsp;&nbsp;_printf_char_file
</UL>

<P><STRONG><a name="[4b]"></a>ferror</STRONG> (Thumb, 8 bytes, Stack size 0 bytes, ferror.o(.text))
<BR><BR>[Called By]<UL><LI><a href="#[40]">&gt;&gt;</a>&nbsp;&nbsp;&nbsp;_printf_char_file
</UL>

<P><STRONG><a name="[35]"></a>__user_setup_stackheap</STRONG> (Thumb, 62 bytes, Stack size 8 bytes, sys_stackheap_outer.o(.text))
<BR><BR>[Stack]<UL><LI>Max Depth = 8<LI>Call Chain = __user_setup_stackheap
</UL>
<BR>[Calls]<UL><LI><a href="#[4d]">&gt;&gt;</a>&nbsp;&nbsp;&nbsp;__user_initial_stackheap
<LI><a href="#[4c]">&gt;&gt;</a>&nbsp;&nbsp;&nbsp;__user_perproc_libspace
</UL>
<BR>[Called By]<UL><LI><a href="#[34]">&gt;&gt;</a>&nbsp;&nbsp;&nbsp;__rt_entry_sh
</UL>

<P><STRONG><a name="[3a]"></a>exit</STRONG> (Thumb, 12 bytes, Stack size 0 bytes, exit.o(.text))
<BR><BR>[Calls]<UL><LI><a href="#[4f]">&gt;&gt;</a>&nbsp;&nbsp;&nbsp;__rt_exit
<LI><a href="#[4e]">&gt;&gt;</a>&nbsp;&nbsp;&nbsp;_call_atexit_fns (Weak Reference)
</UL>
<BR>[Called By]<UL><LI><a href="#[38]">&gt;&gt;</a>&nbsp;&nbsp;&nbsp;__rt_entry_main
</UL>

<P><STRONG><a name="[cd]"></a>__user_libspace</STRONG> (Thumb, 8 bytes, Stack size 0 bytes, libspace.o(.text), UNUSED)

<P><STRONG><a name="[4c]"></a>__user_perproc_libspace</STRONG> (Thumb, 0 bytes, Stack size 0 bytes, libspace.o(.text))
<BR><BR>[Called By]<UL><LI><a href="#[35]">&gt;&gt;</a>&nbsp;&nbsp;&nbsp;__user_setup_stackheap
</UL>

<P><STRONG><a name="[ce]"></a>__user_perthread_libspace</STRONG> (Thumb, 0 bytes, Stack size 0 bytes, libspace.o(.text), UNUSED)

<P><STRONG><a name="[3e]"></a>_sys_exit</STRONG> (Thumb, 8 bytes, Stack size 0 bytes, sys_exit.o(.text))
<BR><BR>[Called By]<UL><LI><a href="#[3d]">&gt;&gt;</a>&nbsp;&nbsp;&nbsp;__rt_exit_exit
</UL>

<P><STRONG><a name="[cf]"></a>__I$use$semihosting</STRONG> (Thumb, 0 bytes, Stack size 0 bytes, use_no_semi.o(.text), UNUSED)

<P><STRONG><a name="[d0]"></a>__use_no_semihosting_swi</STRONG> (Thumb, 2 bytes, Stack size 0 bytes, use_no_semi.o(.text), UNUSED)

<P><STRONG><a name="[50]"></a>LED1_Open</STRONG> (Thumb, 10 bytes, Stack size 8 bytes, usr_led.o(i.LED1_Open))
<BR><BR>[Stack]<UL><LI>Max Depth = 8<LI>Call Chain = LED1_Open
</UL>
<BR>[Calls]<UL><LI><a href="#[51]">&gt;&gt;</a>&nbsp;&nbsp;&nbsp;nrf_gpio_pin_clear
</UL>
<BR>[Called By]<UL><LI><a href="#[5b]">&gt;&gt;</a>&nbsp;&nbsp;&nbsp;LED_Init
</UL>

<P><STRONG><a name="[d1]"></a>__semihosting_library_function</STRONG> (Thumb, 0 bytes, Stack size 8 bytes, indicate_semi.o(.text), UNUSED)

<P><STRONG><a name="[52]"></a>LED1_Toggle</STRONG> (Thumb, 10 bytes, Stack size 8 bytes, usr_led.o(i.LED1_Toggle))
<BR><BR>[Stack]<UL><LI>Max Depth = 16<LI>Call Chain = LED1_Toggle &rArr; nrf_gpio_pin_toggle
</UL>
<BR>[Calls]<UL><LI><a href="#[53]">&gt;&gt;</a>&nbsp;&nbsp;&nbsp;nrf_gpio_pin_toggle
</UL>
<BR>[Called By]<UL><LI><a href="#[39]">&gt;&gt;</a>&nbsp;&nbsp;&nbsp;main
</UL>

<P><STRONG><a name="[54]"></a>LED2_Close</STRONG> (Thumb, 10 bytes, Stack size 8 bytes, usr_led.o(i.LED2_Close))
<BR><BR>[Stack]<UL><LI>Max Depth = 8<LI>Call Chain = LED2_Close
</UL>
<BR>[Calls]<UL><LI><a href="#[55]">&gt;&gt;</a>&nbsp;&nbsp;&nbsp;nrf_gpio_pin_set
</UL>
<BR>[Called By]<UL><LI><a href="#[5b]">&gt;&gt;</a>&nbsp;&nbsp;&nbsp;LED_Init
</UL>

<P><STRONG><a name="[56]"></a>LED2_Toggle</STRONG> (Thumb, 10 bytes, Stack size 8 bytes, usr_led.o(i.LED2_Toggle))
<BR><BR>[Stack]<UL><LI>Max Depth = 16<LI>Call Chain = LED2_Toggle &rArr; nrf_gpio_pin_toggle
</UL>
<BR>[Calls]<UL><LI><a href="#[53]">&gt;&gt;</a>&nbsp;&nbsp;&nbsp;nrf_gpio_pin_toggle
</UL>
<BR>[Called By]<UL><LI><a href="#[39]">&gt;&gt;</a>&nbsp;&nbsp;&nbsp;main
</UL>

<P><STRONG><a name="[57]"></a>LED3_Open</STRONG> (Thumb, 10 bytes, Stack size 8 bytes, usr_led.o(i.LED3_Open))
<BR><BR>[Stack]<UL><LI>Max Depth = 8<LI>Call Chain = LED3_Open
</UL>
<BR>[Calls]<UL><LI><a href="#[51]">&gt;&gt;</a>&nbsp;&nbsp;&nbsp;nrf_gpio_pin_clear
</UL>
<BR>[Called By]<UL><LI><a href="#[5b]">&gt;&gt;</a>&nbsp;&nbsp;&nbsp;LED_Init
</UL>

<P><STRONG><a name="[58]"></a>LED3_Toggle</STRONG> (Thumb, 10 bytes, Stack size 8 bytes, usr_led.o(i.LED3_Toggle))
<BR><BR>[Stack]<UL><LI>Max Depth = 16<LI>Call Chain = LED3_Toggle &rArr; nrf_gpio_pin_toggle
</UL>
<BR>[Calls]<UL><LI><a href="#[53]">&gt;&gt;</a>&nbsp;&nbsp;&nbsp;nrf_gpio_pin_toggle
</UL>
<BR>[Called By]<UL><LI><a href="#[39]">&gt;&gt;</a>&nbsp;&nbsp;&nbsp;main
</UL>

<P><STRONG><a name="[59]"></a>LED4_Close</STRONG> (Thumb, 10 bytes, Stack size 8 bytes, usr_led.o(i.LED4_Close))
<BR><BR>[Stack]<UL><LI>Max Depth = 8<LI>Call Chain = LED4_Close
</UL>
<BR>[Calls]<UL><LI><a href="#[55]">&gt;&gt;</a>&nbsp;&nbsp;&nbsp;nrf_gpio_pin_set
</UL>
<BR>[Called By]<UL><LI><a href="#[5b]">&gt;&gt;</a>&nbsp;&nbsp;&nbsp;LED_Init
</UL>

<P><STRONG><a name="[5a]"></a>LED4_Toggle</STRONG> (Thumb, 10 bytes, Stack size 8 bytes, usr_led.o(i.LED4_Toggle))
<BR><BR>[Stack]<UL><LI>Max Depth = 16<LI>Call Chain = LED4_Toggle &rArr; nrf_gpio_pin_toggle
</UL>
<BR>[Calls]<UL><LI><a href="#[53]">&gt;&gt;</a>&nbsp;&nbsp;&nbsp;nrf_gpio_pin_toggle
</UL>
<BR>[Called By]<UL><LI><a href="#[39]">&gt;&gt;</a>&nbsp;&nbsp;&nbsp;main
</UL>

<P><STRONG><a name="[5b]"></a>LED_Init</STRONG> (Thumb, 56 bytes, Stack size 8 bytes, usr_led.o(i.LED_Init))
<BR><BR>[Stack]<UL><LI>Max Depth = 40<LI>Call Chain = LED_Init &rArr; nrf_gpio_cfg_output
</UL>
<BR>[Calls]<UL><LI><a href="#[59]">&gt;&gt;</a>&nbsp;&nbsp;&nbsp;LED4_Close
<LI><a href="#[57]">&gt;&gt;</a>&nbsp;&nbsp;&nbsp;LED3_Open
<LI><a href="#[54]">&gt;&gt;</a>&nbsp;&nbsp;&nbsp;LED2_Close
<LI><a href="#[50]">&gt;&gt;</a>&nbsp;&nbsp;&nbsp;LED1_Open
<LI><a href="#[5c]">&gt;&gt;</a>&nbsp;&nbsp;&nbsp;nrf_gpio_cfg_output
</UL>
<BR>[Called By]<UL><LI><a href="#[68]">&gt;&gt;</a>&nbsp;&nbsp;&nbsp;Usr_InitSetup
</UL>

<P><STRONG><a name="[60]"></a>SystemCoreClockUpdate</STRONG> (Thumb, 8 bytes, Stack size 0 bytes, system_nrf51.o(i.SystemCoreClockUpdate))
<BR><BR>[Called By]<UL><LI><a href="#[23]">&gt;&gt;</a>&nbsp;&nbsp;&nbsp;SystemInit
</UL>

<P><STRONG><a name="[23]"></a>SystemInit</STRONG> (Thumb, 80 bytes, Stack size 8 bytes, system_nrf51.o(i.SystemInit))
<BR><BR>[Stack]<UL><LI>Max Depth = 8<LI>Call Chain = SystemInit
</UL>
<BR>[Calls]<UL><LI><a href="#[5f]">&gt;&gt;</a>&nbsp;&nbsp;&nbsp;nrf51_errata_76
<LI><a href="#[5e]">&gt;&gt;</a>&nbsp;&nbsp;&nbsp;nrf51_errata_59
<LI><a href="#[5d]">&gt;&gt;</a>&nbsp;&nbsp;&nbsp;nrf51_errata_26
<LI><a href="#[60]">&gt;&gt;</a>&nbsp;&nbsp;&nbsp;SystemCoreClockUpdate
</UL>
<BR>[Address Reference Count : 1]<UL><LI> arm_startup_nrf51.o(.text)
</UL>
<P><STRONG><a name="[11]"></a>TIMER0_IRQHandler</STRONG> (Thumb, 14 bytes, Stack size 8 bytes, nrf_drv_timer.o(i.TIMER0_IRQHandler))
<BR><BR>[Stack]<UL><LI>Max Depth = 48<LI>Call Chain = TIMER0_IRQHandler &rArr; irq_handler
</UL>
<BR>[Calls]<UL><LI><a href="#[61]">&gt;&gt;</a>&nbsp;&nbsp;&nbsp;irq_handler
</UL>
<BR>[Address Reference Count : 1]<UL><LI> arm_startup_nrf51.o(RESET)
</UL>
<P><STRONG><a name="[27]"></a>Timer0_Handler</STRONG> (Thumb, 54 bytes, Stack size 16 bytes, usr_timer.o(i.Timer0_Handler))
<BR><BR>[Stack]<UL><LI>Max Depth = 40<LI>Call Chain = Timer0_Handler &rArr; Usr_Dbg_IO &rArr; nrf_gpio_pin_toggle
</UL>
<BR>[Calls]<UL><LI><a href="#[62]">&gt;&gt;</a>&nbsp;&nbsp;&nbsp;Usr_Dbg_IO
</UL>
<BR>[Address Reference Count : 1]<UL><LI> usr_timer.o(i.Usr_Timer_InitSetup)
</UL>
<P><STRONG><a name="[c]"></a>UART0_IRQHandler</STRONG> (Thumb, 12 bytes, Stack size 8 bytes, nrf_drv_uart.o(i.UART0_IRQHandler))
<BR><BR>[Stack]<UL><LI>Max Depth = 80<LI>Call Chain = UART0_IRQHandler &rArr; uart_irq_handler &rArr; tx_done_event
</UL>
<BR>[Calls]<UL><LI><a href="#[63]">&gt;&gt;</a>&nbsp;&nbsp;&nbsp;uart_irq_handler
</UL>
<BR>[Address Reference Count : 1]<UL><LI> arm_startup_nrf51.o(RESET)
</UL>
<P><STRONG><a name="[62]"></a>Usr_Dbg_IO</STRONG> (Thumb, 86 bytes, Stack size 16 bytes, usr_led.o(i.Usr_Dbg_IO))
<BR><BR>[Stack]<UL><LI>Max Depth = 24<LI>Call Chain = Usr_Dbg_IO &rArr; nrf_gpio_pin_toggle
</UL>
<BR>[Calls]<UL><LI><a href="#[53]">&gt;&gt;</a>&nbsp;&nbsp;&nbsp;nrf_gpio_pin_toggle
<LI><a href="#[55]">&gt;&gt;</a>&nbsp;&nbsp;&nbsp;nrf_gpio_pin_set
<LI><a href="#[51]">&gt;&gt;</a>&nbsp;&nbsp;&nbsp;nrf_gpio_pin_clear
</UL>
<BR>[Called By]<UL><LI><a href="#[27]">&gt;&gt;</a>&nbsp;&nbsp;&nbsp;Timer0_Handler
</UL>

<P><STRONG><a name="[64]"></a>Usr_I2C_InitSetup</STRONG> (Thumb, 8 bytes, Stack size 8 bytes, usr_i2c.o(i.Usr_I2C_InitSetup))
<BR><BR>[Stack]<UL><LI>Max Depth = 40<LI>Call Chain = Usr_I2C_InitSetup &rArr; twi_master_init &rArr; twi_master_clear_bus
</UL>
<BR>[Calls]<UL><LI><a href="#[65]">&gt;&gt;</a>&nbsp;&nbsp;&nbsp;twi_master_init
</UL>
<BR>[Called By]<UL><LI><a href="#[68]">&gt;&gt;</a>&nbsp;&nbsp;&nbsp;Usr_InitSetup
</UL>

<P><STRONG><a name="[66]"></a>Usr_I2C_MainLoop</STRONG> (Thumb, 124 bytes, Stack size 24 bytes, usr_i2c.o(i.Usr_I2C_MainLoop))
<BR><BR>[Stack]<UL><LI>Max Depth = 160 + Unknown Stack Size
<LI>Call Chain = Usr_I2C_MainLoop &rArr; __2printf &rArr; _printf_char_file &rArr; _printf_char_common &rArr; __printf
</UL>
<BR>[Calls]<UL><LI><a href="#[67]">&gt;&gt;</a>&nbsp;&nbsp;&nbsp;twi_master_transfer
<LI><a href="#[3f]">&gt;&gt;</a>&nbsp;&nbsp;&nbsp;__2printf
</UL>
<BR>[Called By]<UL><LI><a href="#[39]">&gt;&gt;</a>&nbsp;&nbsp;&nbsp;main
</UL>

<P><STRONG><a name="[68]"></a>Usr_InitSetup</STRONG> (Thumb, 20 bytes, Stack size 8 bytes, usr_code.o(i.Usr_InitSetup))
<BR><BR>[Stack]<UL><LI>Max Depth = 232<LI>Call Chain = Usr_InitSetup &rArr; Usr_UartInit &rArr; app_uart_init &rArr; nrf_drv_uart_rx &rArr; nrf_drv_uart_rx_for_uart &rArr; rx_byte
</UL>
<BR>[Calls]<UL><LI><a href="#[69]">&gt;&gt;</a>&nbsp;&nbsp;&nbsp;Usr_UartInit
<LI><a href="#[6a]">&gt;&gt;</a>&nbsp;&nbsp;&nbsp;Usr_Timer_InitSetup
<LI><a href="#[64]">&gt;&gt;</a>&nbsp;&nbsp;&nbsp;Usr_I2C_InitSetup
<LI><a href="#[5b]">&gt;&gt;</a>&nbsp;&nbsp;&nbsp;LED_Init
</UL>
<BR>[Called By]<UL><LI><a href="#[39]">&gt;&gt;</a>&nbsp;&nbsp;&nbsp;main
</UL>

<P><STRONG><a name="[6a]"></a>Usr_Timer_InitSetup</STRONG> (Thumb, 98 bytes, Stack size 24 bytes, usr_timer.o(i.Usr_Timer_InitSetup))
<BR><BR>[Stack]<UL><LI>Max Depth = 88<LI>Call Chain = Usr_Timer_InitSetup &rArr; nrf_drv_timer_init &rArr; nrf_drv_common_irq_enable &rArr; NVIC_SetPriority
</UL>
<BR>[Calls]<UL><LI><a href="#[6b]">&gt;&gt;</a>&nbsp;&nbsp;&nbsp;nrf_drv_timer_init
<LI><a href="#[6d]">&gt;&gt;</a>&nbsp;&nbsp;&nbsp;nrf_drv_timer_extended_compare
<LI><a href="#[6e]">&gt;&gt;</a>&nbsp;&nbsp;&nbsp;nrf_drv_timer_enable
<LI><a href="#[6c]">&gt;&gt;</a>&nbsp;&nbsp;&nbsp;app_error_handler_bare
</UL>
<BR>[Called By]<UL><LI><a href="#[68]">&gt;&gt;</a>&nbsp;&nbsp;&nbsp;Usr_InitSetup
</UL>

<P><STRONG><a name="[69]"></a>Usr_UartInit</STRONG> (Thumb, 76 bytes, Stack size 56 bytes, usr_uart.o(i.Usr_UartInit))
<BR><BR>[Stack]<UL><LI>Max Depth = 224<LI>Call Chain = Usr_UartInit &rArr; app_uart_init &rArr; nrf_drv_uart_rx &rArr; nrf_drv_uart_rx_for_uart &rArr; rx_byte
</UL>
<BR>[Calls]<UL><LI><a href="#[70]">&gt;&gt;</a>&nbsp;&nbsp;&nbsp;app_uart_init
<LI><a href="#[6c]">&gt;&gt;</a>&nbsp;&nbsp;&nbsp;app_error_handler_bare
<LI><a href="#[6f]">&gt;&gt;</a>&nbsp;&nbsp;&nbsp;__aeabi_memcpy4
</UL>
<BR>[Called By]<UL><LI><a href="#[68]">&gt;&gt;</a>&nbsp;&nbsp;&nbsp;Usr_InitSetup
</UL>

<P><STRONG><a name="[46]"></a>_is_digit</STRONG> (Thumb, 14 bytes, Stack size 0 bytes, __printf_wp.o(i._is_digit))
<BR><BR>[Called By]<UL><LI><a href="#[45]">&gt;&gt;</a>&nbsp;&nbsp;&nbsp;__printf
</UL>

<P><STRONG><a name="[71]"></a>app_error_fault_handler</STRONG> (Thumb, 48 bytes, Stack size 0 bytes, app_error_weak.o(i.app_error_fault_handler))
<BR><BR>[Called By]<UL><LI><a href="#[6c]">&gt;&gt;</a>&nbsp;&nbsp;&nbsp;app_error_handler_bare
</UL>

<P><STRONG><a name="[6c]"></a>app_error_handler_bare</STRONG> (Thumb, 26 bytes, Stack size 24 bytes, app_error.o(i.app_error_handler_bare))
<BR><BR>[Stack]<UL><LI>Max Depth = 24<LI>Call Chain = app_error_handler_bare
</UL>
<BR>[Calls]<UL><LI><a href="#[71]">&gt;&gt;</a>&nbsp;&nbsp;&nbsp;app_error_fault_handler
</UL>
<BR>[Called By]<UL><LI><a href="#[28]">&gt;&gt;</a>&nbsp;&nbsp;&nbsp;uart_error_handle
<LI><a href="#[77]">&gt;&gt;</a>&nbsp;&nbsp;&nbsp;app_uart_get
<LI><a href="#[69]">&gt;&gt;</a>&nbsp;&nbsp;&nbsp;Usr_UartInit
<LI><a href="#[6a]">&gt;&gt;</a>&nbsp;&nbsp;&nbsp;Usr_Timer_InitSetup
</UL>

<P><STRONG><a name="[72]"></a>app_fifo_get</STRONG> (Thumb, 32 bytes, Stack size 16 bytes, app_fifo.o(i.app_fifo_get))
<BR><BR>[Stack]<UL><LI>Max Depth = 40<LI>Call Chain = app_fifo_get &rArr; fifo_get &rArr; fifo_peek
</UL>
<BR>[Calls]<UL><LI><a href="#[73]">&gt;&gt;</a>&nbsp;&nbsp;&nbsp;fifo_length
<LI><a href="#[74]">&gt;&gt;</a>&nbsp;&nbsp;&nbsp;fifo_get
</UL>
<BR>[Called By]<UL><LI><a href="#[29]">&gt;&gt;</a>&nbsp;&nbsp;&nbsp;uart_event_handler
<LI><a href="#[7c]">&gt;&gt;</a>&nbsp;&nbsp;&nbsp;app_uart_put
<LI><a href="#[77]">&gt;&gt;</a>&nbsp;&nbsp;&nbsp;app_uart_get
</UL>

<P><STRONG><a name="[79]"></a>app_fifo_init</STRONG> (Thumb, 42 bytes, Stack size 0 bytes, app_fifo.o(i.app_fifo_init))
<BR><BR>[Called By]<UL><LI><a href="#[70]">&gt;&gt;</a>&nbsp;&nbsp;&nbsp;app_uart_init
</UL>

<P><STRONG><a name="[75]"></a>app_fifo_put</STRONG> (Thumb, 34 bytes, Stack size 16 bytes, app_fifo.o(i.app_fifo_put))
<BR><BR>[Stack]<UL><LI>Max Depth = 16<LI>Call Chain = app_fifo_put
</UL>
<BR>[Calls]<UL><LI><a href="#[76]">&gt;&gt;</a>&nbsp;&nbsp;&nbsp;fifo_put
<LI><a href="#[73]">&gt;&gt;</a>&nbsp;&nbsp;&nbsp;fifo_length
</UL>
<BR>[Called By]<UL><LI><a href="#[29]">&gt;&gt;</a>&nbsp;&nbsp;&nbsp;uart_event_handler
<LI><a href="#[7c]">&gt;&gt;</a>&nbsp;&nbsp;&nbsp;app_uart_put
</UL>

<P><STRONG><a name="[77]"></a>app_uart_get</STRONG> (Thumb, 66 bytes, Stack size 24 bytes, app_uart_fifo.o(i.app_uart_get))
<BR><BR>[Stack]<UL><LI>Max Depth = 120<LI>Call Chain = app_uart_get &rArr; nrf_drv_uart_rx &rArr; nrf_drv_uart_rx_for_uart &rArr; rx_byte
</UL>
<BR>[Calls]<UL><LI><a href="#[72]">&gt;&gt;</a>&nbsp;&nbsp;&nbsp;app_fifo_get
<LI><a href="#[78]">&gt;&gt;</a>&nbsp;&nbsp;&nbsp;nrf_drv_uart_rx
<LI><a href="#[6c]">&gt;&gt;</a>&nbsp;&nbsp;&nbsp;app_error_handler_bare
</UL>
<BR>[Called By]<UL><LI><a href="#[39]">&gt;&gt;</a>&nbsp;&nbsp;&nbsp;main
</UL>

<P><STRONG><a name="[70]"></a>app_uart_init</STRONG> (Thumb, 204 bytes, Stack size 72 bytes, app_uart_fifo.o(i.app_uart_init))
<BR><BR>[Stack]<UL><LI>Max Depth = 168<LI>Call Chain = app_uart_init &rArr; nrf_drv_uart_rx &rArr; nrf_drv_uart_rx_for_uart &rArr; rx_byte
</UL>
<BR>[Calls]<UL><LI><a href="#[79]">&gt;&gt;</a>&nbsp;&nbsp;&nbsp;app_fifo_init
<LI><a href="#[7b]">&gt;&gt;</a>&nbsp;&nbsp;&nbsp;nrf_drv_uart_rx_enable
<LI><a href="#[78]">&gt;&gt;</a>&nbsp;&nbsp;&nbsp;nrf_drv_uart_rx
<LI><a href="#[7a]">&gt;&gt;</a>&nbsp;&nbsp;&nbsp;nrf_drv_uart_init
<LI><a href="#[6f]">&gt;&gt;</a>&nbsp;&nbsp;&nbsp;__aeabi_memcpy4
</UL>
<BR>[Called By]<UL><LI><a href="#[69]">&gt;&gt;</a>&nbsp;&nbsp;&nbsp;Usr_UartInit
</UL>

<P><STRONG><a name="[7c]"></a>app_uart_put</STRONG> (Thumb, 56 bytes, Stack size 16 bytes, app_uart_fifo.o(i.app_uart_put))
<BR><BR>[Stack]<UL><LI>Max Depth = 72<LI>Call Chain = app_uart_put &rArr; nrf_drv_uart_tx &rArr; nrf_drv_uart_tx_for_uart &rArr; tx_byte
</UL>
<BR>[Calls]<UL><LI><a href="#[75]">&gt;&gt;</a>&nbsp;&nbsp;&nbsp;app_fifo_put
<LI><a href="#[72]">&gt;&gt;</a>&nbsp;&nbsp;&nbsp;app_fifo_get
<LI><a href="#[7d]">&gt;&gt;</a>&nbsp;&nbsp;&nbsp;nrf_drv_uart_tx_in_progress
<LI><a href="#[7e]">&gt;&gt;</a>&nbsp;&nbsp;&nbsp;nrf_drv_uart_tx
</UL>
<BR>[Called By]<UL><LI><a href="#[39]">&gt;&gt;</a>&nbsp;&nbsp;&nbsp;main
<LI><a href="#[25]">&gt;&gt;</a>&nbsp;&nbsp;&nbsp;fputc
</UL>

<P><STRONG><a name="[25]"></a>fputc</STRONG> (Thumb, 16 bytes, Stack size 16 bytes, retarget.o(i.fputc))
<BR><BR>[Stack]<UL><LI>Max Depth = 88<LI>Call Chain = fputc &rArr; app_uart_put &rArr; nrf_drv_uart_tx &rArr; nrf_drv_uart_tx_for_uart &rArr; tx_byte
</UL>
<BR>[Calls]<UL><LI><a href="#[7c]">&gt;&gt;</a>&nbsp;&nbsp;&nbsp;app_uart_put
</UL>
<BR>[Address Reference Count : 1]<UL><LI> _printf_char_file.o(.text)
</UL>
<P><STRONG><a name="[39]"></a>main</STRONG> (Thumb, 118 bytes, Stack size 8 bytes, usr_code.o(i.main))
<BR><BR>[Stack]<UL><LI>Max Depth = 240 + Unknown Stack Size
<LI>Call Chain = main &rArr; Usr_InitSetup &rArr; Usr_UartInit &rArr; app_uart_init &rArr; nrf_drv_uart_rx &rArr; nrf_drv_uart_rx_for_uart &rArr; rx_byte
</UL>
<BR>[Calls]<UL><LI><a href="#[7c]">&gt;&gt;</a>&nbsp;&nbsp;&nbsp;app_uart_put
<LI><a href="#[77]">&gt;&gt;</a>&nbsp;&nbsp;&nbsp;app_uart_get
<LI><a href="#[66]">&gt;&gt;</a>&nbsp;&nbsp;&nbsp;Usr_I2C_MainLoop
<LI><a href="#[5a]">&gt;&gt;</a>&nbsp;&nbsp;&nbsp;LED4_Toggle
<LI><a href="#[58]">&gt;&gt;</a>&nbsp;&nbsp;&nbsp;LED3_Toggle
<LI><a href="#[56]">&gt;&gt;</a>&nbsp;&nbsp;&nbsp;LED2_Toggle
<LI><a href="#[52]">&gt;&gt;</a>&nbsp;&nbsp;&nbsp;LED1_Toggle
<LI><a href="#[68]">&gt;&gt;</a>&nbsp;&nbsp;&nbsp;Usr_InitSetup
<LI><a href="#[3f]">&gt;&gt;</a>&nbsp;&nbsp;&nbsp;__2printf
</UL>
<BR>[Called By]<UL><LI><a href="#[38]">&gt;&gt;</a>&nbsp;&nbsp;&nbsp;__rt_entry_main
</UL>

<P><STRONG><a name="[89]"></a>nrf_drv_common_irq_enable</STRONG> (Thumb, 48 bytes, Stack size 16 bytes, nrf_drv_common_1.o(i.nrf_drv_common_irq_enable))
<BR><BR>[Stack]<UL><LI>Max Depth = 24<LI>Call Chain = nrf_drv_common_irq_enable &rArr; NVIC_SetPriority
</UL>
<BR>[Calls]<UL><LI><a href="#[8a]">&gt;&gt;</a>&nbsp;&nbsp;&nbsp;NVIC_SetPriority
</UL>
<BR>[Called By]<UL><LI><a href="#[7a]">&gt;&gt;</a>&nbsp;&nbsp;&nbsp;nrf_drv_uart_init
<LI><a href="#[6b]">&gt;&gt;</a>&nbsp;&nbsp;&nbsp;nrf_drv_timer_init
</UL>

<P><STRONG><a name="[8b]"></a>nrf_drv_timer_compare</STRONG> (Thumb, 56 bytes, Stack size 24 bytes, nrf_drv_timer.o(i.nrf_drv_timer_compare))
<BR><BR>[Stack]<UL><LI>Max Depth = 24<LI>Call Chain = nrf_drv_timer_compare
</UL>
<BR>[Calls]<UL><LI><a href="#[8c]">&gt;&gt;</a>&nbsp;&nbsp;&nbsp;nrf_timer_int_enable
<LI><a href="#[8d]">&gt;&gt;</a>&nbsp;&nbsp;&nbsp;nrf_timer_int_disable
<LI><a href="#[87]">&gt;&gt;</a>&nbsp;&nbsp;&nbsp;nrf_timer_compare_int_get
</UL>
<BR>[Called By]<UL><LI><a href="#[6d]">&gt;&gt;</a>&nbsp;&nbsp;&nbsp;nrf_drv_timer_extended_compare
</UL>

<P><STRONG><a name="[6e]"></a>nrf_drv_timer_enable</STRONG> (Thumb, 28 bytes, Stack size 8 bytes, nrf_drv_timer.o(i.nrf_drv_timer_enable))
<BR><BR>[Stack]<UL><LI>Max Depth = 8<LI>Call Chain = nrf_drv_timer_enable
</UL>
<BR>[Calls]<UL><LI><a href="#[8e]">&gt;&gt;</a>&nbsp;&nbsp;&nbsp;nrf_timer_task_trigger
</UL>
<BR>[Called By]<UL><LI><a href="#[6a]">&gt;&gt;</a>&nbsp;&nbsp;&nbsp;Usr_Timer_InitSetup
</UL>

<P><STRONG><a name="[6d]"></a>nrf_drv_timer_extended_compare</STRONG> (Thumb, 62 bytes, Stack size 24 bytes, nrf_drv_timer.o(i.nrf_drv_timer_extended_compare))
<BR><BR>[Stack]<UL><LI>Max Depth = 48<LI>Call Chain = nrf_drv_timer_extended_compare &rArr; nrf_drv_timer_compare
</UL>
<BR>[Calls]<UL><LI><a href="#[8b]">&gt;&gt;</a>&nbsp;&nbsp;&nbsp;nrf_drv_timer_compare
<LI><a href="#[8f]">&gt;&gt;</a>&nbsp;&nbsp;&nbsp;nrf_timer_shorts_disable
</UL>
<BR>[Called By]<UL><LI><a href="#[6a]">&gt;&gt;</a>&nbsp;&nbsp;&nbsp;Usr_Timer_InitSetup
</UL>

<P><STRONG><a name="[6b]"></a>nrf_drv_timer_init</STRONG> (Thumb, 210 bytes, Stack size 40 bytes, nrf_drv_timer.o(i.nrf_drv_timer_init))
<BR><BR>[Stack]<UL><LI>Max Depth = 64<LI>Call Chain = nrf_drv_timer_init &rArr; nrf_drv_common_irq_enable &rArr; NVIC_SetPriority
</UL>
<BR>[Calls]<UL><LI><a href="#[89]">&gt;&gt;</a>&nbsp;&nbsp;&nbsp;nrf_drv_common_irq_enable
<LI><a href="#[88]">&gt;&gt;</a>&nbsp;&nbsp;&nbsp;nrf_timer_event_clear
<LI><a href="#[86]">&gt;&gt;</a>&nbsp;&nbsp;&nbsp;nrf_timer_compare_event_get
<LI><a href="#[90]">&gt;&gt;</a>&nbsp;&nbsp;&nbsp;nrf_drv_get_IRQn
</UL>
<BR>[Called By]<UL><LI><a href="#[6a]">&gt;&gt;</a>&nbsp;&nbsp;&nbsp;Usr_Timer_InitSetup
</UL>

<P><STRONG><a name="[7a]"></a>nrf_drv_uart_init</STRONG> (Thumb, 144 bytes, Stack size 32 bytes, nrf_drv_uart.o(i.nrf_drv_uart_init))
<BR><BR>[Stack]<UL><LI>Max Depth = 92<LI>Call Chain = nrf_drv_uart_init &rArr; apply_config &rArr; nrf_gpio_cfg_input &rArr; nrf_gpio_cfg
</UL>
<BR>[Calls]<UL><LI><a href="#[92]">&gt;&gt;</a>&nbsp;&nbsp;&nbsp;nrf_uart_int_enable
<LI><a href="#[91]">&gt;&gt;</a>&nbsp;&nbsp;&nbsp;nrf_uart_event_clear
<LI><a href="#[93]">&gt;&gt;</a>&nbsp;&nbsp;&nbsp;nrf_drv_get_IRQn
<LI><a href="#[7f]">&gt;&gt;</a>&nbsp;&nbsp;&nbsp;apply_config
<LI><a href="#[89]">&gt;&gt;</a>&nbsp;&nbsp;&nbsp;nrf_drv_common_irq_enable
</UL>
<BR>[Called By]<UL><LI><a href="#[70]">&gt;&gt;</a>&nbsp;&nbsp;&nbsp;app_uart_init
</UL>

<P><STRONG><a name="[78]"></a>nrf_drv_uart_rx</STRONG> (Thumb, 112 bytes, Stack size 32 bytes, nrf_drv_uart.o(i.nrf_drv_uart_rx))
<BR><BR>[Stack]<UL><LI>Max Depth = 96<LI>Call Chain = nrf_drv_uart_rx &rArr; nrf_drv_uart_rx_for_uart &rArr; rx_byte
</UL>
<BR>[Calls]<UL><LI><a href="#[92]">&gt;&gt;</a>&nbsp;&nbsp;&nbsp;nrf_uart_int_enable
<LI><a href="#[94]">&gt;&gt;</a>&nbsp;&nbsp;&nbsp;nrf_uart_int_disable
<LI><a href="#[95]">&gt;&gt;</a>&nbsp;&nbsp;&nbsp;nrf_drv_uart_rx_for_uart
</UL>
<BR>[Called By]<UL><LI><a href="#[29]">&gt;&gt;</a>&nbsp;&nbsp;&nbsp;uart_event_handler
<LI><a href="#[70]">&gt;&gt;</a>&nbsp;&nbsp;&nbsp;app_uart_init
<LI><a href="#[77]">&gt;&gt;</a>&nbsp;&nbsp;&nbsp;app_uart_get
</UL>

<P><STRONG><a name="[7b]"></a>nrf_drv_uart_rx_enable</STRONG> (Thumb, 42 bytes, Stack size 8 bytes, nrf_drv_uart.o(i.nrf_drv_uart_rx_enable))
<BR><BR>[Stack]<UL><LI>Max Depth = 16<LI>Call Chain = nrf_drv_uart_rx_enable &rArr; rx_enable
</UL>
<BR>[Calls]<UL><LI><a href="#[96]">&gt;&gt;</a>&nbsp;&nbsp;&nbsp;rx_enable
</UL>
<BR>[Called By]<UL><LI><a href="#[70]">&gt;&gt;</a>&nbsp;&nbsp;&nbsp;app_uart_init
</UL>

<P><STRONG><a name="[7e]"></a>nrf_drv_uart_tx</STRONG> (Thumb, 52 bytes, Stack size 24 bytes, nrf_drv_uart.o(i.nrf_drv_uart_tx))
<BR><BR>[Stack]<UL><LI>Max Depth = 56<LI>Call Chain = nrf_drv_uart_tx &rArr; nrf_drv_uart_tx_for_uart &rArr; tx_byte
</UL>
<BR>[Calls]<UL><LI><a href="#[7d]">&gt;&gt;</a>&nbsp;&nbsp;&nbsp;nrf_drv_uart_tx_in_progress
<LI><a href="#[9a]">&gt;&gt;</a>&nbsp;&nbsp;&nbsp;nrf_drv_uart_tx_for_uart
</UL>
<BR>[Called By]<UL><LI><a href="#[29]">&gt;&gt;</a>&nbsp;&nbsp;&nbsp;uart_event_handler
<LI><a href="#[7c]">&gt;&gt;</a>&nbsp;&nbsp;&nbsp;app_uart_put
</UL>

<P><STRONG><a name="[7d]"></a>nrf_drv_uart_tx_in_progress</STRONG> (Thumb, 26 bytes, Stack size 0 bytes, nrf_drv_uart.o(i.nrf_drv_uart_tx_in_progress))
<BR><BR>[Called By]<UL><LI><a href="#[7e]">&gt;&gt;</a>&nbsp;&nbsp;&nbsp;nrf_drv_uart_tx
<LI><a href="#[7c]">&gt;&gt;</a>&nbsp;&nbsp;&nbsp;app_uart_put
</UL>

<P><STRONG><a name="[65]"></a>twi_master_init</STRONG> (Thumb, 88 bytes, Stack size 8 bytes, twi_hw_master.o(i.twi_master_init))
<BR><BR>[Stack]<UL><LI>Max Depth = 32<LI>Call Chain = twi_master_init &rArr; twi_master_clear_bus
</UL>
<BR>[Calls]<UL><LI><a href="#[9d]">&gt;&gt;</a>&nbsp;&nbsp;&nbsp;twi_master_clear_bus
</UL>
<BR>[Called By]<UL><LI><a href="#[64]">&gt;&gt;</a>&nbsp;&nbsp;&nbsp;Usr_I2C_InitSetup
<LI><a href="#[a0]">&gt;&gt;</a>&nbsp;&nbsp;&nbsp;twi_master_write
<LI><a href="#[9f]">&gt;&gt;</a>&nbsp;&nbsp;&nbsp;twi_master_read
</UL>

<P><STRONG><a name="[67]"></a>twi_master_transfer</STRONG> (Thumb, 70 bytes, Stack size 24 bytes, twi_hw_master.o(i.twi_master_transfer))
<BR><BR>[Stack]<UL><LI>Max Depth = 80<LI>Call Chain = twi_master_transfer &rArr; twi_master_write &rArr; twi_master_init &rArr; twi_master_clear_bus
</UL>
<BR>[Calls]<UL><LI><a href="#[a0]">&gt;&gt;</a>&nbsp;&nbsp;&nbsp;twi_master_write
<LI><a href="#[9f]">&gt;&gt;</a>&nbsp;&nbsp;&nbsp;twi_master_read
<LI><a href="#[9d]">&gt;&gt;</a>&nbsp;&nbsp;&nbsp;twi_master_clear_bus
</UL>
<BR>[Called By]<UL><LI><a href="#[66]">&gt;&gt;</a>&nbsp;&nbsp;&nbsp;Usr_I2C_MainLoop
</UL>

<P><STRONG><a name="[28]"></a>uart_error_handle</STRONG> (Thumb, 38 bytes, Stack size 8 bytes, usr_uart.o(i.uart_error_handle))
<BR><BR>[Stack]<UL><LI>Max Depth = 32<LI>Call Chain = uart_error_handle &rArr; app_error_handler_bare
</UL>
<BR>[Calls]<UL><LI><a href="#[6c]">&gt;&gt;</a>&nbsp;&nbsp;&nbsp;app_error_handler_bare
</UL>
<BR>[Address Reference Count : 1]<UL><LI> usr_uart.o(i.Usr_UartInit)
</UL><P>
<H3>
Local Symbols
</H3>
<P><STRONG><a name="[5c]"></a>nrf_gpio_cfg_output</STRONG> (Thumb, 56 bytes, Stack size 32 bytes, usr_led.o(i.nrf_gpio_cfg_output))
<BR><BR>[Stack]<UL><LI>Max Depth = 32<LI>Call Chain = nrf_gpio_cfg_output
</UL>
<BR>[Called By]<UL><LI><a href="#[5b]">&gt;&gt;</a>&nbsp;&nbsp;&nbsp;LED_Init
</UL>

<P><STRONG><a name="[51]"></a>nrf_gpio_pin_clear</STRONG> (Thumb, 24 bytes, Stack size 0 bytes, usr_led.o(i.nrf_gpio_pin_clear))
<BR><BR>[Called By]<UL><LI><a href="#[62]">&gt;&gt;</a>&nbsp;&nbsp;&nbsp;Usr_Dbg_IO
<LI><a href="#[57]">&gt;&gt;</a>&nbsp;&nbsp;&nbsp;LED3_Open
<LI><a href="#[50]">&gt;&gt;</a>&nbsp;&nbsp;&nbsp;LED1_Open
</UL>

<P><STRONG><a name="[55]"></a>nrf_gpio_pin_set</STRONG> (Thumb, 24 bytes, Stack size 0 bytes, usr_led.o(i.nrf_gpio_pin_set))
<BR><BR>[Called By]<UL><LI><a href="#[62]">&gt;&gt;</a>&nbsp;&nbsp;&nbsp;Usr_Dbg_IO
<LI><a href="#[59]">&gt;&gt;</a>&nbsp;&nbsp;&nbsp;LED4_Close
<LI><a href="#[54]">&gt;&gt;</a>&nbsp;&nbsp;&nbsp;LED2_Close
</UL>

<P><STRONG><a name="[53]"></a>nrf_gpio_pin_toggle</STRONG> (Thumb, 46 bytes, Stack size 8 bytes, usr_led.o(i.nrf_gpio_pin_toggle))
<BR><BR>[Stack]<UL><LI>Max Depth = 8<LI>Call Chain = nrf_gpio_pin_toggle
</UL>
<BR>[Called By]<UL><LI><a href="#[62]">&gt;&gt;</a>&nbsp;&nbsp;&nbsp;Usr_Dbg_IO
<LI><a href="#[5a]">&gt;&gt;</a>&nbsp;&nbsp;&nbsp;LED4_Toggle
<LI><a href="#[58]">&gt;&gt;</a>&nbsp;&nbsp;&nbsp;LED3_Toggle
<LI><a href="#[56]">&gt;&gt;</a>&nbsp;&nbsp;&nbsp;LED2_Toggle
<LI><a href="#[52]">&gt;&gt;</a>&nbsp;&nbsp;&nbsp;LED1_Toggle
</UL>

<P><STRONG><a name="[8a]"></a>NVIC_SetPriority</STRONG> (Thumb, 110 bytes, Stack size 8 bytes, nrf_drv_common_1.o(i.NVIC_SetPriority))
<BR><BR>[Stack]<UL><LI>Max Depth = 8<LI>Call Chain = NVIC_SetPriority
</UL>
<BR>[Called By]<UL><LI><a href="#[89]">&gt;&gt;</a>&nbsp;&nbsp;&nbsp;nrf_drv_common_irq_enable
</UL>

<P><STRONG><a name="[7f]"></a>apply_config</STRONG> (Thumb, 140 bytes, Stack size 16 bytes, nrf_drv_uart.o(i.apply_config))
<BR><BR>[Stack]<UL><LI>Max Depth = 60<LI>Call Chain = apply_config &rArr; nrf_gpio_cfg_input &rArr; nrf_gpio_cfg
</UL>
<BR>[Calls]<UL><LI><a href="#[83]">&gt;&gt;</a>&nbsp;&nbsp;&nbsp;nrf_uart_txrx_pins_set
<LI><a href="#[84]">&gt;&gt;</a>&nbsp;&nbsp;&nbsp;nrf_uart_hwfc_pins_set
<LI><a href="#[80]">&gt;&gt;</a>&nbsp;&nbsp;&nbsp;nrf_gpio_pin_set
<LI><a href="#[81]">&gt;&gt;</a>&nbsp;&nbsp;&nbsp;nrf_gpio_cfg_output
<LI><a href="#[82]">&gt;&gt;</a>&nbsp;&nbsp;&nbsp;nrf_gpio_cfg_input
</UL>
<BR>[Called By]<UL><LI><a href="#[7a]">&gt;&gt;</a>&nbsp;&nbsp;&nbsp;nrf_drv_uart_init
</UL>

<P><STRONG><a name="[93]"></a>nrf_drv_get_IRQn</STRONG> (Thumb, 10 bytes, Stack size 0 bytes, nrf_drv_uart.o(i.nrf_drv_get_IRQn))
<BR><BR>[Called By]<UL><LI><a href="#[7a]">&gt;&gt;</a>&nbsp;&nbsp;&nbsp;nrf_drv_uart_init
</UL>

<P><STRONG><a name="[95]"></a>nrf_drv_uart_rx_for_uart</STRONG> (Thumb, 206 bytes, Stack size 48 bytes, nrf_drv_uart.o(i.nrf_drv_uart_rx_for_uart))
<BR><BR>[Stack]<UL><LI>Max Depth = 64<LI>Call Chain = nrf_drv_uart_rx_for_uart &rArr; rx_byte
</UL>
<BR>[Calls]<UL><LI><a href="#[96]">&gt;&gt;</a>&nbsp;&nbsp;&nbsp;rx_enable
<LI><a href="#[98]">&gt;&gt;</a>&nbsp;&nbsp;&nbsp;rx_byte
<LI><a href="#[99]">&gt;&gt;</a>&nbsp;&nbsp;&nbsp;nrf_uart_task_trigger
<LI><a href="#[92]">&gt;&gt;</a>&nbsp;&nbsp;&nbsp;nrf_uart_int_enable
<LI><a href="#[91]">&gt;&gt;</a>&nbsp;&nbsp;&nbsp;nrf_uart_event_clear
<LI><a href="#[97]">&gt;&gt;</a>&nbsp;&nbsp;&nbsp;nrf_uart_event_check
</UL>
<BR>[Called By]<UL><LI><a href="#[78]">&gt;&gt;</a>&nbsp;&nbsp;&nbsp;nrf_drv_uart_rx
</UL>

<P><STRONG><a name="[9a]"></a>nrf_drv_uart_tx_for_uart</STRONG> (Thumb, 148 bytes, Stack size 16 bytes, nrf_drv_uart.o(i.nrf_drv_uart_tx_for_uart))
<BR><BR>[Stack]<UL><LI>Max Depth = 32<LI>Call Chain = nrf_drv_uart_tx_for_uart &rArr; tx_byte
</UL>
<BR>[Calls]<UL><LI><a href="#[9b]">&gt;&gt;</a>&nbsp;&nbsp;&nbsp;tx_byte
<LI><a href="#[99]">&gt;&gt;</a>&nbsp;&nbsp;&nbsp;nrf_uart_task_trigger
<LI><a href="#[91]">&gt;&gt;</a>&nbsp;&nbsp;&nbsp;nrf_uart_event_clear
<LI><a href="#[97]">&gt;&gt;</a>&nbsp;&nbsp;&nbsp;nrf_uart_event_check
</UL>
<BR>[Called By]<UL><LI><a href="#[7e]">&gt;&gt;</a>&nbsp;&nbsp;&nbsp;nrf_drv_uart_tx
</UL>

<P><STRONG><a name="[9c]"></a>nrf_gpio_cfg</STRONG> (Thumb, 42 bytes, Stack size 20 bytes, nrf_drv_uart.o(i.nrf_gpio_cfg))
<BR><BR>[Stack]<UL><LI>Max Depth = 20<LI>Call Chain = nrf_gpio_cfg
</UL>
<BR>[Called By]<UL><LI><a href="#[81]">&gt;&gt;</a>&nbsp;&nbsp;&nbsp;nrf_gpio_cfg_output
<LI><a href="#[82]">&gt;&gt;</a>&nbsp;&nbsp;&nbsp;nrf_gpio_cfg_input
</UL>

<P><STRONG><a name="[82]"></a>nrf_gpio_cfg_input</STRONG> (Thumb, 26 bytes, Stack size 24 bytes, nrf_drv_uart.o(i.nrf_gpio_cfg_input))
<BR><BR>[Stack]<UL><LI>Max Depth = 44<LI>Call Chain = nrf_gpio_cfg_input &rArr; nrf_gpio_cfg
</UL>
<BR>[Calls]<UL><LI><a href="#[9c]">&gt;&gt;</a>&nbsp;&nbsp;&nbsp;nrf_gpio_cfg
</UL>
<BR>[Called By]<UL><LI><a href="#[7f]">&gt;&gt;</a>&nbsp;&nbsp;&nbsp;apply_config
</UL>

<P><STRONG><a name="[81]"></a>nrf_gpio_cfg_output</STRONG> (Thumb, 24 bytes, Stack size 16 bytes, nrf_drv_uart.o(i.nrf_gpio_cfg_output))
<BR><BR>[Stack]<UL><LI>Max Depth = 36<LI>Call Chain = nrf_gpio_cfg_output &rArr; nrf_gpio_cfg
</UL>
<BR>[Calls]<UL><LI><a href="#[9c]">&gt;&gt;</a>&nbsp;&nbsp;&nbsp;nrf_gpio_cfg
</UL>
<BR>[Called By]<UL><LI><a href="#[7f]">&gt;&gt;</a>&nbsp;&nbsp;&nbsp;apply_config
</UL>

<P><STRONG><a name="[80]"></a>nrf_gpio_pin_set</STRONG> (Thumb, 24 bytes, Stack size 0 bytes, nrf_drv_uart.o(i.nrf_gpio_pin_set))
<BR><BR>[Called By]<UL><LI><a href="#[7f]">&gt;&gt;</a>&nbsp;&nbsp;&nbsp;apply_config
</UL>

<P><STRONG><a name="[a3]"></a>nrf_uart_errorsrc_get_and_clear</STRONG> (Thumb, 20 bytes, Stack size 0 bytes, nrf_drv_uart.o(i.nrf_uart_errorsrc_get_and_clear))
<BR><BR>[Called By]<UL><LI><a href="#[63]">&gt;&gt;</a>&nbsp;&nbsp;&nbsp;uart_irq_handler
</UL>

<P><STRONG><a name="[97]"></a>nrf_uart_event_check</STRONG> (Thumb, 16 bytes, Stack size 0 bytes, nrf_drv_uart.o(i.nrf_uart_event_check))
<BR><BR>[Called By]<UL><LI><a href="#[63]">&gt;&gt;</a>&nbsp;&nbsp;&nbsp;uart_irq_handler
<LI><a href="#[9a]">&gt;&gt;</a>&nbsp;&nbsp;&nbsp;nrf_drv_uart_tx_for_uart
<LI><a href="#[95]">&gt;&gt;</a>&nbsp;&nbsp;&nbsp;nrf_drv_uart_rx_for_uart
</UL>

<P><STRONG><a name="[91]"></a>nrf_uart_event_clear</STRONG> (Thumb, 6 bytes, Stack size 0 bytes, nrf_drv_uart.o(i.nrf_uart_event_clear))
<BR><BR>[Called By]<UL><LI><a href="#[7a]">&gt;&gt;</a>&nbsp;&nbsp;&nbsp;nrf_drv_uart_init
<LI><a href="#[63]">&gt;&gt;</a>&nbsp;&nbsp;&nbsp;uart_irq_handler
<LI><a href="#[9b]">&gt;&gt;</a>&nbsp;&nbsp;&nbsp;tx_byte
<LI><a href="#[96]">&gt;&gt;</a>&nbsp;&nbsp;&nbsp;rx_enable
<LI><a href="#[98]">&gt;&gt;</a>&nbsp;&nbsp;&nbsp;rx_byte
<LI><a href="#[9a]">&gt;&gt;</a>&nbsp;&nbsp;&nbsp;nrf_drv_uart_tx_for_uart
<LI><a href="#[95]">&gt;&gt;</a>&nbsp;&nbsp;&nbsp;nrf_drv_uart_rx_for_uart
</UL>

<P><STRONG><a name="[84]"></a>nrf_uart_hwfc_pins_set</STRONG> (Thumb, 18 bytes, Stack size 0 bytes, nrf_drv_uart.o(i.nrf_uart_hwfc_pins_set))
<BR><BR>[Called By]<UL><LI><a href="#[7f]">&gt;&gt;</a>&nbsp;&nbsp;&nbsp;apply_config
</UL>

<P><STRONG><a name="[94]"></a>nrf_uart_int_disable</STRONG> (Thumb, 10 bytes, Stack size 0 bytes, nrf_drv_uart.o(i.nrf_uart_int_disable))
<BR><BR>[Called By]<UL><LI><a href="#[78]">&gt;&gt;</a>&nbsp;&nbsp;&nbsp;nrf_drv_uart_rx
<LI><a href="#[63]">&gt;&gt;</a>&nbsp;&nbsp;&nbsp;uart_irq_handler
</UL>

<P><STRONG><a name="[92]"></a>nrf_uart_int_enable</STRONG> (Thumb, 10 bytes, Stack size 0 bytes, nrf_drv_uart.o(i.nrf_uart_int_enable))
<BR><BR>[Called By]<UL><LI><a href="#[78]">&gt;&gt;</a>&nbsp;&nbsp;&nbsp;nrf_drv_uart_rx
<LI><a href="#[7a]">&gt;&gt;</a>&nbsp;&nbsp;&nbsp;nrf_drv_uart_init
<LI><a href="#[95]">&gt;&gt;</a>&nbsp;&nbsp;&nbsp;nrf_drv_uart_rx_for_uart
</UL>

<P><STRONG><a name="[a2]"></a>nrf_uart_int_enable_check</STRONG> (Thumb, 24 bytes, Stack size 0 bytes, nrf_drv_uart.o(i.nrf_uart_int_enable_check))
<BR><BR>[Called By]<UL><LI><a href="#[63]">&gt;&gt;</a>&nbsp;&nbsp;&nbsp;uart_irq_handler
</UL>

<P><STRONG><a name="[99]"></a>nrf_uart_task_trigger</STRONG> (Thumb, 6 bytes, Stack size 0 bytes, nrf_drv_uart.o(i.nrf_uart_task_trigger))
<BR><BR>[Called By]<UL><LI><a href="#[63]">&gt;&gt;</a>&nbsp;&nbsp;&nbsp;uart_irq_handler
<LI><a href="#[96]">&gt;&gt;</a>&nbsp;&nbsp;&nbsp;rx_enable
<LI><a href="#[9a]">&gt;&gt;</a>&nbsp;&nbsp;&nbsp;nrf_drv_uart_tx_for_uart
<LI><a href="#[95]">&gt;&gt;</a>&nbsp;&nbsp;&nbsp;nrf_drv_uart_rx_for_uart
</UL>

<P><STRONG><a name="[83]"></a>nrf_uart_txrx_pins_set</STRONG> (Thumb, 18 bytes, Stack size 0 bytes, nrf_drv_uart.o(i.nrf_uart_txrx_pins_set))
<BR><BR>[Called By]<UL><LI><a href="#[7f]">&gt;&gt;</a>&nbsp;&nbsp;&nbsp;apply_config
</UL>

<P><STRONG><a name="[98]"></a>rx_byte</STRONG> (Thumb, 72 bytes, Stack size 16 bytes, nrf_drv_uart.o(i.rx_byte))
<BR><BR>[Stack]<UL><LI>Max Depth = 16<LI>Call Chain = rx_byte
</UL>
<BR>[Calls]<UL><LI><a href="#[91]">&gt;&gt;</a>&nbsp;&nbsp;&nbsp;nrf_uart_event_clear
</UL>
<BR>[Called By]<UL><LI><a href="#[63]">&gt;&gt;</a>&nbsp;&nbsp;&nbsp;uart_irq_handler
<LI><a href="#[95]">&gt;&gt;</a>&nbsp;&nbsp;&nbsp;nrf_drv_uart_rx_for_uart
</UL>

<P><STRONG><a name="[a4]"></a>rx_done_event</STRONG> (Thumb, 28 bytes, Stack size 32 bytes, nrf_drv_uart.o(i.rx_done_event))
<BR><BR>[Stack]<UL><LI>Max Depth = 32<LI>Call Chain = rx_done_event
</UL>
<BR>[Called By]<UL><LI><a href="#[63]">&gt;&gt;</a>&nbsp;&nbsp;&nbsp;uart_irq_handler
</UL>

<P><STRONG><a name="[96]"></a>rx_enable</STRONG> (Thumb, 34 bytes, Stack size 8 bytes, nrf_drv_uart.o(i.rx_enable))
<BR><BR>[Stack]<UL><LI>Max Depth = 8<LI>Call Chain = rx_enable
</UL>
<BR>[Calls]<UL><LI><a href="#[99]">&gt;&gt;</a>&nbsp;&nbsp;&nbsp;nrf_uart_task_trigger
<LI><a href="#[91]">&gt;&gt;</a>&nbsp;&nbsp;&nbsp;nrf_uart_event_clear
</UL>
<BR>[Called By]<UL><LI><a href="#[7b]">&gt;&gt;</a>&nbsp;&nbsp;&nbsp;nrf_drv_uart_rx_enable
<LI><a href="#[95]">&gt;&gt;</a>&nbsp;&nbsp;&nbsp;nrf_drv_uart_rx_for_uart
</UL>

<P><STRONG><a name="[9b]"></a>tx_byte</STRONG> (Thumb, 42 bytes, Stack size 16 bytes, nrf_drv_uart.o(i.tx_byte))
<BR><BR>[Stack]<UL><LI>Max Depth = 16<LI>Call Chain = tx_byte
</UL>
<BR>[Calls]<UL><LI><a href="#[91]">&gt;&gt;</a>&nbsp;&nbsp;&nbsp;nrf_uart_event_clear
</UL>
<BR>[Called By]<UL><LI><a href="#[63]">&gt;&gt;</a>&nbsp;&nbsp;&nbsp;uart_irq_handler
<LI><a href="#[9a]">&gt;&gt;</a>&nbsp;&nbsp;&nbsp;nrf_drv_uart_tx_for_uart
</UL>

<P><STRONG><a name="[a5]"></a>tx_done_event</STRONG> (Thumb, 34 bytes, Stack size 32 bytes, nrf_drv_uart.o(i.tx_done_event))
<BR><BR>[Stack]<UL><LI>Max Depth = 32<LI>Call Chain = tx_done_event
</UL>
<BR>[Called By]<UL><LI><a href="#[63]">&gt;&gt;</a>&nbsp;&nbsp;&nbsp;uart_irq_handler
</UL>

<P><STRONG><a name="[63]"></a>uart_irq_handler</STRONG> (Thumb, 344 bytes, Stack size 40 bytes, nrf_drv_uart.o(i.uart_irq_handler))
<BR><BR>[Stack]<UL><LI>Max Depth = 72<LI>Call Chain = uart_irq_handler &rArr; tx_done_event
</UL>
<BR>[Calls]<UL><LI><a href="#[a5]">&gt;&gt;</a>&nbsp;&nbsp;&nbsp;tx_done_event
<LI><a href="#[9b]">&gt;&gt;</a>&nbsp;&nbsp;&nbsp;tx_byte
<LI><a href="#[a4]">&gt;&gt;</a>&nbsp;&nbsp;&nbsp;rx_done_event
<LI><a href="#[98]">&gt;&gt;</a>&nbsp;&nbsp;&nbsp;rx_byte
<LI><a href="#[99]">&gt;&gt;</a>&nbsp;&nbsp;&nbsp;nrf_uart_task_trigger
<LI><a href="#[a2]">&gt;&gt;</a>&nbsp;&nbsp;&nbsp;nrf_uart_int_enable_check
<LI><a href="#[94]">&gt;&gt;</a>&nbsp;&nbsp;&nbsp;nrf_uart_int_disable
<LI><a href="#[91]">&gt;&gt;</a>&nbsp;&nbsp;&nbsp;nrf_uart_event_clear
<LI><a href="#[97]">&gt;&gt;</a>&nbsp;&nbsp;&nbsp;nrf_uart_event_check
<LI><a href="#[a3]">&gt;&gt;</a>&nbsp;&nbsp;&nbsp;nrf_uart_errorsrc_get_and_clear
</UL>
<BR>[Called By]<UL><LI><a href="#[c]">&gt;&gt;</a>&nbsp;&nbsp;&nbsp;UART0_IRQHandler
</UL>

<P><STRONG><a name="[a1]"></a>fifo_length</STRONG> (Thumb, 10 bytes, Stack size 0 bytes, app_uart_fifo.o(i.fifo_length))
<BR><BR>[Called By]<UL><LI><a href="#[29]">&gt;&gt;</a>&nbsp;&nbsp;&nbsp;uart_event_handler
</UL>

<P><STRONG><a name="[29]"></a>uart_event_handler</STRONG> (Thumb, 190 bytes, Stack size 24 bytes, app_uart_fifo.o(i.uart_event_handler))
<BR><BR>[Stack]<UL><LI>Max Depth = 120<LI>Call Chain = uart_event_handler &rArr; nrf_drv_uart_rx &rArr; nrf_drv_uart_rx_for_uart &rArr; rx_byte
</UL>
<BR>[Calls]<UL><LI><a href="#[75]">&gt;&gt;</a>&nbsp;&nbsp;&nbsp;app_fifo_put
<LI><a href="#[72]">&gt;&gt;</a>&nbsp;&nbsp;&nbsp;app_fifo_get
<LI><a href="#[a1]">&gt;&gt;</a>&nbsp;&nbsp;&nbsp;fifo_length
<LI><a href="#[7e]">&gt;&gt;</a>&nbsp;&nbsp;&nbsp;nrf_drv_uart_tx
<LI><a href="#[78]">&gt;&gt;</a>&nbsp;&nbsp;&nbsp;nrf_drv_uart_rx
</UL>
<BR>[Address Reference Count : 1]<UL><LI> app_uart_fifo.o(i.app_uart_init)
</UL>
<P><STRONG><a name="[74]"></a>fifo_get</STRONG> (Thumb, 24 bytes, Stack size 16 bytes, app_fifo.o(i.fifo_get))
<BR><BR>[Stack]<UL><LI>Max Depth = 24<LI>Call Chain = fifo_get &rArr; fifo_peek
</UL>
<BR>[Calls]<UL><LI><a href="#[85]">&gt;&gt;</a>&nbsp;&nbsp;&nbsp;fifo_peek
</UL>
<BR>[Called By]<UL><LI><a href="#[72]">&gt;&gt;</a>&nbsp;&nbsp;&nbsp;app_fifo_get
</UL>

<P><STRONG><a name="[73]"></a>fifo_length</STRONG> (Thumb, 10 bytes, Stack size 0 bytes, app_fifo.o(i.fifo_length))
<BR><BR>[Called By]<UL><LI><a href="#[75]">&gt;&gt;</a>&nbsp;&nbsp;&nbsp;app_fifo_put
<LI><a href="#[72]">&gt;&gt;</a>&nbsp;&nbsp;&nbsp;app_fifo_get
</UL>

<P><STRONG><a name="[85]"></a>fifo_peek</STRONG> (Thumb, 18 bytes, Stack size 8 bytes, app_fifo.o(i.fifo_peek))
<BR><BR>[Stack]<UL><LI>Max Depth = 8<LI>Call Chain = fifo_peek
</UL>
<BR>[Called By]<UL><LI><a href="#[74]">&gt;&gt;</a>&nbsp;&nbsp;&nbsp;fifo_get
</UL>

<P><STRONG><a name="[76]"></a>fifo_put</STRONG> (Thumb, 18 bytes, Stack size 0 bytes, app_fifo.o(i.fifo_put))
<BR><BR>[Called By]<UL><LI><a href="#[75]">&gt;&gt;</a>&nbsp;&nbsp;&nbsp;app_fifo_put
</UL>

<P><STRONG><a name="[61]"></a>irq_handler</STRONG> (Thumb, 104 bytes, Stack size 40 bytes, nrf_drv_timer.o(i.irq_handler))
<BR><BR>[Stack]<UL><LI>Max Depth = 40<LI>Call Chain = irq_handler
</UL>
<BR>[Calls]<UL><LI><a href="#[88]">&gt;&gt;</a>&nbsp;&nbsp;&nbsp;nrf_timer_event_clear
<LI><a href="#[87]">&gt;&gt;</a>&nbsp;&nbsp;&nbsp;nrf_timer_compare_int_get
<LI><a href="#[86]">&gt;&gt;</a>&nbsp;&nbsp;&nbsp;nrf_timer_compare_event_get
</UL>
<BR>[Called By]<UL><LI><a href="#[11]">&gt;&gt;</a>&nbsp;&nbsp;&nbsp;TIMER0_IRQHandler
</UL>

<P><STRONG><a name="[90]"></a>nrf_drv_get_IRQn</STRONG> (Thumb, 10 bytes, Stack size 0 bytes, nrf_drv_timer.o(i.nrf_drv_get_IRQn))
<BR><BR>[Called By]<UL><LI><a href="#[6b]">&gt;&gt;</a>&nbsp;&nbsp;&nbsp;nrf_drv_timer_init
</UL>

<P><STRONG><a name="[86]"></a>nrf_timer_compare_event_get</STRONG> (Thumb, 12 bytes, Stack size 0 bytes, nrf_drv_timer.o(i.nrf_timer_compare_event_get))
<BR><BR>[Called By]<UL><LI><a href="#[6b]">&gt;&gt;</a>&nbsp;&nbsp;&nbsp;nrf_drv_timer_init
<LI><a href="#[61]">&gt;&gt;</a>&nbsp;&nbsp;&nbsp;irq_handler
</UL>

<P><STRONG><a name="[87]"></a>nrf_timer_compare_int_get</STRONG> (Thumb, 10 bytes, Stack size 0 bytes, nrf_drv_timer.o(i.nrf_timer_compare_int_get))
<BR><BR>[Called By]<UL><LI><a href="#[8b]">&gt;&gt;</a>&nbsp;&nbsp;&nbsp;nrf_drv_timer_compare
<LI><a href="#[61]">&gt;&gt;</a>&nbsp;&nbsp;&nbsp;irq_handler
</UL>

<P><STRONG><a name="[88]"></a>nrf_timer_event_clear</STRONG> (Thumb, 6 bytes, Stack size 0 bytes, nrf_drv_timer.o(i.nrf_timer_event_clear))
<BR><BR>[Called By]<UL><LI><a href="#[6b]">&gt;&gt;</a>&nbsp;&nbsp;&nbsp;nrf_drv_timer_init
<LI><a href="#[61]">&gt;&gt;</a>&nbsp;&nbsp;&nbsp;irq_handler
</UL>

<P><STRONG><a name="[8d]"></a>nrf_timer_int_disable</STRONG> (Thumb, 10 bytes, Stack size 0 bytes, nrf_drv_timer.o(i.nrf_timer_int_disable))
<BR><BR>[Called By]<UL><LI><a href="#[8b]">&gt;&gt;</a>&nbsp;&nbsp;&nbsp;nrf_drv_timer_compare
</UL>

<P><STRONG><a name="[8c]"></a>nrf_timer_int_enable</STRONG> (Thumb, 10 bytes, Stack size 0 bytes, nrf_drv_timer.o(i.nrf_timer_int_enable))
<BR><BR>[Called By]<UL><LI><a href="#[8b]">&gt;&gt;</a>&nbsp;&nbsp;&nbsp;nrf_drv_timer_compare
</UL>

<P><STRONG><a name="[8f]"></a>nrf_timer_shorts_disable</STRONG> (Thumb, 16 bytes, Stack size 0 bytes, nrf_drv_timer.o(i.nrf_timer_shorts_disable))
<BR><BR>[Called By]<UL><LI><a href="#[6d]">&gt;&gt;</a>&nbsp;&nbsp;&nbsp;nrf_drv_timer_extended_compare
</UL>

<P><STRONG><a name="[8e]"></a>nrf_timer_task_trigger</STRONG> (Thumb, 6 bytes, Stack size 0 bytes, nrf_drv_timer.o(i.nrf_timer_task_trigger))
<BR><BR>[Called By]<UL><LI><a href="#[6e]">&gt;&gt;</a>&nbsp;&nbsp;&nbsp;nrf_drv_timer_enable
</UL>

<P><STRONG><a name="[9e]"></a>nrf_delay_us</STRONG> (Thumb, 54 bytes, Stack size 0 bytes, twi_hw_master.o(i.nrf_delay_us))
<BR><BR>[Called By]<UL><LI><a href="#[a0]">&gt;&gt;</a>&nbsp;&nbsp;&nbsp;twi_master_write
<LI><a href="#[9f]">&gt;&gt;</a>&nbsp;&nbsp;&nbsp;twi_master_read
<LI><a href="#[9d]">&gt;&gt;</a>&nbsp;&nbsp;&nbsp;twi_master_clear_bus
</UL>

<P><STRONG><a name="[9d]"></a>twi_master_clear_bus</STRONG> (Thumb, 216 bytes, Stack size 24 bytes, twi_hw_master.o(i.twi_master_clear_bus))
<BR><BR>[Stack]<UL><LI>Max Depth = 24<LI>Call Chain = twi_master_clear_bus
</UL>
<BR>[Calls]<UL><LI><a href="#[9e]">&gt;&gt;</a>&nbsp;&nbsp;&nbsp;nrf_delay_us
</UL>
<BR>[Called By]<UL><LI><a href="#[67]">&gt;&gt;</a>&nbsp;&nbsp;&nbsp;twi_master_transfer
<LI><a href="#[65]">&gt;&gt;</a>&nbsp;&nbsp;&nbsp;twi_master_init
</UL>

<P><STRONG><a name="[9f]"></a>twi_master_read</STRONG> (Thumb, 248 bytes, Stack size 24 bytes, twi_hw_master.o(i.twi_master_read))
<BR><BR>[Stack]<UL><LI>Max Depth = 56<LI>Call Chain = twi_master_read &rArr; twi_master_init &rArr; twi_master_clear_bus
</UL>
<BR>[Calls]<UL><LI><a href="#[65]">&gt;&gt;</a>&nbsp;&nbsp;&nbsp;twi_master_init
<LI><a href="#[9e]">&gt;&gt;</a>&nbsp;&nbsp;&nbsp;nrf_delay_us
</UL>
<BR>[Called By]<UL><LI><a href="#[67]">&gt;&gt;</a>&nbsp;&nbsp;&nbsp;twi_master_transfer
</UL>

<P><STRONG><a name="[a0]"></a>twi_master_write</STRONG> (Thumb, 168 bytes, Stack size 24 bytes, twi_hw_master.o(i.twi_master_write))
<BR><BR>[Stack]<UL><LI>Max Depth = 56<LI>Call Chain = twi_master_write &rArr; twi_master_init &rArr; twi_master_clear_bus
</UL>
<BR>[Calls]<UL><LI><a href="#[65]">&gt;&gt;</a>&nbsp;&nbsp;&nbsp;twi_master_init
<LI><a href="#[9e]">&gt;&gt;</a>&nbsp;&nbsp;&nbsp;nrf_delay_us
</UL>
<BR>[Called By]<UL><LI><a href="#[67]">&gt;&gt;</a>&nbsp;&nbsp;&nbsp;twi_master_transfer
</UL>

<P><STRONG><a name="[5d]"></a>nrf51_errata_26</STRONG> (Thumb, 4 bytes, Stack size 0 bytes, system_nrf51.o(i.nrf51_errata_26))
<BR><BR>[Called By]<UL><LI><a href="#[23]">&gt;&gt;</a>&nbsp;&nbsp;&nbsp;SystemInit
</UL>

<P><STRONG><a name="[5e]"></a>nrf51_errata_59</STRONG> (Thumb, 4 bytes, Stack size 0 bytes, system_nrf51.o(i.nrf51_errata_59))
<BR><BR>[Called By]<UL><LI><a href="#[23]">&gt;&gt;</a>&nbsp;&nbsp;&nbsp;SystemInit
</UL>

<P><STRONG><a name="[5f]"></a>nrf51_errata_76</STRONG> (Thumb, 4 bytes, Stack size 0 bytes, system_nrf51.o(i.nrf51_errata_76))
<BR><BR>[Called By]<UL><LI><a href="#[23]">&gt;&gt;</a>&nbsp;&nbsp;&nbsp;SystemInit
</UL>

<P><STRONG><a name="[26]"></a>_printf_input_char</STRONG> (Thumb, 10 bytes, Stack size 0 bytes, _printf_char_common.o(.text))
<BR>[Address Reference Count : 1]<UL><LI> _printf_char_common.o(.text)
</UL><P>
<H3>
Undefined Global Symbols
</H3>
<P><STRONG><a name="[4e]"></a>_call_atexit_fns</STRONG> (ARM, 0 bytes, Stack size 0 bytes, UNDEFINED)
<BR><BR>[Called By]<UL><LI><a href="#[3a]">&gt;&gt;</a>&nbsp;&nbsp;&nbsp;exit
</UL>

<P><STRONG><a name="[41]"></a>_printf_truncate_signed</STRONG> (ARM, 0 bytes, Stack size 0 bytes, UNDEFINED)
<BR><BR>[Called By]<UL><LI><a href="#[31]">&gt;&gt;</a>&nbsp;&nbsp;&nbsp;_printf_int_dec
</UL>

<P><STRONG><a name="[42]"></a>_printf_truncate_unsigned</STRONG> (ARM, 0 bytes, Stack size 0 bytes, UNDEFINED)
<BR><BR>[Called By]<UL><LI><a href="#[33]">&gt;&gt;</a>&nbsp;&nbsp;&nbsp;_printf_int_hex
<LI><a href="#[31]">&gt;&gt;</a>&nbsp;&nbsp;&nbsp;_printf_int_dec
</UL>
<HR></body></html>
