Component: ARM Compiler 5.05 update 2 (build 169) Tool: armlink [4d0f33]

==============================================================================

Section Cross References

    usrcode.o(i.main) refers to usrled.o(i.LED_Init) for LED_Init
    usrcode.o(i.main) refers to usrcode.o(i.nrf_gpio_pin_clear) for nrf_gpio_pin_clear
    usrcode.o(i.main) refers to usrcode.o(i.nrf_gpio_pin_set) for nrf_gpio_pin_set
    usrcode.o(i.main) refers to usrcode.o(i.nrf_delay_ms) for nrf_delay_ms
    usrcode.o(i.nrf_delay_ms) refers to system_nrf51.o(.data) for SystemCoreClock
    usrled.o(i.LED1_Close) refers to usrled.o(i.nrf_gpio_pin_set) for nrf_gpio_pin_set
    usrled.o(i.LED1_Open) refers to usrled.o(i.nrf_gpio_pin_clear) for nrf_gpio_pin_clear
    usrled.o(i.LED1_Toggle) refers to usrled.o(i.nrf_gpio_pin_toggle) for nrf_gpio_pin_toggle
    usrled.o(i.LED2_Close) refers to usrled.o(i.nrf_gpio_pin_set) for nrf_gpio_pin_set
    usrled.o(i.LED2_Open) refers to usrled.o(i.nrf_gpio_pin_clear) for nrf_gpio_pin_clear
    usrled.o(i.LED2_Toggle) refers to usrled.o(i.nrf_gpio_pin_toggle) for nrf_gpio_pin_toggle
    usrled.o(i.LED3_Close) refers to usrled.o(i.nrf_gpio_pin_set) for nrf_gpio_pin_set
    usrled.o(i.LED3_Open) refers to usrled.o(i.nrf_gpio_pin_clear) for nrf_gpio_pin_clear
    usrled.o(i.LED3_Toggle) refers to usrled.o(i.nrf_gpio_pin_toggle) for nrf_gpio_pin_toggle
    usrled.o(i.LED4_Close) refers to usrled.o(i.nrf_gpio_pin_set) for nrf_gpio_pin_set
    usrled.o(i.LED4_Open) refers to usrled.o(i.nrf_gpio_pin_clear) for nrf_gpio_pin_clear
    usrled.o(i.LED4_Toggle) refers to usrled.o(i.nrf_gpio_pin_toggle) for nrf_gpio_pin_toggle
    usrled.o(i.LED_Init) refers to usrled.o(i.nrf_gpio_cfg_output) for nrf_gpio_cfg_output
    nrf_ecb.o(i.nrf_ecb_crypt) refers to rt_memcpy.o(.text) for __aeabi_memcpy
    nrf_ecb.o(i.nrf_ecb_crypt) refers to nrf_ecb.o(.data) for .data
    nrf_ecb.o(i.nrf_ecb_init) refers to nrf_ecb.o(.bss) for .bss
    nrf_ecb.o(i.nrf_ecb_init) refers to nrf_ecb.o(.data) for .data
    nrf_ecb.o(i.nrf_ecb_set_key) refers to rt_memcpy.o(.text) for __aeabi_memcpy
    nrf_ecb.o(i.nrf_ecb_set_key) refers to nrf_ecb.o(.data) for .data
    nrf_nvmc.o(i.nrf_nvmc_write_bytes) refers to nrf_nvmc.o(i.nrf_nvmc_write_byte) for nrf_nvmc_write_byte
    arm_startup_nrf51.o(STACK) refers (Special) to heapauxi.o(.text) for __use_two_region_memory
    arm_startup_nrf51.o(HEAP) refers (Special) to heapauxi.o(.text) for __use_two_region_memory
    arm_startup_nrf51.o(RESET) refers (Special) to heapauxi.o(.text) for __use_two_region_memory
    arm_startup_nrf51.o(RESET) refers to arm_startup_nrf51.o(STACK) for __initial_sp
    arm_startup_nrf51.o(RESET) refers to arm_startup_nrf51.o(.text) for Reset_Handler
    arm_startup_nrf51.o(.text) refers (Special) to heapauxi.o(.text) for __use_two_region_memory
    arm_startup_nrf51.o(.text) refers to system_nrf51.o(i.SystemInit) for SystemInit
    arm_startup_nrf51.o(.text) refers to __main.o(!!!main) for __main
    arm_startup_nrf51.o(.text) refers to arm_startup_nrf51.o(HEAP) for Heap_Mem
    arm_startup_nrf51.o(.text) refers to arm_startup_nrf51.o(STACK) for Stack_Mem
    system_nrf51.o(i.SystemCoreClockUpdate) refers to system_nrf51.o(.data) for .data
    system_nrf51.o(i.SystemInit) refers to system_nrf51.o(i.nrf51_errata_26) for nrf51_errata_26
    system_nrf51.o(i.SystemInit) refers to system_nrf51.o(i.nrf51_errata_59) for nrf51_errata_59
    system_nrf51.o(i.SystemInit) refers to system_nrf51.o(i.nrf51_errata_76) for nrf51_errata_76
    system_nrf51.o(i.SystemInit) refers to system_nrf51.o(i.SystemCoreClockUpdate) for SystemCoreClockUpdate
    rt_memcpy.o(.text) refers to rt_memcpy.o(.emb_text) for __aeabi_memcpy4
    __main.o(!!!main) refers to __rtentry.o(.ARM.Collect$$rtentry$$00000000) for __rt_entry
    __rtentry.o(.ARM.Collect$$rtentry$$00000000) refers (Special) to __rtentry2.o(.ARM.Collect$$rtentry$$0000000A) for __rt_entry_li
    __rtentry.o(.ARM.Collect$$rtentry$$00000000) refers (Special) to __rtentry2.o(.ARM.Collect$$rtentry$$0000000D) for __rt_entry_main
    __rtentry.o(.ARM.Collect$$rtentry$$00000000) refers (Special) to __rtentry2.o(.ARM.Collect$$rtentry$$0000000C) for __rt_entry_postli_1
    __rtentry.o(.ARM.Collect$$rtentry$$00000000) refers (Special) to __rtentry2.o(.ARM.Collect$$rtentry$$00000009) for __rt_entry_postsh_1
    __rtentry.o(.ARM.Collect$$rtentry$$00000000) refers (Special) to __rtentry2.o(.ARM.Collect$$rtentry$$00000002) for __rt_entry_presh_1
    __rtentry.o(.ARM.Collect$$rtentry$$00000000) refers (Special) to __rtentry4.o(.ARM.Collect$$rtentry$$00000004) for __rt_entry_sh
    __rtentry2.o(.ARM.Collect$$rtentry$$00000008) refers to boardinit2.o(.text) for _platform_post_stackheap_init
    __rtentry2.o(.ARM.Collect$$rtentry$$0000000A) refers to libinit.o(.ARM.Collect$$libinit$$00000000) for __rt_lib_init
    __rtentry2.o(.ARM.Collect$$rtentry$$0000000B) refers to boardinit3.o(.text) for _platform_post_lib_init
    __rtentry2.o(.ARM.Collect$$rtentry$$0000000D) refers to usrcode.o(i.main) for main
    __rtentry2.o(.ARM.Collect$$rtentry$$0000000D) refers to exit.o(.text) for exit
    __rtentry2.o(.ARM.exidx) refers to __rtentry2.o(.ARM.Collect$$rtentry$$00000001) for .ARM.Collect$$rtentry$$00000001
    __rtentry2.o(.ARM.exidx) refers to __rtentry2.o(.ARM.Collect$$rtentry$$00000008) for .ARM.Collect$$rtentry$$00000008
    __rtentry2.o(.ARM.exidx) refers to __rtentry2.o(.ARM.Collect$$rtentry$$0000000A) for .ARM.Collect$$rtentry$$0000000A
    __rtentry2.o(.ARM.exidx) refers to __rtentry2.o(.ARM.Collect$$rtentry$$0000000B) for .ARM.Collect$$rtentry$$0000000B
    __rtentry2.o(.ARM.exidx) refers to __rtentry2.o(.ARM.Collect$$rtentry$$0000000D) for .ARM.Collect$$rtentry$$0000000D
    __rtentry4.o(.ARM.Collect$$rtentry$$00000004) refers to sys_stackheap_outer.o(.text) for __user_setup_stackheap
    __rtentry4.o(.ARM.exidx) refers to __rtentry4.o(.ARM.Collect$$rtentry$$00000004) for .ARM.Collect$$rtentry$$00000004
    sys_stackheap_outer.o(.text) refers to libspace.o(.text) for __user_perproc_libspace
    sys_stackheap_outer.o(.text) refers to arm_startup_nrf51.o(.text) for __user_initial_stackheap
    sys_stackheap_outer.o(__vectab_stack_and_reset_area) refers to tempstk.o(.text) for __temporary_stack_top
    sys_stackheap_outer.o(__vectab_stack_and_reset_area) refers to __main.o(!!!main) for __main
    exit.o(.text) refers to rtexit.o(.ARM.Collect$$rtexit$$00000000) for __rt_exit
    libinit.o(.ARM.Collect$$libinit$$00000000) refers (Special) to libinit2.o(.ARM.Collect$$libinit$$0000002E) for __rt_lib_init_alloca_1
    libinit.o(.ARM.Collect$$libinit$$00000000) refers (Special) to libinit2.o(.ARM.Collect$$libinit$$0000002C) for __rt_lib_init_argv_1
    libinit.o(.ARM.Collect$$libinit$$00000000) refers (Special) to libinit2.o(.ARM.Collect$$libinit$$0000001B) for __rt_lib_init_atexit_1
    libinit.o(.ARM.Collect$$libinit$$00000000) refers (Special) to libinit2.o(.ARM.Collect$$libinit$$00000021) for __rt_lib_init_clock_1
    libinit.o(.ARM.Collect$$libinit$$00000000) refers (Special) to libinit2.o(.ARM.Collect$$libinit$$00000032) for __rt_lib_init_cpp_1
    libinit.o(.ARM.Collect$$libinit$$00000000) refers (Special) to libinit2.o(.ARM.Collect$$libinit$$00000030) for __rt_lib_init_exceptions_1
    libinit.o(.ARM.Collect$$libinit$$00000000) refers (Special) to libinit2.o(.ARM.Collect$$libinit$$00000002) for __rt_lib_init_fp_1
    libinit.o(.ARM.Collect$$libinit$$00000000) refers (Special) to libinit2.o(.ARM.Collect$$libinit$$0000001F) for __rt_lib_init_fp_trap_1
    libinit.o(.ARM.Collect$$libinit$$00000000) refers (Special) to libinit2.o(.ARM.Collect$$libinit$$00000023) for __rt_lib_init_getenv_1
    libinit.o(.ARM.Collect$$libinit$$00000000) refers (Special) to libinit2.o(.ARM.Collect$$libinit$$0000000A) for __rt_lib_init_heap_1
    libinit.o(.ARM.Collect$$libinit$$00000000) refers (Special) to libinit2.o(.ARM.Collect$$libinit$$00000011) for __rt_lib_init_lc_collate_1
    libinit.o(.ARM.Collect$$libinit$$00000000) refers (Special) to libinit2.o(.ARM.Collect$$libinit$$00000013) for __rt_lib_init_lc_ctype_1
    libinit.o(.ARM.Collect$$libinit$$00000000) refers (Special) to libinit2.o(.ARM.Collect$$libinit$$00000015) for __rt_lib_init_lc_monetary_1
    libinit.o(.ARM.Collect$$libinit$$00000000) refers (Special) to libinit2.o(.ARM.Collect$$libinit$$00000017) for __rt_lib_init_lc_numeric_1
    libinit.o(.ARM.Collect$$libinit$$00000000) refers (Special) to libinit2.o(.ARM.Collect$$libinit$$00000019) for __rt_lib_init_lc_time_1
    libinit.o(.ARM.Collect$$libinit$$00000000) refers (Special) to libinit2.o(.ARM.Collect$$libinit$$00000004) for __rt_lib_init_preinit_1
    libinit.o(.ARM.Collect$$libinit$$00000000) refers (Special) to libinit2.o(.ARM.Collect$$libinit$$0000000E) for __rt_lib_init_rand_1
    libinit.o(.ARM.Collect$$libinit$$00000000) refers (Special) to libinit2.o(.ARM.Collect$$libinit$$00000033) for __rt_lib_init_return
    libinit.o(.ARM.Collect$$libinit$$00000000) refers (Special) to libinit2.o(.ARM.Collect$$libinit$$0000001D) for __rt_lib_init_signal_1
    libinit.o(.ARM.Collect$$libinit$$00000000) refers (Special) to libinit2.o(.ARM.Collect$$libinit$$00000025) for __rt_lib_init_stdio_1
    libinit.o(.ARM.Collect$$libinit$$00000000) refers (Special) to libinit2.o(.ARM.Collect$$libinit$$0000000C) for __rt_lib_init_user_alloc_1
    libspace.o(.text) refers to libspace.o(.bss) for __libspace_start
    rtexit.o(.ARM.Collect$$rtexit$$00000000) refers (Special) to rtexit2.o(.ARM.Collect$$rtexit$$00000004) for __rt_exit_exit
    rtexit.o(.ARM.Collect$$rtexit$$00000000) refers (Special) to rtexit2.o(.ARM.Collect$$rtexit$$00000003) for __rt_exit_ls
    rtexit.o(.ARM.Collect$$rtexit$$00000000) refers (Special) to rtexit2.o(.ARM.Collect$$rtexit$$00000002) for __rt_exit_prels_1
    rtexit.o(.ARM.exidx) refers (Special) to rtexit2.o(.ARM.Collect$$rtexit$$00000004) for __rt_exit_exit
    rtexit.o(.ARM.exidx) refers (Special) to rtexit2.o(.ARM.Collect$$rtexit$$00000003) for __rt_exit_ls
    rtexit.o(.ARM.exidx) refers (Special) to rtexit2.o(.ARM.Collect$$rtexit$$00000002) for __rt_exit_prels_1
    rtexit.o(.ARM.exidx) refers to rtexit.o(.ARM.Collect$$rtexit$$00000000) for .ARM.Collect$$rtexit$$00000000
    libinit2.o(.ARM.Collect$$libinit$$00000010) refers to libinit2.o(.ARM.Collect$$libinit$$0000000F) for .ARM.Collect$$libinit$$0000000F
    libinit2.o(.ARM.Collect$$libinit$$00000012) refers to libinit2.o(.ARM.Collect$$libinit$$0000000F) for .ARM.Collect$$libinit$$0000000F
    libinit2.o(.ARM.Collect$$libinit$$00000014) refers to libinit2.o(.ARM.Collect$$libinit$$0000000F) for .ARM.Collect$$libinit$$0000000F
    libinit2.o(.ARM.Collect$$libinit$$00000016) refers to libinit2.o(.ARM.Collect$$libinit$$0000000F) for .ARM.Collect$$libinit$$0000000F
    libinit2.o(.ARM.Collect$$libinit$$00000018) refers to libinit2.o(.ARM.Collect$$libinit$$0000000F) for .ARM.Collect$$libinit$$0000000F
    libinit2.o(.ARM.Collect$$libinit$$00000026) refers to argv_veneer.o(.text) for __ARM_argv_veneer
    libinit2.o(.ARM.Collect$$libinit$$00000027) refers to argv_veneer.o(.text) for __ARM_argv_veneer
    rtexit2.o(.ARM.Collect$$rtexit$$00000003) refers to libshutdown.o(.ARM.Collect$$libshutdown$$00000000) for __rt_lib_shutdown
    rtexit2.o(.ARM.Collect$$rtexit$$00000004) refers to sys_exit.o(.text) for _sys_exit
    rtexit2.o(.ARM.exidx) refers to rtexit2.o(.ARM.Collect$$rtexit$$00000001) for .ARM.Collect$$rtexit$$00000001
    rtexit2.o(.ARM.exidx) refers to rtexit2.o(.ARM.Collect$$rtexit$$00000003) for .ARM.Collect$$rtexit$$00000003
    rtexit2.o(.ARM.exidx) refers to rtexit2.o(.ARM.Collect$$rtexit$$00000004) for .ARM.Collect$$rtexit$$00000004
    sys_exit.o(.text) refers (Special) to use_no_semi.o(.text) for __I$use$semihosting
    sys_exit.o(.text) refers (Special) to indicate_semi.o(.text) for __semihosting_library_function
    _get_argv_nomalloc.o(.text) refers (Special) to hrguard.o(.text) for __heap_region$guard
    _get_argv_nomalloc.o(.text) refers to defsig_rtmem_outer.o(.text) for __rt_SIGRTMEM
    _get_argv_nomalloc.o(.text) refers to sys_command.o(.text) for _sys_command_string
    libshutdown.o(.ARM.Collect$$libshutdown$$00000000) refers (Special) to libshutdown2.o(.ARM.Collect$$libshutdown$$00000006) for __rt_lib_shutdown_fp_trap_1
    libshutdown.o(.ARM.Collect$$libshutdown$$00000000) refers (Special) to libshutdown2.o(.ARM.Collect$$libshutdown$$0000000E) for __rt_lib_shutdown_heap_1
    libshutdown.o(.ARM.Collect$$libshutdown$$00000000) refers (Special) to libshutdown2.o(.ARM.Collect$$libshutdown$$0000000F) for __rt_lib_shutdown_return
    libshutdown.o(.ARM.Collect$$libshutdown$$00000000) refers (Special) to libshutdown2.o(.ARM.Collect$$libshutdown$$00000009) for __rt_lib_shutdown_signal_1
    libshutdown.o(.ARM.Collect$$libshutdown$$00000000) refers (Special) to libshutdown2.o(.ARM.Collect$$libshutdown$$00000003) for __rt_lib_shutdown_stdio_1
    libshutdown.o(.ARM.Collect$$libshutdown$$00000000) refers (Special) to libshutdown2.o(.ARM.Collect$$libshutdown$$0000000B) for __rt_lib_shutdown_user_alloc_1
    sys_command.o(.text) refers (Special) to use_no_semi.o(.text) for __I$use$semihosting
    sys_command.o(.text) refers (Special) to indicate_semi.o(.text) for __semihosting_library_function
    defsig_rtmem_outer.o(.text) refers to defsig_rtmem_inner.o(.text) for __rt_SIGRTMEM_inner
    defsig_rtmem_outer.o(.text) refers to defsig_exit.o(.text) for __sig_exit
    defsig_rtmem_formal.o(.text) refers to rt_raise.o(.text) for __rt_raise
    rt_raise.o(.text) refers to __raise.o(.text) for __raise
    rt_raise.o(.text) refers to sys_exit.o(.text) for _sys_exit
    defsig_exit.o(.text) refers to sys_exit.o(.text) for _sys_exit
    defsig_rtmem_inner.o(.text) refers to defsig_general.o(.text) for __default_signal_display
    __raise.o(.text) refers to defsig.o(CL$$defsig) for __default_signal_handler
    defsig_general.o(.text) refers to sys_wrch.o(.text) for _ttywrch
    sys_wrch.o(.text) refers (Special) to use_no_semi.o(.text) for __I$use$semihosting
    sys_wrch.o(.text) refers (Special) to indicate_semi.o(.text) for __semihosting_library_function
    defsig.o(CL$$defsig) refers to defsig_rtmem_inner.o(.text) for __rt_SIGRTMEM_inner
    defsig_abrt_inner.o(.text) refers to defsig_general.o(.text) for __default_signal_display
    defsig_fpe_inner.o(.text) refers to defsig_general.o(.text) for __default_signal_display
    defsig_rtred_inner.o(.text) refers to defsig_general.o(.text) for __default_signal_display
    defsig_stak_inner.o(.text) refers to defsig_general.o(.text) for __default_signal_display
    defsig_pvfn_inner.o(.text) refers to defsig_general.o(.text) for __default_signal_display
    defsig_cppl_inner.o(.text) refers to defsig_general.o(.text) for __default_signal_display
    defsig_segv_inner.o(.text) refers to defsig_general.o(.text) for __default_signal_display
    defsig_other.o(.text) refers to defsig_general.o(.text) for __default_signal_display


==============================================================================

Removing Unused input sections from the image.

    Removing usrcode.o(.rev16_text), (4 bytes).
    Removing usrcode.o(.revsh_text), (4 bytes).
    Removing usrled.o(.rev16_text), (4 bytes).
    Removing usrled.o(.revsh_text), (4 bytes).
    Removing usrled.o(i.LED1_Close), (10 bytes).
    Removing usrled.o(i.LED1_Open), (10 bytes).
    Removing usrled.o(i.LED1_Toggle), (10 bytes).
    Removing usrled.o(i.LED2_Close), (10 bytes).
    Removing usrled.o(i.LED2_Open), (10 bytes).
    Removing usrled.o(i.LED2_Toggle), (10 bytes).
    Removing usrled.o(i.LED3_Close), (10 bytes).
    Removing usrled.o(i.LED3_Open), (10 bytes).
    Removing usrled.o(i.LED3_Toggle), (10 bytes).
    Removing usrled.o(i.LED4_Close), (10 bytes).
    Removing usrled.o(i.LED4_Open), (10 bytes).
    Removing usrled.o(i.LED4_Toggle), (10 bytes).
    Removing usrled.o(i.nrf_gpio_pin_clear), (16 bytes).
    Removing usrled.o(i.nrf_gpio_pin_set), (16 bytes).
    Removing usrled.o(i.nrf_gpio_pin_toggle), (24 bytes).
    Removing nrf_drv_common_1.o(.rev16_text), (4 bytes).
    Removing nrf_drv_common_1.o(.revsh_text), (4 bytes).
    Removing nrf_drv_common_1.o(i.nrf_drv_common_clock_irq_disable), (20 bytes).
    Removing nrf_drv_common_1.o(i.nrf_drv_common_irq_enable), (104 bytes).
    Removing nrf_adc.o(.rev16_text), (4 bytes).
    Removing nrf_adc.o(.revsh_text), (4 bytes).
    Removing nrf_ecb.o(.rev16_text), (4 bytes).
    Removing nrf_ecb.o(.revsh_text), (4 bytes).
    Removing nrf_ecb.o(i.nrf_ecb_crypt), (84 bytes).
    Removing nrf_ecb.o(i.nrf_ecb_init), (36 bytes).
    Removing nrf_ecb.o(i.nrf_ecb_set_key), (20 bytes).
    Removing nrf_ecb.o(.bss), (48 bytes).
    Removing nrf_ecb.o(.data), (12 bytes).
    Removing nrf_nvmc.o(.rev16_text), (4 bytes).
    Removing nrf_nvmc.o(.revsh_text), (4 bytes).
    Removing nrf_nvmc.o(i.nrf_nvmc_page_erase), (44 bytes).
    Removing nrf_nvmc.o(i.nrf_nvmc_write_byte), (60 bytes).
    Removing nrf_nvmc.o(i.nrf_nvmc_write_bytes), (28 bytes).
    Removing nrf_nvmc.o(i.nrf_nvmc_write_word), (44 bytes).
    Removing nrf_nvmc.o(i.nrf_nvmc_write_words), (60 bytes).
    Removing system_nrf51.o(.rev16_text), (4 bytes).
    Removing system_nrf51.o(.revsh_text), (4 bytes).

41 unused section(s) (total 792 bytes) removed from the image.

==============================================================================

Image Symbol Table

    Local Symbols

    Symbol Name                              Value     Ov Type        Size  Object(Section)

    RESET                                    0x00000000   Section      192  arm_startup_nrf51.o(RESET)
    ../clib/angel/boardlib.s                 0x00000000   Number         0  boardshut.o ABSOLUTE
    ../clib/angel/boardlib.s                 0x00000000   Number         0  boardinit1.o ABSOLUTE
    ../clib/angel/boardlib.s                 0x00000000   Number         0  boardinit3.o ABSOLUTE
    ../clib/angel/boardlib.s                 0x00000000   Number         0  boardinit2.o ABSOLUTE
    ../clib/angel/handlers.s                 0x00000000   Number         0  __scatter_zi.o ABSOLUTE
    ../clib/angel/handlers.s                 0x00000000   Number         0  __scatter_copy.o ABSOLUTE
    ../clib/angel/kernel.s                   0x00000000   Number         0  __rtentry.o ABSOLUTE
    ../clib/angel/kernel.s                   0x00000000   Number         0  rtexit2.o ABSOLUTE
    ../clib/angel/kernel.s                   0x00000000   Number         0  __rtentry4.o ABSOLUTE
    ../clib/angel/kernel.s                   0x00000000   Number         0  __rtentry2.o ABSOLUTE
    ../clib/angel/kernel.s                   0x00000000   Number         0  rtexit.o ABSOLUTE
    ../clib/angel/rt.s                       0x00000000   Number         0  rt_raise.o ABSOLUTE
    ../clib/angel/scatterp.s                 0x00000000   Number         0  __scatter.o ABSOLUTE
    ../clib/angel/startup.s                  0x00000000   Number         0  __main.o ABSOLUTE
    ../clib/angel/sys.s                      0x00000000   Number         0  tempstk.o ABSOLUTE
    ../clib/angel/sys.s                      0x00000000   Number         0  use_no_semi.o ABSOLUTE
    ../clib/angel/sys.s                      0x00000000   Number         0  indicate_semi.o ABSOLUTE
    ../clib/angel/sys.s                      0x00000000   Number         0  sys_stackheap_outer.o ABSOLUTE
    ../clib/angel/sys.s                      0x00000000   Number         0  libspace.o ABSOLUTE
    ../clib/angel/sysapp.c                   0x00000000   Number         0  sys_command.o ABSOLUTE
    ../clib/angel/sysapp.c                   0x00000000   Number         0  sys_exit.o ABSOLUTE
    ../clib/angel/sysapp.c                   0x00000000   Number         0  sys_wrch.o ABSOLUTE
    ../clib/armsys.c                         0x00000000   Number         0  _get_argv_nomalloc.o ABSOLUTE
    ../clib/armsys.c                         0x00000000   Number         0  no_argv.o ABSOLUTE
    ../clib/armsys.c                         0x00000000   Number         0  argv_veneer.o ABSOLUTE
    ../clib/heapalloc.c                      0x00000000   Number         0  hrguard.o ABSOLUTE
    ../clib/heapaux.c                        0x00000000   Number         0  heapauxi.o ABSOLUTE
    ../clib/libinit.s                        0x00000000   Number         0  libinit2.o ABSOLUTE
    ../clib/libinit.s                        0x00000000   Number         0  libshutdown.o ABSOLUTE
    ../clib/libinit.s                        0x00000000   Number         0  libshutdown2.o ABSOLUTE
    ../clib/libinit.s                        0x00000000   Number         0  libinit.o ABSOLUTE
    ../clib/memcpset.c                       0x00000000   Number         0  rt_memcpy.o ABSOLUTE
    ../clib/memcpset.c                       0x00000000   Number         0  rt_memcpy.o ABSOLUTE
    ../clib/signal.c                         0x00000000   Number         0  defsig_general.o ABSOLUTE
    ../clib/signal.c                         0x00000000   Number         0  __raise.o ABSOLUTE
    ../clib/signal.c                         0x00000000   Number         0  defsig_exit.o ABSOLUTE
    ../clib/signal.c                         0x00000000   Number         0  defsig_rtmem_formal.o ABSOLUTE
    ../clib/signal.c                         0x00000000   Number         0  defsig_rtmem_outer.o ABSOLUTE
    ../clib/signal.c                         0x00000000   Number         0  defsig_rtmem_inner.o ABSOLUTE
    ../clib/signal.c                         0x00000000   Number         0  defsig_other.o ABSOLUTE
    ../clib/signal.c                         0x00000000   Number         0  defsig_segv_inner.o ABSOLUTE
    ../clib/signal.c                         0x00000000   Number         0  defsig_cppl_inner.o ABSOLUTE
    ../clib/signal.c                         0x00000000   Number         0  defsig_pvfn_inner.o ABSOLUTE
    ../clib/signal.c                         0x00000000   Number         0  defsig_stak_inner.o ABSOLUTE
    ../clib/signal.c                         0x00000000   Number         0  defsig_rtred_inner.o ABSOLUTE
    ../clib/signal.c                         0x00000000   Number         0  defsig_fpe_inner.o ABSOLUTE
    ../clib/signal.c                         0x00000000   Number         0  defsig_abrt_inner.o ABSOLUTE
    ../clib/signal.s                         0x00000000   Number         0  defsig.o ABSOLUTE
    ../clib/stdlib.c                         0x00000000   Number         0  exit.o ABSOLUTE
    ../fplib/cfplib/fpinit.c                 0x00000000   Number         0  fpinit.o ABSOLUTE
    ..\\nRF5_SDK_12.3.0_d7731ad\\components\\drivers_nrf\\common\\nrf_drv_common.c 0x00000000   Number         0  nrf_drv_common_1.o ABSOLUTE
    ..\\nRF5_SDK_12.3.0_d7731ad\\components\\drivers_nrf\\hal\\nrf_adc.c 0x00000000   Number         0  nrf_adc.o ABSOLUTE
    ..\\nRF5_SDK_12.3.0_d7731ad\\components\\drivers_nrf\\hal\\nrf_ecb.c 0x00000000   Number         0  nrf_ecb.o ABSOLUTE
    ..\\nRF5_SDK_12.3.0_d7731ad\\components\\drivers_nrf\\hal\\nrf_nvmc.c 0x00000000   Number         0  nrf_nvmc.o ABSOLUTE
    ..\nRF5_SDK_12.3.0_d7731ad\components\drivers_nrf\common\nrf_drv_common.c 0x00000000   Number         0  nrf_drv_common_1.o ABSOLUTE
    ..\nRF5_SDK_12.3.0_d7731ad\components\drivers_nrf\hal\nrf_adc.c 0x00000000   Number         0  nrf_adc.o ABSOLUTE
    ..\nRF5_SDK_12.3.0_d7731ad\components\drivers_nrf\hal\nrf_ecb.c 0x00000000   Number         0  nrf_ecb.o ABSOLUTE
    ..\nRF5_SDK_12.3.0_d7731ad\components\drivers_nrf\hal\nrf_nvmc.c 0x00000000   Number         0  nrf_nvmc.o ABSOLUTE
    ..\nRF5_SDK_12.3.0_d7731ad\components\drivers_nrf\hal\nrf_saadc.c 0x00000000   Number         0  nrf_saadc.o ABSOLUTE
    RTE\Device\nRF51822_xxAC\arm_startup_nrf51.s 0x00000000   Number         0  arm_startup_nrf51.o ABSOLUTE
    RTE\Device\nRF51822_xxAC\system_nrf51.c  0x00000000   Number         0  system_nrf51.o ABSOLUTE
    RTE\\Device\\nRF51822_xxAC\\system_nrf51.c 0x00000000   Number         0  system_nrf51.o ABSOLUTE
    UsrCode\UsrCode.c                        0x00000000   Number         0  usrcode.o ABSOLUTE
    UsrCode\UsrLed.c                         0x00000000   Number         0  usrled.o ABSOLUTE
    UsrCode\\UsrCode.c                       0x00000000   Number         0  usrcode.o ABSOLUTE
    UsrCode\\UsrLed.c                        0x00000000   Number         0  usrled.o ABSOLUTE
    dc.s                                     0x00000000   Number         0  dc.o ABSOLUTE
    !!!main                                  0x000000c0   Section        8  __main.o(!!!main)
    !!!scatter                               0x000000c8   Section       60  __scatter.o(!!!scatter)
    !!handler_copy                           0x00000104   Section       26  __scatter_copy.o(!!handler_copy)
    !!handler_zi                             0x00000120   Section       28  __scatter_zi.o(!!handler_zi)
    .ARM.Collect$$libinit$$00000000          0x0000013c   Section        2  libinit.o(.ARM.Collect$$libinit$$00000000)
    .ARM.Collect$$libinit$$00000002          0x0000013e   Section        0  libinit2.o(.ARM.Collect$$libinit$$00000002)
    .ARM.Collect$$libinit$$00000004          0x0000013e   Section        0  libinit2.o(.ARM.Collect$$libinit$$00000004)
    .ARM.Collect$$libinit$$0000000A          0x0000013e   Section        0  libinit2.o(.ARM.Collect$$libinit$$0000000A)
    .ARM.Collect$$libinit$$0000000C          0x0000013e   Section        0  libinit2.o(.ARM.Collect$$libinit$$0000000C)
    .ARM.Collect$$libinit$$0000000E          0x0000013e   Section        0  libinit2.o(.ARM.Collect$$libinit$$0000000E)
    .ARM.Collect$$libinit$$00000011          0x0000013e   Section        0  libinit2.o(.ARM.Collect$$libinit$$00000011)
    .ARM.Collect$$libinit$$00000013          0x0000013e   Section        0  libinit2.o(.ARM.Collect$$libinit$$00000013)
    .ARM.Collect$$libinit$$00000015          0x0000013e   Section        0  libinit2.o(.ARM.Collect$$libinit$$00000015)
    .ARM.Collect$$libinit$$00000017          0x0000013e   Section        0  libinit2.o(.ARM.Collect$$libinit$$00000017)
    .ARM.Collect$$libinit$$00000019          0x0000013e   Section        0  libinit2.o(.ARM.Collect$$libinit$$00000019)
    .ARM.Collect$$libinit$$0000001B          0x0000013e   Section        0  libinit2.o(.ARM.Collect$$libinit$$0000001B)
    .ARM.Collect$$libinit$$0000001D          0x0000013e   Section        0  libinit2.o(.ARM.Collect$$libinit$$0000001D)
    .ARM.Collect$$libinit$$0000001F          0x0000013e   Section        0  libinit2.o(.ARM.Collect$$libinit$$0000001F)
    .ARM.Collect$$libinit$$00000021          0x0000013e   Section        0  libinit2.o(.ARM.Collect$$libinit$$00000021)
    .ARM.Collect$$libinit$$00000023          0x0000013e   Section        0  libinit2.o(.ARM.Collect$$libinit$$00000023)
    .ARM.Collect$$libinit$$00000025          0x0000013e   Section        0  libinit2.o(.ARM.Collect$$libinit$$00000025)
    .ARM.Collect$$libinit$$0000002C          0x0000013e   Section        0  libinit2.o(.ARM.Collect$$libinit$$0000002C)
    .ARM.Collect$$libinit$$0000002E          0x0000013e   Section        0  libinit2.o(.ARM.Collect$$libinit$$0000002E)
    .ARM.Collect$$libinit$$00000030          0x0000013e   Section        0  libinit2.o(.ARM.Collect$$libinit$$00000030)
    .ARM.Collect$$libinit$$00000032          0x0000013e   Section        0  libinit2.o(.ARM.Collect$$libinit$$00000032)
    .ARM.Collect$$libinit$$00000033          0x0000013e   Section        2  libinit2.o(.ARM.Collect$$libinit$$00000033)
    .ARM.Collect$$libshutdown$$00000000      0x00000140   Section        2  libshutdown.o(.ARM.Collect$$libshutdown$$00000000)
    .ARM.Collect$$libshutdown$$00000003      0x00000142   Section        0  libshutdown2.o(.ARM.Collect$$libshutdown$$00000003)
    .ARM.Collect$$libshutdown$$00000006      0x00000142   Section        0  libshutdown2.o(.ARM.Collect$$libshutdown$$00000006)
    .ARM.Collect$$libshutdown$$00000009      0x00000142   Section        0  libshutdown2.o(.ARM.Collect$$libshutdown$$00000009)
    .ARM.Collect$$libshutdown$$0000000B      0x00000142   Section        0  libshutdown2.o(.ARM.Collect$$libshutdown$$0000000B)
    .ARM.Collect$$libshutdown$$0000000E      0x00000142   Section        0  libshutdown2.o(.ARM.Collect$$libshutdown$$0000000E)
    .ARM.Collect$$libshutdown$$0000000F      0x00000142   Section        2  libshutdown2.o(.ARM.Collect$$libshutdown$$0000000F)
    .ARM.Collect$$rtentry$$00000000          0x00000144   Section        0  __rtentry.o(.ARM.Collect$$rtentry$$00000000)
    .ARM.Collect$$rtentry$$00000002          0x00000144   Section        0  __rtentry2.o(.ARM.Collect$$rtentry$$00000002)
    .ARM.Collect$$rtentry$$00000004          0x00000144   Section        6  __rtentry4.o(.ARM.Collect$$rtentry$$00000004)
    .ARM.Collect$$rtentry$$00000009          0x0000014a   Section        0  __rtentry2.o(.ARM.Collect$$rtentry$$00000009)
    .ARM.Collect$$rtentry$$0000000A          0x0000014a   Section        4  __rtentry2.o(.ARM.Collect$$rtentry$$0000000A)
    .ARM.Collect$$rtentry$$0000000C          0x0000014e   Section        0  __rtentry2.o(.ARM.Collect$$rtentry$$0000000C)
    .ARM.Collect$$rtentry$$0000000D          0x0000014e   Section        8  __rtentry2.o(.ARM.Collect$$rtentry$$0000000D)
    .ARM.Collect$$rtexit$$00000000           0x00000156   Section        2  rtexit.o(.ARM.Collect$$rtexit$$00000000)
    .ARM.Collect$$rtexit$$00000002           0x00000158   Section        0  rtexit2.o(.ARM.Collect$$rtexit$$00000002)
    .ARM.Collect$$rtexit$$00000003           0x00000158   Section        4  rtexit2.o(.ARM.Collect$$rtexit$$00000003)
    .ARM.Collect$$rtexit$$00000004           0x0000015c   Section        6  rtexit2.o(.ARM.Collect$$rtexit$$00000004)
    .text                                    0x00000164   Section       84  arm_startup_nrf51.o(.text)
    .text                                    0x000001b8   Section        0  heapauxi.o(.text)
    .text                                    0x000001be   Section       62  sys_stackheap_outer.o(.text)
    .text                                    0x000001fc   Section        0  exit.o(.text)
    .text                                    0x00000208   Section        8  libspace.o(.text)
    .text                                    0x00000210   Section        0  sys_exit.o(.text)
    .text                                    0x0000021c   Section        2  use_no_semi.o(.text)
    .text                                    0x0000021e   Section        0  indicate_semi.o(.text)
    i.LED_Init                               0x0000021e   Section        0  usrled.o(i.LED_Init)
    i.SystemCoreClockUpdate                  0x0000023c   Section        0  system_nrf51.o(i.SystemCoreClockUpdate)
    i.SystemInit                             0x0000024c   Section        0  system_nrf51.o(i.SystemInit)
    i.main                                   0x000002ac   Section        0  usrcode.o(i.main)
    i.nrf51_errata_26                        0x0000032e   Section        0  system_nrf51.o(i.nrf51_errata_26)
    nrf51_errata_26                          0x0000032f   Thumb Code     4  system_nrf51.o(i.nrf51_errata_26)
    i.nrf51_errata_59                        0x00000332   Section        0  system_nrf51.o(i.nrf51_errata_59)
    nrf51_errata_59                          0x00000333   Thumb Code     4  system_nrf51.o(i.nrf51_errata_59)
    i.nrf51_errata_76                        0x00000336   Section        0  system_nrf51.o(i.nrf51_errata_76)
    nrf51_errata_76                          0x00000337   Thumb Code     4  system_nrf51.o(i.nrf51_errata_76)
    i.nrf_delay_ms                           0x0000033c   Section        0  usrcode.o(i.nrf_delay_ms)
    nrf_delay_ms                             0x0000033d   Thumb Code    44  usrcode.o(i.nrf_delay_ms)
    i.nrf_gpio_cfg_output                    0x00000370   Section        0  usrled.o(i.nrf_gpio_cfg_output)
    nrf_gpio_cfg_output                      0x00000371   Thumb Code    20  usrled.o(i.nrf_gpio_cfg_output)
    i.nrf_gpio_pin_clear                     0x00000384   Section        0  usrcode.o(i.nrf_gpio_pin_clear)
    nrf_gpio_pin_clear                       0x00000385   Thumb Code    10  usrcode.o(i.nrf_gpio_pin_clear)
    i.nrf_gpio_pin_set                       0x00000394   Section        0  usrcode.o(i.nrf_gpio_pin_set)
    nrf_gpio_pin_set                         0x00000395   Thumb Code    10  usrcode.o(i.nrf_gpio_pin_set)
    .data                                    0x20000000   Section        4  system_nrf51.o(.data)
    __tagsym$$used                           0x20000000   Number         0  system_nrf51.o(.data)
    .bss                                     0x20000004   Section       96  libspace.o(.bss)
    HEAP                                     0x20000068   Section     2048  arm_startup_nrf51.o(HEAP)
    Heap_Mem                                 0x20000068   Data        2048  arm_startup_nrf51.o(HEAP)
    STACK                                    0x20000868   Section     2048  arm_startup_nrf51.o(STACK)
    Stack_Mem                                0x20000868   Data        2048  arm_startup_nrf51.o(STACK)
    __initial_sp                             0x20001068   Data           0  arm_startup_nrf51.o(STACK)

    Global Symbols

    Symbol Name                              Value     Ov Type        Size  Object(Section)

    BuildAttributes$$THM_ISAv3M$S$PE$A:L22$X:L11$S22$IEEE1$IW$USESV6$~STKCKD$USESV7$~SHL$OSPACE$ROPI$EBA8$UX$STANDARDLIB$REQ8$PRES8$EABIv2 0x00000000   Number         0  anon$$obj.o ABSOLUTE
    __ARM_use_no_argv                        0x00000000   Number         0  usrcode.o ABSOLUTE
    __Vectors                                0x00000000   Data           4  arm_startup_nrf51.o(RESET)
    __ARM_exceptions_init                     - Undefined Weak Reference
    __alloca_initialize                       - Undefined Weak Reference
    __arm_preinit_                            - Undefined Weak Reference
    __cpp_initialize__aeabi_                  - Undefined Weak Reference
    __cxa_finalize                            - Undefined Weak Reference
    __rt_locale                               - Undefined Weak Reference
    __sigvec_lookup                           - Undefined Weak Reference
    _atexit_init                              - Undefined Weak Reference
    _call_atexit_fns                          - Undefined Weak Reference
    _clock_init                               - Undefined Weak Reference
    _fp_trap_init                             - Undefined Weak Reference
    _fp_trap_shutdown                         - Undefined Weak Reference
    _get_lc_collate                           - Undefined Weak Reference
    _get_lc_ctype                             - Undefined Weak Reference
    _get_lc_monetary                          - Undefined Weak Reference
    _get_lc_numeric                           - Undefined Weak Reference
    _get_lc_time                              - Undefined Weak Reference
    _getenv_init                              - Undefined Weak Reference
    _handle_redirection                       - Undefined Weak Reference
    _init_alloc                               - Undefined Weak Reference
    _init_user_alloc                          - Undefined Weak Reference
    _initio                                   - Undefined Weak Reference
    _rand_init                                - Undefined Weak Reference
    _signal_finish                            - Undefined Weak Reference
    _signal_init                              - Undefined Weak Reference
    _terminate_alloc                          - Undefined Weak Reference
    _terminate_user_alloc                     - Undefined Weak Reference
    _terminateio                              - Undefined Weak Reference
    __Vectors_End                            0x000000c0   Data           0  arm_startup_nrf51.o(RESET)
    __Vectors_Size                           0x000000c0   Number         0  arm_startup_nrf51.o ABSOLUTE
    __main                                   0x000000c1   Thumb Code     8  __main.o(!!!main)
    __scatterload                            0x000000c9   Thumb Code     0  __scatter.o(!!!scatter)
    __scatterload_rt2                        0x000000c9   Thumb Code    52  __scatter.o(!!!scatter)
    __scatterload_rt2_thumb_only             0x000000c9   Thumb Code     0  __scatter.o(!!!scatter)
    __scatterload_null                       0x000000d9   Thumb Code     0  __scatter.o(!!!scatter)
    __scatterload_copy                       0x00000105   Thumb Code    26  __scatter_copy.o(!!handler_copy)
    __scatterload_zeroinit                   0x00000121   Thumb Code    28  __scatter_zi.o(!!handler_zi)
    __rt_lib_init                            0x0000013d   Thumb Code     0  libinit.o(.ARM.Collect$$libinit$$00000000)
    __rt_lib_init_alloca_1                   0x0000013f   Thumb Code     0  libinit2.o(.ARM.Collect$$libinit$$0000002E)
    __rt_lib_init_argv_1                     0x0000013f   Thumb Code     0  libinit2.o(.ARM.Collect$$libinit$$0000002C)
    __rt_lib_init_atexit_1                   0x0000013f   Thumb Code     0  libinit2.o(.ARM.Collect$$libinit$$0000001B)
    __rt_lib_init_clock_1                    0x0000013f   Thumb Code     0  libinit2.o(.ARM.Collect$$libinit$$00000021)
    __rt_lib_init_cpp_1                      0x0000013f   Thumb Code     0  libinit2.o(.ARM.Collect$$libinit$$00000032)
    __rt_lib_init_exceptions_1               0x0000013f   Thumb Code     0  libinit2.o(.ARM.Collect$$libinit$$00000030)
    __rt_lib_init_fp_1                       0x0000013f   Thumb Code     0  libinit2.o(.ARM.Collect$$libinit$$00000002)
    __rt_lib_init_fp_trap_1                  0x0000013f   Thumb Code     0  libinit2.o(.ARM.Collect$$libinit$$0000001F)
    __rt_lib_init_getenv_1                   0x0000013f   Thumb Code     0  libinit2.o(.ARM.Collect$$libinit$$00000023)
    __rt_lib_init_heap_1                     0x0000013f   Thumb Code     0  libinit2.o(.ARM.Collect$$libinit$$0000000A)
    __rt_lib_init_lc_collate_1               0x0000013f   Thumb Code     0  libinit2.o(.ARM.Collect$$libinit$$00000011)
    __rt_lib_init_lc_ctype_1                 0x0000013f   Thumb Code     0  libinit2.o(.ARM.Collect$$libinit$$00000013)
    __rt_lib_init_lc_monetary_1              0x0000013f   Thumb Code     0  libinit2.o(.ARM.Collect$$libinit$$00000015)
    __rt_lib_init_lc_numeric_1               0x0000013f   Thumb Code     0  libinit2.o(.ARM.Collect$$libinit$$00000017)
    __rt_lib_init_lc_time_1                  0x0000013f   Thumb Code     0  libinit2.o(.ARM.Collect$$libinit$$00000019)
    __rt_lib_init_preinit_1                  0x0000013f   Thumb Code     0  libinit2.o(.ARM.Collect$$libinit$$00000004)
    __rt_lib_init_rand_1                     0x0000013f   Thumb Code     0  libinit2.o(.ARM.Collect$$libinit$$0000000E)
    __rt_lib_init_return                     0x0000013f   Thumb Code     0  libinit2.o(.ARM.Collect$$libinit$$00000033)
    __rt_lib_init_signal_1                   0x0000013f   Thumb Code     0  libinit2.o(.ARM.Collect$$libinit$$0000001D)
    __rt_lib_init_stdio_1                    0x0000013f   Thumb Code     0  libinit2.o(.ARM.Collect$$libinit$$00000025)
    __rt_lib_init_user_alloc_1               0x0000013f   Thumb Code     0  libinit2.o(.ARM.Collect$$libinit$$0000000C)
    __rt_lib_shutdown                        0x00000141   Thumb Code     0  libshutdown.o(.ARM.Collect$$libshutdown$$00000000)
    __rt_lib_shutdown_fp_trap_1              0x00000143   Thumb Code     0  libshutdown2.o(.ARM.Collect$$libshutdown$$00000006)
    __rt_lib_shutdown_heap_1                 0x00000143   Thumb Code     0  libshutdown2.o(.ARM.Collect$$libshutdown$$0000000E)
    __rt_lib_shutdown_return                 0x00000143   Thumb Code     0  libshutdown2.o(.ARM.Collect$$libshutdown$$0000000F)
    __rt_lib_shutdown_signal_1               0x00000143   Thumb Code     0  libshutdown2.o(.ARM.Collect$$libshutdown$$00000009)
    __rt_lib_shutdown_stdio_1                0x00000143   Thumb Code     0  libshutdown2.o(.ARM.Collect$$libshutdown$$00000003)
    __rt_lib_shutdown_user_alloc_1           0x00000143   Thumb Code     0  libshutdown2.o(.ARM.Collect$$libshutdown$$0000000B)
    __rt_entry                               0x00000145   Thumb Code     0  __rtentry.o(.ARM.Collect$$rtentry$$00000000)
    __rt_entry_presh_1                       0x00000145   Thumb Code     0  __rtentry2.o(.ARM.Collect$$rtentry$$00000002)
    __rt_entry_sh                            0x00000145   Thumb Code     0  __rtentry4.o(.ARM.Collect$$rtentry$$00000004)
    __rt_entry_li                            0x0000014b   Thumb Code     0  __rtentry2.o(.ARM.Collect$$rtentry$$0000000A)
    __rt_entry_postsh_1                      0x0000014b   Thumb Code     0  __rtentry2.o(.ARM.Collect$$rtentry$$00000009)
    __rt_entry_main                          0x0000014f   Thumb Code     0  __rtentry2.o(.ARM.Collect$$rtentry$$0000000D)
    __rt_entry_postli_1                      0x0000014f   Thumb Code     0  __rtentry2.o(.ARM.Collect$$rtentry$$0000000C)
    __rt_exit                                0x00000157   Thumb Code     0  rtexit.o(.ARM.Collect$$rtexit$$00000000)
    __rt_exit_ls                             0x00000159   Thumb Code     0  rtexit2.o(.ARM.Collect$$rtexit$$00000003)
    __rt_exit_prels_1                        0x00000159   Thumb Code     0  rtexit2.o(.ARM.Collect$$rtexit$$00000002)
    __rt_exit_exit                           0x0000015d   Thumb Code     0  rtexit2.o(.ARM.Collect$$rtexit$$00000004)
    Reset_Handler                            0x00000165   Thumb Code    26  arm_startup_nrf51.o(.text)
    NMI_Handler                              0x0000017f   Thumb Code     2  arm_startup_nrf51.o(.text)
    HardFault_Handler                        0x00000181   Thumb Code     2  arm_startup_nrf51.o(.text)
    SVC_Handler                              0x00000183   Thumb Code     2  arm_startup_nrf51.o(.text)
    PendSV_Handler                           0x00000185   Thumb Code     2  arm_startup_nrf51.o(.text)
    SysTick_Handler                          0x00000187   Thumb Code     2  arm_startup_nrf51.o(.text)
    ADC_IRQHandler                           0x00000189   Thumb Code     0  arm_startup_nrf51.o(.text)
    CCM_AAR_IRQHandler                       0x00000189   Thumb Code     0  arm_startup_nrf51.o(.text)
    ECB_IRQHandler                           0x00000189   Thumb Code     0  arm_startup_nrf51.o(.text)
    GPIOTE_IRQHandler                        0x00000189   Thumb Code     0  arm_startup_nrf51.o(.text)
    LPCOMP_IRQHandler                        0x00000189   Thumb Code     0  arm_startup_nrf51.o(.text)
    POWER_CLOCK_IRQHandler                   0x00000189   Thumb Code     0  arm_startup_nrf51.o(.text)
    QDEC_IRQHandler                          0x00000189   Thumb Code     0  arm_startup_nrf51.o(.text)
    RADIO_IRQHandler                         0x00000189   Thumb Code     0  arm_startup_nrf51.o(.text)
    RNG_IRQHandler                           0x00000189   Thumb Code     0  arm_startup_nrf51.o(.text)
    RTC0_IRQHandler                          0x00000189   Thumb Code     0  arm_startup_nrf51.o(.text)
    RTC1_IRQHandler                          0x00000189   Thumb Code     0  arm_startup_nrf51.o(.text)
    SPI0_TWI0_IRQHandler                     0x00000189   Thumb Code     0  arm_startup_nrf51.o(.text)
    SPI1_TWI1_IRQHandler                     0x00000189   Thumb Code     0  arm_startup_nrf51.o(.text)
    SWI0_IRQHandler                          0x00000189   Thumb Code     0  arm_startup_nrf51.o(.text)
    SWI1_IRQHandler                          0x00000189   Thumb Code     0  arm_startup_nrf51.o(.text)
    SWI2_IRQHandler                          0x00000189   Thumb Code     0  arm_startup_nrf51.o(.text)
    SWI3_IRQHandler                          0x00000189   Thumb Code     0  arm_startup_nrf51.o(.text)
    SWI4_IRQHandler                          0x00000189   Thumb Code     0  arm_startup_nrf51.o(.text)
    SWI5_IRQHandler                          0x00000189   Thumb Code     0  arm_startup_nrf51.o(.text)
    TEMP_IRQHandler                          0x00000189   Thumb Code     0  arm_startup_nrf51.o(.text)
    TIMER0_IRQHandler                        0x00000189   Thumb Code     0  arm_startup_nrf51.o(.text)
    TIMER1_IRQHandler                        0x00000189   Thumb Code     0  arm_startup_nrf51.o(.text)
    TIMER2_IRQHandler                        0x00000189   Thumb Code     0  arm_startup_nrf51.o(.text)
    UART0_IRQHandler                         0x00000189   Thumb Code     0  arm_startup_nrf51.o(.text)
    WDT_IRQHandler                           0x00000189   Thumb Code     0  arm_startup_nrf51.o(.text)
    __user_initial_stackheap                 0x0000018d   Thumb Code    10  arm_startup_nrf51.o(.text)
    __use_two_region_memory                  0x000001b9   Thumb Code     2  heapauxi.o(.text)
    __rt_heap_escrow$2region                 0x000001bb   Thumb Code     2  heapauxi.o(.text)
    __rt_heap_expand$2region                 0x000001bd   Thumb Code     2  heapauxi.o(.text)
    __user_setup_stackheap                   0x000001bf   Thumb Code    62  sys_stackheap_outer.o(.text)
    exit                                     0x000001fd   Thumb Code    12  exit.o(.text)
    __user_libspace                          0x00000209   Thumb Code     8  libspace.o(.text)
    __user_perproc_libspace                  0x00000209   Thumb Code     0  libspace.o(.text)
    __user_perthread_libspace                0x00000209   Thumb Code     0  libspace.o(.text)
    _sys_exit                                0x00000211   Thumb Code     8  sys_exit.o(.text)
    __I$use$semihosting                      0x0000021d   Thumb Code     0  use_no_semi.o(.text)
    __use_no_semihosting_swi                 0x0000021d   Thumb Code     2  use_no_semi.o(.text)
    LED_Init                                 0x0000021f   Thumb Code    28  usrled.o(i.LED_Init)
    __semihosting_library_function           0x0000021f   Thumb Code     0  indicate_semi.o(.text)
    SystemCoreClockUpdate                    0x0000023d   Thumb Code     8  system_nrf51.o(i.SystemCoreClockUpdate)
    SystemInit                               0x0000024d   Thumb Code    72  system_nrf51.o(i.SystemInit)
    main                                     0x000002ad   Thumb Code   130  usrcode.o(i.main)
    Region$$Table$$Base                      0x000003a4   Number         0  anon$$obj.o(Region$$Table)
    Region$$Table$$Limit                     0x000003c4   Number         0  anon$$obj.o(Region$$Table)
    SystemCoreClock                          0x20000000   Data           4  system_nrf51.o(.data)
    __libspace_start                         0x20000004   Data          96  libspace.o(.bss)
    __temporary_stack_top$libspace           0x20000064   Data           0  libspace.o(.bss)



==============================================================================

Memory Map of the image

  Image Entry point : 0x000000c1

  Load Region LR_IROM1 (Base: 0x00000000, Size: 0x000003c8, Max: 0x00040000, ABSOLUTE)

    Execution Region ER_IROM1 (Base: 0x00000000, Size: 0x000003c4, Max: 0x00040000, ABSOLUTE)

    Base Addr    Size         Type   Attr      Idx    E Section Name        Object

    0x00000000   0x000000c0   Data   RO          411    RESET               arm_startup_nrf51.o
    0x000000c0   0x00000008   Code   RO          474  * !!!main             c_p.l(__main.o)
    0x000000c8   0x0000003c   Code   RO          632    !!!scatter          c_p.l(__scatter.o)
    0x00000104   0x0000001a   Code   RO          634    !!handler_copy      c_p.l(__scatter_copy.o)
    0x0000011e   0x00000002   PAD
    0x00000120   0x0000001c   Code   RO          636    !!handler_zi        c_p.l(__scatter_zi.o)
    0x0000013c   0x00000002   Code   RO          502    .ARM.Collect$$libinit$$00000000  c_p.l(libinit.o)
    0x0000013e   0x00000000   Code   RO          510    .ARM.Collect$$libinit$$00000002  c_p.l(libinit2.o)
    0x0000013e   0x00000000   Code   RO          512    .ARM.Collect$$libinit$$00000004  c_p.l(libinit2.o)
    0x0000013e   0x00000000   Code   RO          515    .ARM.Collect$$libinit$$0000000A  c_p.l(libinit2.o)
    0x0000013e   0x00000000   Code   RO          517    .ARM.Collect$$libinit$$0000000C  c_p.l(libinit2.o)
    0x0000013e   0x00000000   Code   RO          519    .ARM.Collect$$libinit$$0000000E  c_p.l(libinit2.o)
    0x0000013e   0x00000000   Code   RO          522    .ARM.Collect$$libinit$$00000011  c_p.l(libinit2.o)
    0x0000013e   0x00000000   Code   RO          524    .ARM.Collect$$libinit$$00000013  c_p.l(libinit2.o)
    0x0000013e   0x00000000   Code   RO          526    .ARM.Collect$$libinit$$00000015  c_p.l(libinit2.o)
    0x0000013e   0x00000000   Code   RO          528    .ARM.Collect$$libinit$$00000017  c_p.l(libinit2.o)
    0x0000013e   0x00000000   Code   RO          530    .ARM.Collect$$libinit$$00000019  c_p.l(libinit2.o)
    0x0000013e   0x00000000   Code   RO          532    .ARM.Collect$$libinit$$0000001B  c_p.l(libinit2.o)
    0x0000013e   0x00000000   Code   RO          534    .ARM.Collect$$libinit$$0000001D  c_p.l(libinit2.o)
    0x0000013e   0x00000000   Code   RO          536    .ARM.Collect$$libinit$$0000001F  c_p.l(libinit2.o)
    0x0000013e   0x00000000   Code   RO          538    .ARM.Collect$$libinit$$00000021  c_p.l(libinit2.o)
    0x0000013e   0x00000000   Code   RO          540    .ARM.Collect$$libinit$$00000023  c_p.l(libinit2.o)
    0x0000013e   0x00000000   Code   RO          542    .ARM.Collect$$libinit$$00000025  c_p.l(libinit2.o)
    0x0000013e   0x00000000   Code   RO          546    .ARM.Collect$$libinit$$0000002C  c_p.l(libinit2.o)
    0x0000013e   0x00000000   Code   RO          548    .ARM.Collect$$libinit$$0000002E  c_p.l(libinit2.o)
    0x0000013e   0x00000000   Code   RO          550    .ARM.Collect$$libinit$$00000030  c_p.l(libinit2.o)
    0x0000013e   0x00000000   Code   RO          552    .ARM.Collect$$libinit$$00000032  c_p.l(libinit2.o)
    0x0000013e   0x00000002   Code   RO          553    .ARM.Collect$$libinit$$00000033  c_p.l(libinit2.o)
    0x00000140   0x00000002   Code   RO          573    .ARM.Collect$$libshutdown$$00000000  c_p.l(libshutdown.o)
    0x00000142   0x00000000   Code   RO          587    .ARM.Collect$$libshutdown$$00000003  c_p.l(libshutdown2.o)
    0x00000142   0x00000000   Code   RO          590    .ARM.Collect$$libshutdown$$00000006  c_p.l(libshutdown2.o)
    0x00000142   0x00000000   Code   RO          593    .ARM.Collect$$libshutdown$$00000009  c_p.l(libshutdown2.o)
    0x00000142   0x00000000   Code   RO          595    .ARM.Collect$$libshutdown$$0000000B  c_p.l(libshutdown2.o)
    0x00000142   0x00000000   Code   RO          598    .ARM.Collect$$libshutdown$$0000000E  c_p.l(libshutdown2.o)
    0x00000142   0x00000002   Code   RO          599    .ARM.Collect$$libshutdown$$0000000F  c_p.l(libshutdown2.o)
    0x00000144   0x00000000   Code   RO          476    .ARM.Collect$$rtentry$$00000000  c_p.l(__rtentry.o)
    0x00000144   0x00000000   Code   RO          478    .ARM.Collect$$rtentry$$00000002  c_p.l(__rtentry2.o)
    0x00000144   0x00000006   Code   RO          490    .ARM.Collect$$rtentry$$00000004  c_p.l(__rtentry4.o)
    0x0000014a   0x00000000   Code   RO          480    .ARM.Collect$$rtentry$$00000009  c_p.l(__rtentry2.o)
    0x0000014a   0x00000004   Code   RO          481    .ARM.Collect$$rtentry$$0000000A  c_p.l(__rtentry2.o)
    0x0000014e   0x00000000   Code   RO          483    .ARM.Collect$$rtentry$$0000000C  c_p.l(__rtentry2.o)
    0x0000014e   0x00000008   Code   RO          484    .ARM.Collect$$rtentry$$0000000D  c_p.l(__rtentry2.o)
    0x00000156   0x00000002   Code   RO          507    .ARM.Collect$$rtexit$$00000000  c_p.l(rtexit.o)
    0x00000158   0x00000000   Code   RO          555    .ARM.Collect$$rtexit$$00000002  c_p.l(rtexit2.o)
    0x00000158   0x00000004   Code   RO          556    .ARM.Collect$$rtexit$$00000003  c_p.l(rtexit2.o)
    0x0000015c   0x00000006   Code   RO          557    .ARM.Collect$$rtexit$$00000004  c_p.l(rtexit2.o)
    0x00000162   0x00000002   PAD
    0x00000164   0x00000054   Code   RO          412    .text               arm_startup_nrf51.o
    0x000001b8   0x00000006   Code   RO          472    .text               c_p.l(heapauxi.o)
    0x000001be   0x0000003e   Code   RO          492    .text               c_p.l(sys_stackheap_outer.o)
    0x000001fc   0x0000000c   Code   RO          495    .text               c_p.l(exit.o)
    0x00000208   0x00000008   Code   RO          503    .text               c_p.l(libspace.o)
    0x00000210   0x0000000c   Code   RO          565    .text               c_p.l(sys_exit.o)
    0x0000021c   0x00000002   Code   RO          576    .text               c_p.l(use_no_semi.o)
    0x0000021e   0x00000000   Code   RO          578    .text               c_p.l(indicate_semi.o)
    0x0000021e   0x0000001c   Code   RO          136    i.LED_Init          usrled.o
    0x0000023a   0x00000002   PAD
    0x0000023c   0x00000010   Code   RO          418    i.SystemCoreClockUpdate  system_nrf51.o
    0x0000024c   0x00000060   Code   RO          419    i.SystemInit        system_nrf51.o
    0x000002ac   0x00000082   Code   RO            3    i.main              usrcode.o
    0x0000032e   0x00000004   Code   RO          420    i.nrf51_errata_26   system_nrf51.o
    0x00000332   0x00000004   Code   RO          421    i.nrf51_errata_59   system_nrf51.o
    0x00000336   0x00000004   Code   RO          422    i.nrf51_errata_76   system_nrf51.o
    0x0000033a   0x00000002   PAD
    0x0000033c   0x00000034   Code   RO            4    i.nrf_delay_ms      usrcode.o
    0x00000370   0x00000014   Code   RO          137    i.nrf_gpio_cfg_output  usrled.o
    0x00000384   0x00000010   Code   RO            5    i.nrf_gpio_pin_clear  usrcode.o
    0x00000394   0x00000010   Code   RO            6    i.nrf_gpio_pin_set  usrcode.o
    0x000003a4   0x00000020   Data   RO          630    Region$$Table       anon$$obj.o


    Execution Region RW_IRAM1 (Base: 0x20000000, Size: 0x00001068, Max: 0x00008000, ABSOLUTE)

    Base Addr    Size         Type   Attr      Idx    E Section Name        Object

    0x20000000   0x00000004   Data   RW          423    .data               system_nrf51.o
    0x20000004   0x00000060   Zero   RW          504    .bss                c_p.l(libspace.o)
    0x20000064   0x00000004   PAD
    0x20000068   0x00000800   Zero   RW          410    HEAP                arm_startup_nrf51.o
    0x20000868   0x00000800   Zero   RW          409    STACK               arm_startup_nrf51.o


==============================================================================

Image component sizes


      Code (inc. data)   RO Data    RW Data    ZI Data      Debug   Object Name

        84         36        192          0       4096        732   arm_startup_nrf51.o
       124         32          0          4          0       2851   system_nrf51.o
       214         20          0          0          0      26015   usrcode.o
        48          0          0          0          0       4267   usrled.o

    ----------------------------------------------------------------------
       474         88        224          4       4096      33865   Object Totals
         0          0         32          0          0          0   (incl. Generated)
         4          0          0          0          0          0   (incl. Padding)

    ----------------------------------------------------------------------

      Code (inc. data)   RO Data    RW Data    ZI Data      Debug   Library Member Name

         8          0          0          0          0         68   __main.o
         0          0          0          0          0          0   __rtentry.o
        12          0          0          0          0          0   __rtentry2.o
         6          0          0          0          0          0   __rtentry4.o
        60          8          0          0          0          0   __scatter.o
        26          0          0          0          0          0   __scatter_copy.o
        28          0          0          0          0          0   __scatter_zi.o
        12          0          0          0          0         64   exit.o
         6          0          0          0          0        136   heapauxi.o
         0          0          0          0          0          0   indicate_semi.o
         2          0          0          0          0          0   libinit.o
         2          0          0          0          0          0   libinit2.o
         2          0          0          0          0          0   libshutdown.o
         2          0          0          0          0          0   libshutdown2.o
         8          4          0          0         96         68   libspace.o
         2          0          0          0          0          0   rtexit.o
        10          0          0          0          0          0   rtexit2.o
        12          4          0          0          0         60   sys_exit.o
        62          0          0          0          0         80   sys_stackheap_outer.o
         2          0          0          0          0         68   use_no_semi.o

    ----------------------------------------------------------------------
       266         16          0          0        100        544   Library Totals
         4          0          0          0          4          0   (incl. Padding)

    ----------------------------------------------------------------------

      Code (inc. data)   RO Data    RW Data    ZI Data      Debug   Library Name

       262         16          0          0         96        544   c_p.l

    ----------------------------------------------------------------------
       266         16          0          0        100        544   Library Totals

    ----------------------------------------------------------------------

==============================================================================


      Code (inc. data)   RO Data    RW Data    ZI Data      Debug   

       740        104        224          4       4196      33877   Grand Totals
       740        104        224          4       4196      33877   ELF Image Totals
       740        104        224          4          0          0   ROM Totals

==============================================================================

    Total RO  Size (Code + RO Data)                  964 (   0.94kB)
    Total RW  Size (RW Data + ZI Data)              4200 (   4.10kB)
    Total ROM Size (Code + RO Data + RW Data)        968 (   0.95kB)

==============================================================================

