Component: ARM Compiler 5.05 update 2 (build 169) Tool: armlink [4d0f33]

==============================================================================

Section Cross References

    usr_code.o(i.Usr_InitSetup) refers to usr_led.o(i.LED_Init) for LED_Init
    usr_code.o(i.Usr_InitSetup) refers to usr_uart.o(i.Usr_UartInit) for Usr_UartInit
    usr_code.o(i.Usr_InitSetup) refers to usr_timer.o(i.Usr_Timer_InitSetup) for Usr_Timer_InitSetup
    usr_code.o(i.Usr_InitSetup) refers to usr_i2c.o(i.Usr_I2C_InitSetup) for Usr_I2C_InitSetup
    usr_code.o(i.Usr_InitSetup) refers to usr_led.o(i.Usr_Key_Init) for Usr_Key_Init
    usr_code.o(i.main) refers to _printf_pad.o(.text) for _printf_pre_padding
    usr_code.o(i.main) refers to _printf_percent.o(.ARM.Collect$$_printf_percent$$00000000) for _printf_percent
    usr_code.o(i.main) refers to _printf_x.o(.ARM.Collect$$_printf_percent$$0000000C) for _printf_x
    usr_code.o(i.main) refers to _printf_hex_int.o(.text) for _printf_longlong_hex
    usr_code.o(i.main) refers to _printf_d.o(.ARM.Collect$$_printf_percent$$00000009) for _printf_d
    usr_code.o(i.main) refers to _printf_dec.o(.text) for _printf_int_dec
    usr_code.o(i.main) refers to usr_code.o(i.Usr_InitSetup) for Usr_InitSetup
    usr_code.o(i.main) refers to noretval__2printf.o(.text) for __2printf
    usr_code.o(i.main) refers to usr_led.o(i.Usr_Key_MainLoop) for Usr_Key_MainLoop
    usr_code.o(i.main) refers to usr_led.o(i.LED1_Toggle) for LED1_Toggle
    usr_code.o(i.main) refers to usr_led.o(i.LED2_Toggle) for LED2_Toggle
    usr_code.o(i.main) refers to usr_led.o(i.LED3_Toggle) for LED3_Toggle
    usr_code.o(i.main) refers to usr_led.o(i.LED4_Toggle) for LED4_Toggle
    usr_code.o(i.main) refers to app_uart_fifo.o(i.app_uart_get) for app_uart_get
    usr_code.o(i.main) refers to app_uart_fifo.o(i.app_uart_put) for app_uart_put
    usr_code.o(i.main) refers to usr_i2c.o(i.Usr_I2C_MainLoop) for Usr_I2C_MainLoop
    usr_code.o(i.main) refers to usr_code.o(.data) for Reset_Source
    usr_led.o(i.LED1_Close) refers to usr_led.o(i.nrf_gpio_pin_set) for nrf_gpio_pin_set
    usr_led.o(i.LED1_Open) refers to usr_led.o(i.nrf_gpio_pin_clear) for nrf_gpio_pin_clear
    usr_led.o(i.LED1_Toggle) refers to usr_led.o(i.nrf_gpio_pin_toggle) for nrf_gpio_pin_toggle
    usr_led.o(i.LED2_Close) refers to usr_led.o(i.nrf_gpio_pin_set) for nrf_gpio_pin_set
    usr_led.o(i.LED2_Open) refers to usr_led.o(i.nrf_gpio_pin_clear) for nrf_gpio_pin_clear
    usr_led.o(i.LED2_Toggle) refers to usr_led.o(i.nrf_gpio_pin_toggle) for nrf_gpio_pin_toggle
    usr_led.o(i.LED3_Close) refers to usr_led.o(i.nrf_gpio_pin_set) for nrf_gpio_pin_set
    usr_led.o(i.LED3_Open) refers to usr_led.o(i.nrf_gpio_pin_clear) for nrf_gpio_pin_clear
    usr_led.o(i.LED3_Toggle) refers to usr_led.o(i.nrf_gpio_pin_toggle) for nrf_gpio_pin_toggle
    usr_led.o(i.LED4_Close) refers to usr_led.o(i.nrf_gpio_pin_set) for nrf_gpio_pin_set
    usr_led.o(i.LED4_Open) refers to usr_led.o(i.nrf_gpio_pin_clear) for nrf_gpio_pin_clear
    usr_led.o(i.LED4_Toggle) refers to usr_led.o(i.nrf_gpio_pin_toggle) for nrf_gpio_pin_toggle
    usr_led.o(i.LED_Init) refers to usr_led.o(i.nrf_gpio_cfg_output) for nrf_gpio_cfg_output
    usr_led.o(i.LED_Init) refers to usr_led.o(i.LED1_Open) for LED1_Open
    usr_led.o(i.LED_Init) refers to usr_led.o(i.LED2_Close) for LED2_Close
    usr_led.o(i.LED_Init) refers to usr_led.o(i.LED3_Open) for LED3_Open
    usr_led.o(i.LED_Init) refers to usr_led.o(i.LED4_Close) for LED4_Close
    usr_led.o(i.Usr_Dbg_IO) refers to usr_led.o(i.nrf_gpio_pin_clear) for nrf_gpio_pin_clear
    usr_led.o(i.Usr_Dbg_IO) refers to usr_led.o(i.nrf_gpio_pin_set) for nrf_gpio_pin_set
    usr_led.o(i.Usr_Dbg_IO) refers to usr_led.o(i.nrf_gpio_pin_toggle) for nrf_gpio_pin_toggle
    usr_led.o(i.Usr_Key1_Up_Func) refers to noretval__2printf.o(.text) for __2printf
    usr_led.o(i.Usr_Key2_Up_Func) refers to noretval__2printf.o(.text) for __2printf
    usr_led.o(i.Usr_Key3_Up_Func) refers to noretval__2printf.o(.text) for __2printf
    usr_led.o(i.Usr_Key4_Up_Func) refers to noretval__2printf.o(.text) for __2printf
    usr_led.o(i.Usr_Key_Init) refers to usr_led.o(i.nrf_gpio_cfg_input) for nrf_gpio_cfg_input
    usr_led.o(i.Usr_Key_Init) refers to multi_button.o(i.button_init) for button_init
    usr_led.o(i.Usr_Key_Init) refers to multi_button.o(i.button_attach) for button_attach
    usr_led.o(i.Usr_Key_Init) refers to multi_button.o(i.button_start) for button_start
    usr_led.o(i.Usr_Key_Init) refers to usr_led.o(i.Usr_Read_Key1_State) for Usr_Read_Key1_State
    usr_led.o(i.Usr_Key_Init) refers to usr_led.o(.bss) for Key1
    usr_led.o(i.Usr_Key_Init) refers to usr_led.o(i.Usr_Read_Key2_State) for Usr_Read_Key2_State
    usr_led.o(i.Usr_Key_Init) refers to usr_led.o(i.Usr_Read_Key3_State) for Usr_Read_Key3_State
    usr_led.o(i.Usr_Key_Init) refers to usr_led.o(i.Usr_Read_Key4_State) for Usr_Read_Key4_State
[...]
    ../clib/angel/kernel.s                   0x00000000   Number         0  rtexit.o ABSOLUTE
    ../clib/angel/kernel.s                   0x00000000   Number         0  __rtentry4.o ABSOLUTE
    ../clib/angel/kernel.s                   0x00000000   Number         0  rtexit2.o ABSOLUTE
    ../clib/angel/kernel.s                   0x00000000   Number         0  __rtentry.o ABSOLUTE
    ../clib/angel/kernel.s                   0x00000000   Number         0  __rtentry2.o ABSOLUTE
    ../clib/angel/rt.s                       0x00000000   Number         0  rt_raise.o ABSOLUTE
    ../clib/angel/scatterp.s                 0x00000000   Number         0  __scatter.o ABSOLUTE
    ../clib/angel/startup.s                  0x00000000   Number         0  __main.o ABSOLUTE
    ../clib/angel/sys.s                      0x00000000   Number         0  indicate_semi.o ABSOLUTE
    ../clib/angel/sys.s                      0x00000000   Number         0  use_no_semi.o ABSOLUTE
    ../clib/angel/sys.s                      0x00000000   Number         0  sys_stackheap_outer.o ABSOLUTE
    ../clib/angel/sys.s                      0x00000000   Number         0  tempstk.o ABSOLUTE
    ../clib/angel/sys.s                      0x00000000   Number         0  libspace.o ABSOLUTE
    ../clib/angel/sysapp.c                   0x00000000   Number         0  sys_wrch.o ABSOLUTE
    ../clib/angel/sysapp.c                   0x00000000   Number         0  sys_command.o ABSOLUTE
    ../clib/angel/sysapp.c                   0x00000000   Number         0  sys_exit.o ABSOLUTE
    ../clib/armsys.c                         0x00000000   Number         0  no_argv.o ABSOLUTE
    ../clib/armsys.c                         0x00000000   Number         0  _get_argv_nomalloc.o ABSOLUTE
    ../clib/armsys.c                         0x00000000   Number         0  argv_veneer.o ABSOLUTE
    ../clib/division.c                       0x00000000   Number         0  rtudiv10.o ABSOLUTE
    ../clib/heapalloc.c                      0x00000000   Number         0  hrguard.o ABSOLUTE
    ../clib/heapaux.c                        0x00000000   Number         0  heapauxi.o ABSOLUTE
    ../clib/libinit.s                        0x00000000   Number         0  libinit2.o ABSOLUTE
    ../clib/libinit.s                        0x00000000   Number         0  libinit.o ABSOLUTE
    ../clib/libinit.s                        0x00000000   Number         0  libshutdown2.o ABSOLUTE
    ../clib/libinit.s                        0x00000000   Number         0  libshutdown.o ABSOLUTE
    ../clib/memcpset.c                       0x00000000   Number         0  rt_memcpy.o ABSOLUTE
    ../clib/memcpset.c                       0x00000000   Number         0  rt_memclr.o ABSOLUTE
    ../clib/memcpset.c                       0x00000000   Number         0  rt_memcpy.o ABSOLUTE
    ../clib/misc.s                           0x00000000   Number         0  printf_stubs.o ABSOLUTE
    ../clib/printf.c                         0x00000000   Number         0  _printf_hex_ll_ptr.o ABSOLUTE
    ../clib/printf.c                         0x00000000   Number         0  __printf_ss_wp.o ABSOLUTE
    ../clib/printf.c                         0x00000000   Number         0  _printf_hex_int_ll_ptr.o ABSOLUTE
    ../clib/printf.c                         0x00000000   Number         0  __printf_flags.o ABSOLUTE
    ../clib/printf.c                         0x00000000   Number         0  __printf_flags_wp.o ABSOLUTE
    ../clib/printf.c                         0x00000000   Number         0  _printf_dec.o ABSOLUTE
    ../clib/printf.c                         0x00000000   Number         0  __printf_ss.o ABSOLUTE
    ../clib/printf.c                         0x00000000   Number         0  __printf_flags_ss.o ABSOLUTE
    ../clib/printf.c                         0x00000000   Number         0  _printf_char_file.o ABSOLUTE
    ../clib/printf.c                         0x00000000   Number         0  _printf_intcommon.o ABSOLUTE
    ../clib/printf.c                         0x00000000   Number         0  __printf_nopercent.o ABSOLUTE
    ../clib/printf.c                         0x00000000   Number         0  _printf_hex_int_ptr.o ABSOLUTE
    ../clib/printf.c                         0x00000000   Number         0  _printf_hex_ptr.o ABSOLUTE
    ../clib/printf.c                         0x00000000   Number         0  _printf_pad.o ABSOLUTE
    ../clib/printf.c                         0x00000000   Number         0  __printf.o ABSOLUTE
    ../clib/printf.c                         0x00000000   Number         0  noretval__2printf.o ABSOLUTE
    ../clib/printf.c                         0x00000000   Number         0  __printf_wp.o ABSOLUTE
    ../clib/printf.c                         0x00000000   Number         0  _printf_hex_int_ll.o ABSOLUTE
    ../clib/printf.c                         0x00000000   Number         0  _printf_hex_int.o ABSOLUTE
    ../clib/printf.c                         0x00000000   Number         0  __printf_flags_ss_wp.o ABSOLUTE
    ../clib/printf.c                         0x00000000   Number         0  _printf_hex_ll.o ABSOLUTE
    ../clib/printf.c                         0x00000000   Number         0  _printf_char_common.o ABSOLUTE
    ../clib/printf.c                         0x00000000   Number         0  __2printf.o ABSOLUTE
    ../clib/printf_percent.s                 0x00000000   Number         0  _printf_d.o ABSOLUTE
    ../clib/printf_percent.s                 0x00000000   Number         0  _printf_percent.o ABSOLUTE
    ../clib/printf_percent.s                 0x00000000   Number         0  _printf_percent_end.o ABSOLUTE
    ../clib/printf_percent.s                 0x00000000   Number         0  _printf_x.o ABSOLUTE
    ../clib/signal.c                         0x00000000   Number         0  defsig_rtmem_outer.o ABSOLUTE
    ../clib/signal.c                         0x00000000   Number         0  defsig_other.o ABSOLUTE
    ../clib/signal.c                         0x00000000   Number         0  defsig_segv_inner.o ABSOLUTE
    ../clib/signal.c                         0x00000000   Number         0  defsig_pvfn_inner.o ABSOLUTE
    ../clib/signal.c                         0x00000000   Number         0  defsig_stak_inner.o ABSOLUTE
    ../clib/signal.c                         0x00000000   Number         0  defsig_rtred_inner.o ABSOLUTE
    ../clib/signal.c                         0x00000000   Number         0  defsig_fpe_inner.o ABSOLUTE
    ../clib/signal.c                         0x00000000   Number         0  defsig_abrt_inner.o ABSOLUTE
    ../clib/signal.c                         0x00000000   Number         0  defsig_general.o ABSOLUTE
    ../clib/signal.c                         0x00000000   Number         0  __raise.o ABSOLUTE
    ../clib/signal.c                         0x00000000   Number         0  defsig_rtmem_inner.o ABSOLUTE
    ../clib/signal.c                         0x00000000   Number         0  defsig_exit.o ABSOLUTE
    ../clib/signal.c                         0x00000000   Number         0  defsig_cppl_inner.o ABSOLUTE
    ../clib/signal.c                         0x00000000   Number         0  defsig_rtmem_formal.o ABSOLUTE
    ../clib/signal.s                         0x00000000   Number         0  defsig.o ABSOLUTE
    ../clib/stdio.c                          0x00000000   Number         0  ferror_locked.o ABSOLUTE
    ../clib/stdio.c                          0x00000000   Number         0  ferror.o ABSOLUTE
    ../clib/stdlib.c                         0x00000000   Number         0  exit.o ABSOLUTE
    ../fplib/cfplib/fpinit.c                 0x00000000   Number         0  fpinit.o ABSOLUTE
    ..\\nRF5_SDK_12.3.0_d7731ad\\components\\drivers_nrf\\common\\nrf_drv_common.c 0x00000000   Number         0  nrf_drv_common_1.o ABSOLUTE
    ..\\nRF5_SDK_12.3.0_d7731ad\\components\\drivers_nrf\\timer\\nrf_drv_timer.c 0x00000000   Number         0  nrf_drv_timer.o ABSOLUTE
    ..\\nRF5_SDK_12.3.0_d7731ad\\components\\drivers_nrf\\twi_master\\deprecated\\twi_hw_master.c 0x00000000   Number         0  twi_hw_master.o ABSOLUTE
    ..\\nRF5_SDK_12.3.0_d7731ad\\components\\drivers_nrf\\twi_master\\nrf_drv_twi.c 0x00000000   Number         0  nrf_drv_twi.o ABSOLUTE
    ..\\nRF5_SDK_12.3.0_d7731ad\\components\\drivers_nrf\\uart\\nrf_drv_uart.c 0x00000000   Number         0  nrf_drv_uart.o ABSOLUTE
    ..\\nRF5_SDK_12.3.0_d7731ad\\components\\libraries\\fifo\\app_fifo.c 0x00000000   Number         0  app_fifo.o ABSOLUTE
    ..\\nRF5_SDK_12.3.0_d7731ad\\components\\libraries\\uart\\app_uart_fifo.c 0x00000000   Number         0  app_uart_fifo.o ABSOLUTE
    ..\\nRF5_SDK_12.3.0_d7731ad\\components\\libraries\\uart\\retarget.c 0x00000000   Number         0  retarget.o ABSOLUTE
    ..\\nRF5_SDK_12.3.0_d7731ad\\components\\libraries\\util\\app_error.c 0x00000000   Number         0  app_error.o ABSOLUTE
    ..\\nRF5_SDK_12.3.0_d7731ad\\components\\libraries\\util\\app_error_weak.c 0x00000000   Number         0  app_error_weak.o ABSOLUTE
    ..\\nRF5_SDK_12.3.0_d7731ad\\components\\libraries\\util\\nrf_assert.c 0x00000000   Number         0  nrf_assert.o ABSOLUTE
    ..\nRF5_SDK_12.3.0_d7731ad\components\drivers_nrf\common\nrf_drv_common.c 0x00000000   Number         0  nrf_drv_common_1.o ABSOLUTE
    ..\nRF5_SDK_12.3.0_d7731ad\components\drivers_nrf\timer\nrf_drv_timer.c 0x00000000   Number         0  nrf_drv_timer.o ABSOLUTE
    ..\nRF5_SDK_12.3.0_d7731ad\components\drivers_nrf\twi_master\deprecated\twi_hw_master.c 0x00000000   Number         0  twi_hw_master.o ABSOLUTE
    ..\nRF5_SDK_12.3.0_d7731ad\components\drivers_nrf\twi_master\nrf_drv_twi.c 0x00000000   Number         0  nrf_drv_twi.o ABSOLUTE
    ..\nRF5_SDK_12.3.0_d7731ad\components\drivers_nrf\uart\nrf_drv_uart.c 0x00000000   Number         0  nrf_drv_uart.o ABSOLUTE
    ..\nRF5_SDK_12.3.0_d7731ad\components\libraries\fifo\app_fifo.c 0x00000000   Number         0  app_fifo.o ABSOLUTE
    ..\nRF5_SDK_12.3.0_d7731ad\components\libraries\uart\app_uart_fifo.c 0x00000000   Number         0  app_uart_fifo.o ABSOLUTE
    ..\nRF5_SDK_12.3.0_d7731ad\components\libraries\uart\retarget.c 0x00000000   Number         0  retarget.o ABSOLUTE
    ..\nRF5_SDK_12.3.0_d7731ad\components\libraries\util\app_error.c 0x00000000   Number         0  app_error.o ABSOLUTE
    ..\nRF5_SDK_12.3.0_d7731ad\components\libraries\util\app_error_weak.c 0x00000000   Number         0  app_error_weak.o ABSOLUTE
    ..\nRF5_SDK_12.3.0_d7731ad\components\libraries\util\nrf_assert.c 0x00000000   Number         0  nrf_assert.o ABSOLUTE
    RTE\Device\nRF51822_xxAC\arm_startup_nrf51.s 0x00000000   Number         0  arm_startup_nrf51.o ABSOLUTE
    RTE\Device\nRF51822_xxAC\system_nrf51.c  0x00000000   Number         0  system_nrf51.o ABSOLUTE
    RTE\\Device\\nRF51822_xxAC\\system_nrf51.c 0x00000000   Number         0  system_nrf51.o ABSOLUTE
    UsrCode\MultiButton-master\multi_button.c 0x00000000   Number         0  multi_button.o ABSOLUTE
    UsrCode\Usr_Code.c                       0x00000000   Number         0  usr_code.o ABSOLUTE
    UsrCode\Usr_I2C.c                        0x00000000   Number         0  usr_i2c.o ABSOLUTE
    UsrCode\Usr_Led.c                        0x00000000   Number         0  usr_led.o ABSOLUTE
    UsrCode\Usr_Timer.c                      0x00000000   Number         0  usr_timer.o ABSOLUTE
    UsrCode\Usr_Uart.c                       0x00000000   Number         0  usr_uart.o ABSOLUTE
    UsrCode\\Usr_Code.c                      0x00000000   Number         0  usr_code.o ABSOLUTE
    UsrCode\\Usr_Led.c                       0x00000000   Number         0  usr_led.o ABSOLUTE
    UsrCode\\Usr_Timer.c                     0x00000000   Number         0  usr_timer.o ABSOLUTE
    UsrCode\\Usr_Uart.c                      0x00000000   Number         0  usr_uart.o ABSOLUTE
    dc.s                                     0x00000000   Number         0  dc.o ABSOLUTE
    !!!main                                  0x000000c0   Section        8  __main.o(!!!main)
    !!!scatter                               0x000000c8   Section       60  __scatter.o(!!!scatter)
    !!handler_copy                           0x00000104   Section       26  __scatter_copy.o(!!handler_copy)
    !!handler_zi                             0x00000120   Section       28  __scatter_zi.o(!!handler_zi)
    .ARM.Collect$$_printf_percent$$00000000  0x0000013c   Section        2  _printf_percent.o(.ARM.Collect$$_printf_percent$$00000000)
    .ARM.Collect$$_printf_percent$$00000009  0x0000013e   Section       10  _printf_d.o(.ARM.Collect$$_printf_percent$$00000009)
    .ARM.Collect$$_printf_percent$$0000000C  0x00000148   Section       10  _printf_x.o(.ARM.Collect$$_printf_percent$$0000000C)
    .ARM.Collect$$_printf_percent$$00000017  0x00000152   Section        4  _printf_percent_end.o(.ARM.Collect$$_printf_percent$$00000017)
    .ARM.Collect$$libinit$$00000000          0x00000156   Section        2  libinit.o(.ARM.Collect$$libinit$$00000000)
    .ARM.Collect$$libinit$$00000002          0x00000158   Section        0  libinit2.o(.ARM.Collect$$libinit$$00000002)
    .ARM.Collect$$libinit$$00000004          0x00000158   Section        0  libinit2.o(.ARM.Collect$$libinit$$00000004)
    .ARM.Collect$$libinit$$0000000A          0x00000158   Section        0  libinit2.o(.ARM.Collect$$libinit$$0000000A)
    .ARM.Collect$$libinit$$0000000C          0x00000158   Section        0  libinit2.o(.ARM.Collect$$libinit$$0000000C)
    .ARM.Collect$$libinit$$0000000E          0x00000158   Section        0  libinit2.o(.ARM.Collect$$libinit$$0000000E)
    .ARM.Collect$$libinit$$00000011          0x00000158   Section        0  libinit2.o(.ARM.Collect$$libinit$$00000011)
    .ARM.Collect$$libinit$$00000013          0x00000158   Section        0  libinit2.o(.ARM.Collect$$libinit$$00000013)
    .ARM.Collect$$libinit$$00000015          0x00000158   Section        0  libinit2.o(.ARM.Collect$$libinit$$00000015)
    .ARM.Collect$$libinit$$00000017          0x00000158   Section        0  libinit2.o(.ARM.Collect$$libinit$$00000017)
    .ARM.Collect$$libinit$$00000019          0x00000158   Section        0  libinit2.o(.ARM.Collect$$libinit$$00000019)
    .ARM.Collect$$libinit$$0000001B          0x00000158   Section        0  libinit2.o(.ARM.Collect$$libinit$$0000001B)
    .ARM.Collect$$libinit$$0000001D          0x00000158   Section        0  libinit2.o(.ARM.Collect$$libinit$$0000001D)
    .ARM.Collect$$libinit$$0000001F          0x00000158   Section        0  libinit2.o(.ARM.Collect$$libinit$$0000001F)
    .ARM.Collect$$libinit$$00000021          0x00000158   Section        0  libinit2.o(.ARM.Collect$$libinit$$00000021)
    .ARM.Collect$$libinit$$00000023          0x00000158   Section        0  libinit2.o(.ARM.Collect$$libinit$$00000023)
    .ARM.Collect$$libinit$$00000025          0x00000158   Section        0  libinit2.o(.ARM.Collect$$libinit$$00000025)
    .ARM.Collect$$libinit$$0000002C          0x00000158   Section        0  libinit2.o(.ARM.Collect$$libinit$$0000002C)
    .ARM.Collect$$libinit$$0000002E          0x00000158   Section        0  libinit2.o(.ARM.Collect$$libinit$$0000002E)
    .ARM.Collect$$libinit$$00000030          0x00000158   Section        0  libinit2.o(.ARM.Collect$$libinit$$00000030)
    .ARM.Collect$$libinit$$00000032          0x00000158   Section        0  libinit2.o(.ARM.Collect$$libinit$$00000032)
    .ARM.Collect$$libinit$$00000033          0x00000158   Section        2  libinit2.o(.ARM.Collect$$libinit$$00000033)
    .ARM.Collect$$libshutdown$$00000000      0x0000015a   Section        2  libshutdown.o(.ARM.Collect$$libshutdown$$00000000)
    .ARM.Collect$$libshutdown$$00000003      0x0000015c   Section        0  libshutdown2.o(.ARM.Collect$$libshutdown$$00000003)
    .ARM.Collect$$libshutdown$$00000006      0x0000015c   Section        0  libshutdown2.o(.ARM.Collect$$libshutdown$$00000006)
    .ARM.Collect$$libshutdown$$00000009      0x0000015c   Section        0  libshutdown2.o(.ARM.Collect$$libshutdown$$00000009)
    .ARM.Collect$$libshutdown$$0000000B      0x0000015c   Section        0  libshutdown2.o(.ARM.Collect$$libshutdown$$0000000B)
    .ARM.Collect$$libshutdown$$0000000E      0x0000015c   Section        0  libshutdown2.o(.ARM.Collect$$libshutdown$$0000000E)
    .ARM.Collect$$libshutdown$$0000000F      0x0000015c   Section        2  libshutdown2.o(.ARM.Collect$$libshutdown$$0000000F)
    .ARM.Collect$$rtentry$$00000000          0x0000015e   Section        0  __rtentry.o(.ARM.Collect$$rtentry$$00000000)
    .ARM.Collect$$rtentry$$00000002          0x0000015e   Section        0  __rtentry2.o(.ARM.Collect$$rtentry$$00000002)
    .ARM.Collect$$rtentry$$00000004          0x0000015e   Section        6  __rtentry4.o(.ARM.Collect$$rtentry$$00000004)
    .ARM.Collect$$rtentry$$00000009          0x00000164   Section        0  __rtentry2.o(.ARM.Collect$$rtentry$$00000009)
    .ARM.Collect$$rtentry$$0000000A          0x00000164   Section        4  __rtentry2.o(.ARM.Collect$$rtentry$$0000000A)
    .ARM.Collect$$rtentry$$0000000C          0x00000168   Section        0  __rtentry2.o(.ARM.Collect$$rtentry$$0000000C)
    .ARM.Collect$$rtentry$$0000000D          0x00000168   Section        8  __rtentry2.o(.ARM.Collect$$rtentry$$0000000D)
    .ARM.Collect$$rtexit$$00000000           0x00000170   Section        2  rtexit.o(.ARM.Collect$$rtexit$$00000000)
    .ARM.Collect$$rtexit$$00000002           0x00000172   Section        0  rtexit2.o(.ARM.Collect$$rtexit$$00000002)
    .ARM.Collect$$rtexit$$00000003           0x00000172   Section        4  rtexit2.o(.ARM.Collect$$rtexit$$00000003)
    .ARM.Collect$$rtexit$$00000004           0x00000176   Section        6  rtexit2.o(.ARM.Collect$$rtexit$$00000004)
    .emb_text                                0x0000017c   Section       56  rt_memcpy.o(.emb_text)
    .text                                    0x000001b4   Section       84  arm_startup_nrf51.o(.text)
    .text                                    0x00000208   Section        0  noretval__2printf.o(.text)
    .text                                    0x00000224   Section        0  _printf_pad.o(.text)
    .text                                    0x00000274   Section        0  _printf_dec.o(.text)
    .text                                    0x000002e0   Section        0  _printf_hex_int.o(.text)
    .text                                    0x00000338   Section        0  __printf_flags_wp.o(.text)
    .text                                    0x00000470   Section        0  rt_memclr.o(.text)
    .text                                    0x000004b0   Section        0  heapauxi.o(.text)
    .text                                    0x000004b6   Section        0  _printf_intcommon.o(.text)
    .text                                    0x00000568   Section        0  _printf_char_file.o(.text)
    .text                                    0x00000590   Section        0  rtudiv10.o(.text)
    .text                                    0x000005b8   Section        0  _printf_char_common.o(.text)
    _printf_input_char                       0x000005b9   Thumb Code    10  _printf_char_common.o(.text)
    .text                                    0x000005e8   Section        0  ferror.o(.text)
    .text                                    0x000005f0   Section       62  sys_stackheap_outer.o(.text)
    .text                                    0x0000062e   Section        0  exit.o(.text)
    .text                                    0x0000063c   Section        8  libspace.o(.text)
    .text                                    0x00000644   Section        0  sys_exit.o(.text)
    .text                                    0x00000650   Section        2  use_no_semi.o(.text)
    .text                                    0x00000652   Section        0  indicate_semi.o(.text)
    i.LED1_Open                              0x00000652   Section        0  usr_led.o(i.LED1_Open)
    i.LED1_Toggle                            0x0000065c   Section        0  usr_led.o(i.LED1_Toggle)
    i.LED2_Close                             0x00000666   Section        0  usr_led.o(i.LED2_Close)
    i.LED2_Toggle                            0x00000670   Section        0  usr_led.o(i.LED2_Toggle)
    i.LED3_Open                              0x0000067a   Section        0  usr_led.o(i.LED3_Open)
    i.LED3_Toggle                            0x00000684   Section        0  usr_led.o(i.LED3_Toggle)
    i.LED4_Close                             0x0000068e   Section        0  usr_led.o(i.LED4_Close)
    i.LED4_Toggle                            0x00000698   Section        0  usr_led.o(i.LED4_Toggle)
    i.LED_Init                               0x000006a2   Section        0  usr_led.o(i.LED_Init)
    i.NVIC_SetPriority                       0x000006dc   Section        0  nrf_drv_common_1.o(i.NVIC_SetPriority)
    NVIC_SetPriority                         0x000006dd   Thumb Code   110  nrf_drv_common_1.o(i.NVIC_SetPriority)
    i.SystemCoreClockUpdate                  0x00000754   Section        0  system_nrf51.o(i.SystemCoreClockUpdate)
    i.SystemInit                             0x00000764   Section        0  system_nrf51.o(i.SystemInit)
    i.TIMER0_IRQHandler                      0x000007cc   Section        0  nrf_drv_timer.o(i.TIMER0_IRQHandler)
    i.Timer0_Handler                         0x000007e4   Section        0  usr_timer.o(i.Timer0_Handler)
    i.UART0_IRQHandler                       0x0000082c   Section        0  nrf_drv_uart.o(i.UART0_IRQHandler)
    i.Usr_Dbg_IO                             0x00000840   Section        0  usr_led.o(i.Usr_Dbg_IO)
    i.Usr_I2C_InitSetup                      0x00000896   Section        0  usr_i2c.o(i.Usr_I2C_InitSetup)
    i.Usr_I2C_MainLoop                       0x000008a0   Section        0  usr_i2c.o(i.Usr_I2C_MainLoop)
    i.Usr_InitSetup                          0x00001174   Section        0  usr_code.o(i.Usr_InitSetup)
    i.Usr_Key1_Up_Func                       0x0000118c   Section        0  usr_led.o(i.Usr_Key1_Up_Func)
    i.Usr_Key2_Up_Func                       0x000011a8   Section        0  usr_led.o(i.Usr_Key2_Up_Func)
    i.Usr_Key3_Up_Func                       0x000011c4   Section        0  usr_led.o(i.Usr_Key3_Up_Func)
    i.Usr_Key4_Up_Func                       0x000011e0   Section        0  usr_led.o(i.Usr_Key4_Up_Func)
    i.Usr_Key_Init                           0x000011fc   Section        0  usr_led.o(i.Usr_Key_Init)
    i.Usr_Key_MainLoop                       0x000012c0   Section        0  usr_led.o(i.Usr_Key_MainLoop)
    i.Usr_Read_Key1_State                    0x000012f8   Section        0  usr_led.o(i.Usr_Read_Key1_State)
    i.Usr_Read_Key2_State                    0x00001308   Section        0  usr_led.o(i.Usr_Read_Key2_State)
    i.Usr_Read_Key3_State                    0x00001316   Section        0  usr_led.o(i.Usr_Read_Key3_State)
    i.Usr_Read_Key4_State                    0x00001324   Section        0  usr_led.o(i.Usr_Read_Key4_State)
    i.Usr_Timer_InitSetup                    0x00001334   Section        0  usr_timer.o(i.Usr_Timer_InitSetup)
    i.Usr_UartInit                           0x000013a4   Section        0  usr_uart.o(i.Usr_UartInit)
    i.__ARM_common_switch8                   0x00001400   Section        0  multi_button.o(i.__ARM_common_switch8)
    i._is_digit                              0x0000141c   Section        0  __printf_wp.o(i._is_digit)
    i.app_error_fault_handler                0x0000142c   Section        0  app_error_weak.o(i.app_error_fault_handler)
    i.app_error_handler_bare                 0x00001464   Section        0  app_error.o(i.app_error_handler_bare)
    i.app_fifo_get                           0x00001484   Section        0  app_fifo.o(i.app_fifo_get)
    i.app_fifo_init                          0x000014a4   Section        0  app_fifo.o(i.app_fifo_init)
    i.app_fifo_put                           0x000014ce   Section        0  app_fifo.o(i.app_fifo_put)
    i.app_uart_get                           0x000014f0   Section        0  app_uart_fifo.o(i.app_uart_get)
    i.app_uart_init                          0x00001544   Section        0  app_uart_fifo.o(i.app_uart_init)
    i.app_uart_put                           0x00001630   Section        0  app_uart_fifo.o(i.app_uart_put)
    i.apply_config                           0x00001674   Section        0  nrf_drv_uart.o(i.apply_config)
    apply_config                             0x00001675   Thumb Code   140  nrf_drv_uart.o(i.apply_config)
    i.button_attach                          0x00001700   Section        0  multi_button.o(i.button_attach)
    i.button_handler                         0x0000170c   Section        0  multi_button.o(i.button_handler)
    button_handler                           0x0000170d   Thumb Code   630  multi_button.o(i.button_handler)
    i.button_init                            0x00001982   Section        0  multi_button.o(i.button_init)
    i.button_start                           0x000019d0   Section        0  multi_button.o(i.button_start)
    i.button_ticks                           0x000019fc   Section        0  multi_button.o(i.button_ticks)
    i.compute_crc8                           0x00001a18   Section        0  usr_i2c.o(i.compute_crc8)
    i.fifo_get                               0x00001a3c   Section        0  app_fifo.o(i.fifo_get)
    fifo_get                                 0x00001a3d   Thumb Code    24  app_fifo.o(i.fifo_get)
    i.fifo_length                            0x00001a54   Section        0  app_uart_fifo.o(i.fifo_length)
    fifo_length                              0x00001a55   Thumb Code    10  app_uart_fifo.o(i.fifo_length)
    i.fifo_length                            0x00001a5e   Section        0  app_fifo.o(i.fifo_length)
    fifo_length                              0x00001a5f   Thumb Code    10  app_fifo.o(i.fifo_length)
    i.fifo_peek                              0x00001a68   Section        0  app_fifo.o(i.fifo_peek)
    fifo_peek                                0x00001a69   Thumb Code    18  app_fifo.o(i.fifo_peek)
    i.fifo_put                               0x00001a7a   Section        0  app_fifo.o(i.fifo_put)
    fifo_put                                 0x00001a7b   Thumb Code    18  app_fifo.o(i.fifo_put)
    i.fputc                                  0x00001a8c   Section        0  retarget.o(i.fputc)
    i.irq_handler                            0x00001a9c   Section        0  nrf_drv_timer.o(i.irq_handler)
    irq_handler                              0x00001a9d   Thumb Code   104  nrf_drv_timer.o(i.irq_handler)
    i.main                                   0x00001b04   Section        0  usr_code.o(i.main)
    i.nrf51_errata_26                        0x00001bec   Section        0  system_nrf51.o(i.nrf51_errata_26)
    nrf51_errata_26                          0x00001bed   Thumb Code     4  system_nrf51.o(i.nrf51_errata_26)
    i.nrf51_errata_59                        0x00001bf0   Section        0  system_nrf51.o(i.nrf51_errata_59)
    nrf51_errata_59                          0x00001bf1   Thumb Code     4  system_nrf51.o(i.nrf51_errata_59)
    i.nrf51_errata_76                        0x00001bf4   Section        0  system_nrf51.o(i.nrf51_errata_76)
    nrf51_errata_76                          0x00001bf5   Thumb Code     4  system_nrf51.o(i.nrf51_errata_76)
    i.nrf_delay_us                           0x00001bf8   Section        0  twi_hw_master.o(i.nrf_delay_us)
    nrf_delay_us                             0x00001bf9   Thumb Code    54  twi_hw_master.o(i.nrf_delay_us)
    i.nrf_drv_common_irq_enable              0x00001c38   Section        0  nrf_drv_common_1.o(i.nrf_drv_common_irq_enable)
    i.nrf_drv_get_IRQn                       0x00001c70   Section        0  nrf_drv_uart.o(i.nrf_drv_get_IRQn)
    nrf_drv_get_IRQn                         0x00001c71   Thumb Code    10  nrf_drv_uart.o(i.nrf_drv_get_IRQn)
    i.nrf_drv_get_IRQn                       0x00001c7a   Section        0  nrf_drv_timer.o(i.nrf_drv_get_IRQn)
    nrf_drv_get_IRQn                         0x00001c7b   Thumb Code    10  nrf_drv_timer.o(i.nrf_drv_get_IRQn)
    i.nrf_drv_timer_compare                  0x00001c84   Section        0  nrf_drv_timer.o(i.nrf_drv_timer_compare)
    i.nrf_drv_timer_enable                   0x00001cbc   Section        0  nrf_drv_timer.o(i.nrf_drv_timer_enable)
    i.nrf_drv_timer_extended_compare         0x00001cdc   Section        0  nrf_drv_timer.o(i.nrf_drv_timer_extended_compare)
    i.nrf_drv_timer_init                     0x00001d1c   Section        0  nrf_drv_timer.o(i.nrf_drv_timer_init)
    i.nrf_drv_uart_init                      0x00001df4   Section        0  nrf_drv_uart.o(i.nrf_drv_uart_init)
    i.nrf_drv_uart_rx                        0x00001e8c   Section        0  nrf_drv_uart.o(i.nrf_drv_uart_rx)
    i.nrf_drv_uart_rx_enable                 0x00001f00   Section        0  nrf_drv_uart.o(i.nrf_drv_uart_rx_enable)
    i.nrf_drv_uart_rx_for_uart               0x00001f30   Section        0  nrf_drv_uart.o(i.nrf_drv_uart_rx_for_uart)
    nrf_drv_uart_rx_for_uart                 0x00001f31   Thumb Code   206  nrf_drv_uart.o(i.nrf_drv_uart_rx_for_uart)
    i.nrf_drv_uart_tx                        0x00002004   Section        0  nrf_drv_uart.o(i.nrf_drv_uart_tx)
    i.nrf_drv_uart_tx_for_uart               0x0000203c   Section        0  nrf_drv_uart.o(i.nrf_drv_uart_tx_for_uart)
    nrf_drv_uart_tx_for_uart                 0x0000203d   Thumb Code   148  nrf_drv_uart.o(i.nrf_drv_uart_tx_for_uart)
    i.nrf_drv_uart_tx_in_progress            0x000020d4   Section        0  nrf_drv_uart.o(i.nrf_drv_uart_tx_in_progress)
    i.nrf_gpio_cfg                           0x000020f4   Section        0  usr_led.o(i.nrf_gpio_cfg)
    nrf_gpio_cfg                             0x000020f5   Thumb Code    42  usr_led.o(i.nrf_gpio_cfg)
    i.nrf_gpio_cfg                           0x0000211e   Section        0  nrf_drv_uart.o(i.nrf_gpio_cfg)
    nrf_gpio_cfg                             0x0000211f   Thumb Code    42  nrf_drv_uart.o(i.nrf_gpio_cfg)
    i.nrf_gpio_cfg_input                     0x00002148   Section        0  usr_led.o(i.nrf_gpio_cfg_input)
    nrf_gpio_cfg_input                       0x00002149   Thumb Code    26  usr_led.o(i.nrf_gpio_cfg_input)
    i.nrf_gpio_cfg_input                     0x00002162   Section        0  nrf_drv_uart.o(i.nrf_gpio_cfg_input)
    nrf_gpio_cfg_input                       0x00002163   Thumb Code    26  nrf_drv_uart.o(i.nrf_gpio_cfg_input)
    i.nrf_gpio_cfg_output                    0x0000217c   Section        0  usr_led.o(i.nrf_gpio_cfg_output)
    nrf_gpio_cfg_output                      0x0000217d   Thumb Code    24  usr_led.o(i.nrf_gpio_cfg_output)
    i.nrf_gpio_cfg_output                    0x00002194   Section        0  nrf_drv_uart.o(i.nrf_gpio_cfg_output)
    nrf_gpio_cfg_output                      0x00002195   Thumb Code    24  nrf_drv_uart.o(i.nrf_gpio_cfg_output)
    i.nrf_gpio_pin_clear                     0x000021ac   Section        0  usr_led.o(i.nrf_gpio_pin_clear)
    nrf_gpio_pin_clear                       0x000021ad   Thumb Code    24  usr_led.o(i.nrf_gpio_pin_clear)
    i.nrf_gpio_pin_read                      0x000021c4   Section        0  usr_led.o(i.nrf_gpio_pin_read)
    nrf_gpio_pin_read                        0x000021c5   Thumb Code    26  usr_led.o(i.nrf_gpio_pin_read)
    i.nrf_gpio_pin_set                       0x000021de   Section        0  usr_led.o(i.nrf_gpio_pin_set)
    nrf_gpio_pin_set                         0x000021df   Thumb Code    24  usr_led.o(i.nrf_gpio_pin_set)
    i.nrf_gpio_pin_set                       0x000021f6   Section        0  nrf_drv_uart.o(i.nrf_gpio_pin_set)
    nrf_gpio_pin_set                         0x000021f7   Thumb Code    24  nrf_drv_uart.o(i.nrf_gpio_pin_set)
    i.nrf_gpio_pin_toggle                    0x0000220e   Section        0  usr_led.o(i.nrf_gpio_pin_toggle)
    nrf_gpio_pin_toggle                      0x0000220f   Thumb Code    46  usr_led.o(i.nrf_gpio_pin_toggle)
    i.nrf_timer_compare_event_get            0x0000223c   Section        0  nrf_drv_timer.o(i.nrf_timer_compare_event_get)
    nrf_timer_compare_event_get              0x0000223d   Thumb Code    12  nrf_drv_timer.o(i.nrf_timer_compare_event_get)
    i.nrf_timer_compare_int_get              0x00002248   Section        0  nrf_drv_timer.o(i.nrf_timer_compare_int_get)
    nrf_timer_compare_int_get                0x00002249   Thumb Code    10  nrf_drv_timer.o(i.nrf_timer_compare_int_get)
    i.nrf_timer_event_clear                  0x00002252   Section        0  nrf_drv_timer.o(i.nrf_timer_event_clear)
    nrf_timer_event_clear                    0x00002253   Thumb Code     6  nrf_drv_timer.o(i.nrf_timer_event_clear)
    i.nrf_timer_int_disable                  0x00002258   Section        0  nrf_drv_timer.o(i.nrf_timer_int_disable)
    nrf_timer_int_disable                    0x00002259   Thumb Code    10  nrf_drv_timer.o(i.nrf_timer_int_disable)
    i.nrf_timer_int_enable                   0x00002262   Section        0  nrf_drv_timer.o(i.nrf_timer_int_enable)
    nrf_timer_int_enable                     0x00002263   Thumb Code    10  nrf_drv_timer.o(i.nrf_timer_int_enable)
    i.nrf_timer_shorts_disable               0x0000226c   Section        0  nrf_drv_timer.o(i.nrf_timer_shorts_disable)
    nrf_timer_shorts_disable                 0x0000226d   Thumb Code    16  nrf_drv_timer.o(i.nrf_timer_shorts_disable)
    i.nrf_timer_task_trigger                 0x0000227c   Section        0  nrf_drv_timer.o(i.nrf_timer_task_trigger)
    nrf_timer_task_trigger                   0x0000227d   Thumb Code     6  nrf_drv_timer.o(i.nrf_timer_task_trigger)
    i.nrf_uart_errorsrc_get_and_clear        0x00002282   Section        0  nrf_drv_uart.o(i.nrf_uart_errorsrc_get_and_clear)
    nrf_uart_errorsrc_get_and_clear          0x00002283   Thumb Code    20  nrf_drv_uart.o(i.nrf_uart_errorsrc_get_and_clear)
    i.nrf_uart_event_check                   0x00002296   Section        0  nrf_drv_uart.o(i.nrf_uart_event_check)
    nrf_uart_event_check                     0x00002297   Thumb Code    16  nrf_drv_uart.o(i.nrf_uart_event_check)
    i.nrf_uart_event_clear                   0x000022a6   Section        0  nrf_drv_uart.o(i.nrf_uart_event_clear)
    nrf_uart_event_clear                     0x000022a7   Thumb Code     6  nrf_drv_uart.o(i.nrf_uart_event_clear)
    i.nrf_uart_hwfc_pins_set                 0x000022ac   Section        0  nrf_drv_uart.o(i.nrf_uart_hwfc_pins_set)
    nrf_uart_hwfc_pins_set                   0x000022ad   Thumb Code    18  nrf_drv_uart.o(i.nrf_uart_hwfc_pins_set)
    i.nrf_uart_int_disable                   0x000022be   Section        0  nrf_drv_uart.o(i.nrf_uart_int_disable)
    nrf_uart_int_disable                     0x000022bf   Thumb Code    10  nrf_drv_uart.o(i.nrf_uart_int_disable)
    i.nrf_uart_int_enable                    0x000022c8   Section        0  nrf_drv_uart.o(i.nrf_uart_int_enable)
    nrf_uart_int_enable                      0x000022c9   Thumb Code    10  nrf_drv_uart.o(i.nrf_uart_int_enable)
    i.nrf_uart_int_enable_check              0x000022d2   Section        0  nrf_drv_uart.o(i.nrf_uart_int_enable_check)
    nrf_uart_int_enable_check                0x000022d3   Thumb Code    24  nrf_drv_uart.o(i.nrf_uart_int_enable_check)
    i.nrf_uart_task_trigger                  0x000022ea   Section        0  nrf_drv_uart.o(i.nrf_uart_task_trigger)
    nrf_uart_task_trigger                    0x000022eb   Thumb Code     6  nrf_drv_uart.o(i.nrf_uart_task_trigger)
    i.nrf_uart_txrx_pins_set                 0x000022f0   Section        0  nrf_drv_uart.o(i.nrf_uart_txrx_pins_set)
    nrf_uart_txrx_pins_set                   0x000022f1   Thumb Code    18  nrf_drv_uart.o(i.nrf_uart_txrx_pins_set)
    i.rx_byte                                0x00002302   Section        0  nrf_drv_uart.o(i.rx_byte)
    rx_byte                                  0x00002303   Thumb Code    72  nrf_drv_uart.o(i.rx_byte)
    i.rx_done_event                          0x0000234a   Section        0  nrf_drv_uart.o(i.rx_done_event)
    rx_done_event                            0x0000234b   Thumb Code    28  nrf_drv_uart.o(i.rx_done_event)
    i.rx_enable                              0x00002366   Section        0  nrf_drv_uart.o(i.rx_enable)
    rx_enable                                0x00002367   Thumb Code    34  nrf_drv_uart.o(i.rx_enable)
    i.sensirion_common_generate              0x00002388   Section        0  usr_i2c.o(i.sensirion_common_generate)
    i.twi_master_clear_bus                   0x000023c4   Section        0  twi_hw_master.o(i.twi_master_clear_bus)
    twi_master_clear_bus                     0x000023c5   Thumb Code   216  twi_hw_master.o(i.twi_master_clear_bus)
    i.twi_master_init                        0x000024a8   Section        0  twi_hw_master.o(i.twi_master_init)
    i.twi_master_read                        0x00002514   Section        0  twi_hw_master.o(i.twi_master_read)
    twi_master_read                          0x00002515   Thumb Code   248  twi_hw_master.o(i.twi_master_read)
    i.twi_master_transfer                    0x00002624   Section        0  twi_hw_master.o(i.twi_master_transfer)
    i.twi_master_write                       0x00002670   Section        0  twi_hw_master.o(i.twi_master_write)
    twi_master_write                         0x00002671   Thumb Code   168  twi_hw_master.o(i.twi_master_write)
    i.tx_byte                                0x0000272c   Section        0  nrf_drv_uart.o(i.tx_byte)
    tx_byte                                  0x0000272d   Thumb Code    42  nrf_drv_uart.o(i.tx_byte)
    i.tx_done_event                          0x00002756   Section        0  nrf_drv_uart.o(i.tx_done_event)
    tx_done_event                            0x00002757   Thumb Code    34  nrf_drv_uart.o(i.tx_done_event)
    i.uart_error_handle                      0x00002778   Section        0  usr_uart.o(i.uart_error_handle)
    i.uart_event_handler                     0x000027a0   Section        0  app_uart_fifo.o(i.uart_event_handler)
    uart_event_handler                       0x000027a1   Thumb Code   190  app_uart_fifo.o(i.uart_event_handler)
    i.uart_irq_handler                       0x0000287c   Section        0  nrf_drv_uart.o(i.uart_irq_handler)
    uart_irq_handler                         0x0000287d   Thumb Code   344  nrf_drv_uart.o(i.uart_irq_handler)
    .constdata                               0x000029d4   Section       16  usr_timer.o(.constdata)
    .constdata                               0x000029e4   Section       24  usr_uart.o(.constdata)
    .constdata                               0x000029fc   Section      256  usr_i2c.o(.constdata)
    crc8_table                               0x000029fc   Data         256  usr_i2c.o(.constdata)
    .constdata                               0x00002afc   Section       32  app_uart_fifo.o(.constdata)
    .constdata                               0x00002b1c   Section       40  _printf_hex_int.o(.constdata)
    uc_hextab                                0x00002b1c   Data          20  _printf_hex_int.o(.constdata)
    lc_hextab                                0x00002b30   Data          20  _printf_hex_int.o(.constdata)
    .constdata                               0x00002b44   Section       17  __printf_flags_wp.o(.constdata)
    maptable                                 0x00002b44   Data          17  __printf_flags_wp.o(.constdata)
    .data                                    0x20000000   Section       24  usr_code.o(.data)
    .data                                    0x20000018   Section        2  usr_led.o(.data)
    nbr                                      0x20000019   Data           1  usr_led.o(.data)
    .data                                    0x2000001c   Section        4  usr_timer.o(.data)
    .data                                    0x20000020   Section        8  usr_i2c.o(.data)
    ml_cnt                                   0x20000024   Data           4  usr_i2c.o(.data)
    .data                                    0x20000028   Section       15  app_uart_fifo.o(.data)
    app_uart_inst                            0x20000028   Data           8  app_uart_fifo.o(.data)
    m_event_handler                          0x20000030   Data           4  app_uart_fifo.o(.data)
    tx_buffer                                0x20000034   Data           1  app_uart_fifo.o(.data)
    rx_buffer                                0x20000035   Data           1  app_uart_fifo.o(.data)
    m_rx_ovf                                 0x20000036   Data           1  app_uart_fifo.o(.data)
    .data                                    0x20000038   Section        8  retarget.o(.data)
    .data                                    0x20000040   Section        4  multi_button.o(.data)
    head_handle                              0x20000040   Data           4  multi_button.o(.data)
    .data                                    0x20000044   Section        4  system_nrf51.o(.data)
    __tagsym$$used                           0x20000044   Number         0  system_nrf51.o(.data)
    .bss                                     0x20000048   Section      176  usr_led.o(.bss)
    .bss                                     0x200000f8   Section      512  usr_uart.o(.bss)
    rx_buf                                   0x200000f8   Data         256  usr_uart.o(.bss)
    tx_buf                                   0x200001f8   Data         256  usr_uart.o(.bss)
    .bss                                     0x200002f8   Section       64  usr_i2c.o(.bss)
    .bss                                     0x20000338   Section       28  nrf_drv_uart.o(.bss)
    m_cb                                     0x20000338   Data          28  nrf_drv_uart.o(.bss)
    .bss                                     0x20000354   Section       32  app_uart_fifo.o(.bss)
    m_rx_fifo                                0x20000354   Data          16  app_uart_fifo.o(.bss)
    m_tx_fifo                                0x20000364   Data          16  app_uart_fifo.o(.bss)
    .bss                                     0x20000374   Section       12  nrf_drv_timer.o(.bss)
    m_cb                                     0x20000374   Data          12  nrf_drv_timer.o(.bss)
    .bss                                     0x20000380   Section       96  libspace.o(.bss)
    HEAP                                     0x200003e0   Section     2048  arm_startup_nrf51.o(HEAP)
    Heap_Mem                                 0x200003e0   Data        2048  arm_startup_nrf51.o(HEAP)
    STACK                                    0x20000be0   Section     2048  arm_startup_nrf51.o(STACK)
    Stack_Mem                                0x20000be0   Data        2048  arm_startup_nrf51.o(STACK)
    __initial_sp                             0x200013e0   Data           0  arm_startup_nrf51.o(STACK)

    Global Symbols

    Symbol Name                              Value     Ov Type        Size  Object(Section)

    BuildAttributes$$THM_ISAv3M$S$PE$A:L22$X:L11$S22$IEEE1$IW$USESV6$~STKCKD$USESV7$~SHL$OSPACE$ROPI$EBA8$UX$STANDARDLIB$REQ8$PRES8$EABIv2 0x00000000   Number         0  anon$$obj.o ABSOLUTE
    __ARM_use_no_argv                        0x00000000   Number         0  usr_code.o ABSOLUTE
    __Vectors                                0x00000000   Data           4  arm_startup_nrf51.o(RESET)
    _printf_flags                            0x00000000   Number         0  printf_stubs.o ABSOLUTE
    _printf_return_value                     0x00000000   Number         0  printf_stubs.o ABSOLUTE
    _printf_sizespec                         0x00000000   Number         0  printf_stubs.o ABSOLUTE
    _printf_widthprec                        0x00000000   Number         0  printf_stubs.o ABSOLUTE
    __ARM_exceptions_init                     - Undefined Weak Reference
    __alloca_initialize                       - Undefined Weak Reference
    __arm_preinit_                            - Undefined Weak Reference
    __cpp_initialize__aeabi_                  - Undefined Weak Reference
    __cxa_finalize                            - Undefined Weak Reference
    __rt_locale                               - Undefined Weak Reference
    __sigvec_lookup                           - Undefined Weak Reference
    _atexit_init                              - Undefined Weak Reference
    _call_atexit_fns                          - Undefined Weak Reference
    _clock_init                               - Undefined Weak Reference
    _fp_trap_init                             - Undefined Weak Reference
    _fp_trap_shutdown                         - Undefined Weak Reference
    _get_lc_collate                           - Undefined Weak Reference
    _get_lc_ctype                             - Undefined Weak Reference
    _get_lc_monetary                          - Undefined Weak Reference
    _get_lc_numeric                           - Undefined Weak Reference
    _get_lc_time                              - Undefined Weak Reference
    _getenv_init                              - Undefined Weak Reference
    _handle_redirection                       - Undefined Weak Reference
    _init_alloc                               - Undefined Weak Reference
    _init_user_alloc                          - Undefined Weak Reference
    _initio                                   - Undefined Weak Reference
    _mutex_acquire                            - Undefined Weak Reference
    _mutex_release                            - Undefined Weak Reference
    _printf_truncate_signed                   - Undefined Weak Reference
    _printf_truncate_unsigned                 - Undefined Weak Reference
    _rand_init                                - Undefined Weak Reference
    _signal_finish                            - Undefined Weak Reference
    _signal_init                              - Undefined Weak Reference
    _terminate_alloc                          - Undefined Weak Reference
    _terminate_user_alloc                     - Undefined Weak Reference
    _terminateio                              - Undefined Weak Reference
    __Vectors_End                            0x000000c0   Data           0  arm_startup_nrf51.o(RESET)
    __Vectors_Size                           0x000000c0   Number         0  arm_startup_nrf51.o ABSOLUTE
    __main                                   0x000000c1   Thumb Code     8  __main.o(!!!main)
    __scatterload                            0x000000c9   Thumb Code     0  __scatter.o(!!!scatter)
    __scatterload_rt2                        0x000000c9   Thumb Code    52  __scatter.o(!!!scatter)
    __scatterload_rt2_thumb_only             0x000000c9   Thumb Code     0  __scatter.o(!!!scatter)
    __scatterload_null                       0x000000d9   Thumb Code     0  __scatter.o(!!!scatter)
    __scatterload_copy                       0x00000105   Thumb Code    26  __scatter_copy.o(!!handler_copy)
    __scatterload_zeroinit                   0x00000121   Thumb Code    28  __scatter_zi.o(!!handler_zi)
    _printf_percent                          0x0000013d   Thumb Code     0  _printf_percent.o(.ARM.Collect$$_printf_percent$$00000000)
    _printf_d                                0x0000013f   Thumb Code     0  _printf_d.o(.ARM.Collect$$_printf_percent$$00000009)
    _printf_x                                0x00000149   Thumb Code     0  _printf_x.o(.ARM.Collect$$_printf_percent$$0000000C)
    _printf_percent_end                      0x00000153   Thumb Code     0  _printf_percent_end.o(.ARM.Collect$$_printf_percent$$00000017)
    __rt_lib_init                            0x00000157   Thumb Code     0  libinit.o(.ARM.Collect$$libinit$$00000000)
    __rt_lib_init_alloca_1                   0x00000159   Thumb Code     0  libinit2.o(.ARM.Collect$$libinit$$0000002E)
    __rt_lib_init_argv_1                     0x00000159   Thumb Code     0  libinit2.o(.ARM.Collect$$libinit$$0000002C)
    __rt_lib_init_atexit_1                   0x00000159   Thumb Code     0  libinit2.o(.ARM.Collect$$libinit$$0000001B)
    __rt_lib_init_clock_1                    0x00000159   Thumb Code     0  libinit2.o(.ARM.Collect$$libinit$$00000021)
    __rt_lib_init_cpp_1                      0x00000159   Thumb Code     0  libinit2.o(.ARM.Collect$$libinit$$00000032)
    __rt_lib_init_exceptions_1               0x00000159   Thumb Code     0  libinit2.o(.ARM.Collect$$libinit$$00000030)
    __rt_lib_init_fp_1                       0x00000159   Thumb Code     0  libinit2.o(.ARM.Collect$$libinit$$00000002)
    __rt_lib_init_fp_trap_1                  0x00000159   Thumb Code     0  libinit2.o(.ARM.Collect$$libinit$$0000001F)
    __rt_lib_init_getenv_1                   0x00000159   Thumb Code     0  libinit2.o(.ARM.Collect$$libinit$$00000023)
    __rt_lib_init_heap_1                     0x00000159   Thumb Code     0  libinit2.o(.ARM.Collect$$libinit$$0000000A)
    __rt_lib_init_lc_collate_1               0x00000159   Thumb Code     0  libinit2.o(.ARM.Collect$$libinit$$00000011)
    __rt_lib_init_lc_ctype_1                 0x00000159   Thumb Code     0  libinit2.o(.ARM.Collect$$libinit$$00000013)
    __rt_lib_init_lc_monetary_1              0x00000159   Thumb Code     0  libinit2.o(.ARM.Collect$$libinit$$00000015)
    __rt_lib_init_lc_numeric_1               0x00000159   Thumb Code     0  libinit2.o(.ARM.Collect$$libinit$$00000017)
    __rt_lib_init_lc_time_1                  0x00000159   Thumb Code     0  libinit2.o(.ARM.Collect$$libinit$$00000019)
    __rt_lib_init_preinit_1                  0x00000159   Thumb Code     0  libinit2.o(.ARM.Collect$$libinit$$00000004)
    __rt_lib_init_rand_1                     0x00000159   Thumb Code     0  libinit2.o(.ARM.Collect$$libinit$$0000000E)
    __rt_lib_init_return                     0x00000159   Thumb Code     0  libinit2.o(.ARM.Collect$$libinit$$00000033)
    __rt_lib_init_signal_1                   0x00000159   Thumb Code     0  libinit2.o(.ARM.Collect$$libinit$$0000001D)
    __rt_lib_init_stdio_1                    0x00000159   Thumb Code     0  libinit2.o(.ARM.Collect$$libinit$$00000025)
    __rt_lib_init_user_alloc_1               0x00000159   Thumb Code     0  libinit2.o(.ARM.Collect$$libinit$$0000000C)
    __rt_lib_shutdown                        0x0000015b   Thumb Code     0  libshutdown.o(.ARM.Collect$$libshutdown$$00000000)
    __rt_lib_shutdown_fp_trap_1              0x0000015d   Thumb Code     0  libshutdown2.o(.ARM.Collect$$libshutdown$$00000006)
    __rt_lib_shutdown_heap_1                 0x0000015d   Thumb Code     0  libshutdown2.o(.ARM.Collect$$libshutdown$$0000000E)
    __rt_lib_shutdown_return                 0x0000015d   Thumb Code     0  libshutdown2.o(.ARM.Collect$$libshutdown$$0000000F)
    __rt_lib_shutdown_signal_1               0x0000015d   Thumb Code     0  libshutdown2.o(.ARM.Collect$$libshutdown$$00000009)
    __rt_lib_shutdown_stdio_1                0x0000015d   Thumb Code     0  libshutdown2.o(.ARM.Collect$$libshutdown$$00000003)
    __rt_lib_shutdown_user_alloc_1           0x0000015d   Thumb Code     0  libshutdown2.o(.ARM.Collect$$libshutdown$$0000000B)
    __rt_entry                               0x0000015f   Thumb Code     0  __rtentry.o(.ARM.Collect$$rtentry$$00000000)
    __rt_entry_presh_1                       0x0000015f   Thumb Code     0  __rtentry2.o(.ARM.Collect$$rtentry$$00000002)
    __rt_entry_sh                            0x0000015f   Thumb Code     0  __rtentry4.o(.ARM.Collect$$rtentry$$00000004)
    __rt_entry_li                            0x00000165   Thumb Code     0  __rtentry2.o(.ARM.Collect$$rtentry$$0000000A)
    __rt_entry_postsh_1                      0x00000165   Thumb Code     0  __rtentry2.o(.ARM.Collect$$rtentry$$00000009)
    __rt_entry_main                          0x00000169   Thumb Code     0  __rtentry2.o(.ARM.Collect$$rtentry$$0000000D)
    __rt_entry_postli_1                      0x00000169   Thumb Code     0  __rtentry2.o(.ARM.Collect$$rtentry$$0000000C)
    __rt_exit                                0x00000171   Thumb Code     0  rtexit.o(.ARM.Collect$$rtexit$$00000000)
    __rt_exit_ls                             0x00000173   Thumb Code     0  rtexit2.o(.ARM.Collect$$rtexit$$00000003)
    __rt_exit_prels_1                        0x00000173   Thumb Code     0  rtexit2.o(.ARM.Collect$$rtexit$$00000002)
    __rt_exit_exit                           0x00000177   Thumb Code     0  rtexit2.o(.ARM.Collect$$rtexit$$00000004)
    __aeabi_memcpy4                          0x0000017d   Thumb Code    56  rt_memcpy.o(.emb_text)
    __aeabi_memcpy8                          0x0000017d   Thumb Code     0  rt_memcpy.o(.emb_text)
    Reset_Handler                            0x000001b5   Thumb Code    26  arm_startup_nrf51.o(.text)
    NMI_Handler                              0x000001cf   Thumb Code     2  arm_startup_nrf51.o(.text)
    HardFault_Handler                        0x000001d1   Thumb Code     2  arm_startup_nrf51.o(.text)
    SVC_Handler                              0x000001d3   Thumb Code     2  arm_startup_nrf51.o(.text)
    PendSV_Handler                           0x000001d5   Thumb Code     2  arm_startup_nrf51.o(.text)
    SysTick_Handler                          0x000001d7   Thumb Code     2  arm_startup_nrf51.o(.text)
    ADC_IRQHandler                           0x000001d9   Thumb Code     0  arm_startup_nrf51.o(.text)
    CCM_AAR_IRQHandler                       0x000001d9   Thumb Code     0  arm_startup_nrf51.o(.text)
    ECB_IRQHandler                           0x000001d9   Thumb Code     0  arm_startup_nrf51.o(.text)
    GPIOTE_IRQHandler                        0x000001d9   Thumb Code     0  arm_startup_nrf51.o(.text)
    LPCOMP_IRQHandler                        0x000001d9   Thumb Code     0  arm_startup_nrf51.o(.text)
    POWER_CLOCK_IRQHandler                   0x000001d9   Thumb Code     0  arm_startup_nrf51.o(.text)
    QDEC_IRQHandler                          0x000001d9   Thumb Code     0  arm_startup_nrf51.o(.text)
    RADIO_IRQHandler                         0x000001d9   Thumb Code     0  arm_startup_nrf51.o(.text)
    RNG_IRQHandler                           0x000001d9   Thumb Code     0  arm_startup_nrf51.o(.text)
    RTC0_IRQHandler                          0x000001d9   Thumb Code     0  arm_startup_nrf51.o(.text)
    RTC1_IRQHandler                          0x000001d9   Thumb Code     0  arm_startup_nrf51.o(.text)
    SPI0_TWI0_IRQHandler                     0x000001d9   Thumb Code     0  arm_startup_nrf51.o(.text)
    SPI1_TWI1_IRQHandler                     0x000001d9   Thumb Code     0  arm_startup_nrf51.o(.text)
    SWI0_IRQHandler                          0x000001d9   Thumb Code     0  arm_startup_nrf51.o(.text)
    SWI1_IRQHandler                          0x000001d9   Thumb Code     0  arm_startup_nrf51.o(.text)
    SWI2_IRQHandler                          0x000001d9   Thumb Code     0  arm_startup_nrf51.o(.text)
    SWI3_IRQHandler                          0x000001d9   Thumb Code     0  arm_startup_nrf51.o(.text)
    SWI4_IRQHandler                          0x000001d9   Thumb Code     0  arm_startup_nrf51.o(.text)
    SWI5_IRQHandler                          0x000001d9   Thumb Code     0  arm_startup_nrf51.o(.text)
    TEMP_IRQHandler                          0x000001d9   Thumb Code     0  arm_startup_nrf51.o(.text)
    TIMER1_IRQHandler                        0x000001d9   Thumb Code     0  arm_startup_nrf51.o(.text)
    TIMER2_IRQHandler                        0x000001d9   Thumb Code     0  arm_startup_nrf51.o(.text)
    WDT_IRQHandler                           0x000001d9   Thumb Code     0  arm_startup_nrf51.o(.text)
    __user_initial_stackheap                 0x000001dd   Thumb Code    10  arm_startup_nrf51.o(.text)
    __2printf                                0x00000209   Thumb Code    22  noretval__2printf.o(.text)
    _printf_pre_padding                      0x00000225   Thumb Code    44  _printf_pad.o(.text)
    _printf_post_padding                     0x00000251   Thumb Code    34  _printf_pad.o(.text)
    _printf_int_dec                          0x00000275   Thumb Code    90  _printf_dec.o(.text)
    _printf_int_hex                          0x000002e1   Thumb Code    84  _printf_hex_int.o(.text)
    _printf_longlong_hex                     0x000002e1   Thumb Code     0  _printf_hex_int.o(.text)
    __printf                                 0x00000339   Thumb Code   306  __printf_flags_wp.o(.text)
    _memset_w                                0x00000471   Thumb Code    26  rt_memclr.o(.text)
    _memset                                  0x0000048b   Thumb Code    30  rt_memclr.o(.text)
    __aeabi_memclr                           0x000004a9   Thumb Code     4  rt_memclr.o(.text)
    __rt_memclr                              0x000004a9   Thumb Code     0  rt_memclr.o(.text)
    __aeabi_memclr4                          0x000004ad   Thumb Code     0  rt_memclr.o(.text)
    __aeabi_memclr8                          0x000004ad   Thumb Code     0  rt_memclr.o(.text)
    __rt_memclr_w                            0x000004ad   Thumb Code     4  rt_memclr.o(.text)
    __use_two_region_memory                  0x000004b1   Thumb Code     2  heapauxi.o(.text)
    __rt_heap_escrow$2region                 0x000004b3   Thumb Code     2  heapauxi.o(.text)
    __rt_heap_expand$2region                 0x000004b5   Thumb Code     2  heapauxi.o(.text)
    _printf_int_common                       0x000004b7   Thumb Code   176  _printf_intcommon.o(.text)
    _printf_char_file                        0x00000569   Thumb Code    34  _printf_char_file.o(.text)
    __rt_udiv10                              0x00000591   Thumb Code    40  rtudiv10.o(.text)
    _printf_char_common                      0x000005c3   Thumb Code    32  _printf_char_common.o(.text)
    ferror                                   0x000005e9   Thumb Code     8  ferror.o(.text)
    __user_setup_stackheap                   0x000005f1   Thumb Code    62  sys_stackheap_outer.o(.text)
    exit                                     0x0000062f   Thumb Code    12  exit.o(.text)
    __user_libspace                          0x0000063d   Thumb Code     8  libspace.o(.text)
    __user_perproc_libspace                  0x0000063d   Thumb Code     0  libspace.o(.text)
    __user_perthread_libspace                0x0000063d   Thumb Code     0  libspace.o(.text)
    _sys_exit                                0x00000645   Thumb Code     8  sys_exit.o(.text)
    __I$use$semihosting                      0x00000651   Thumb Code     0  use_no_semi.o(.text)
    __use_no_semihosting_swi                 0x00000651   Thumb Code     2  use_no_semi.o(.text)
    LED1_Open                                0x00000653   Thumb Code    10  usr_led.o(i.LED1_Open)
    __semihosting_library_function           0x00000653   Thumb Code     0  indicate_semi.o(.text)
    LED1_Toggle                              0x0000065d   Thumb Code    10  usr_led.o(i.LED1_Toggle)
    LED2_Close                               0x00000667   Thumb Code    10  usr_led.o(i.LED2_Close)
    LED2_Toggle                              0x00000671   Thumb Code    10  usr_led.o(i.LED2_Toggle)
    LED3_Open                                0x0000067b   Thumb Code    10  usr_led.o(i.LED3_Open)
    LED3_Toggle                              0x00000685   Thumb Code    10  usr_led.o(i.LED3_Toggle)
    LED4_Close                               0x0000068f   Thumb Code    10  usr_led.o(i.LED4_Close)
    LED4_Toggle                              0x00000699   Thumb Code    10  usr_led.o(i.LED4_Toggle)
    LED_Init                                 0x000006a3   Thumb Code    56  usr_led.o(i.LED_Init)
    SystemCoreClockUpdate                    0x00000755   Thumb Code     8  system_nrf51.o(i.SystemCoreClockUpdate)
    SystemInit                               0x00000765   Thumb Code    80  system_nrf51.o(i.SystemInit)
    TIMER0_IRQHandler                        0x000007cd   Thumb Code    14  nrf_drv_timer.o(i.TIMER0_IRQHandler)
    Timer0_Handler                           0x000007e5   Thumb Code    64  usr_timer.o(i.Timer0_Handler)
    UART0_IRQHandler                         0x0000082d   Thumb Code    12  nrf_drv_uart.o(i.UART0_IRQHandler)
    Usr_Dbg_IO                               0x00000841   Thumb Code    86  usr_led.o(i.Usr_Dbg_IO)
    Usr_I2C_InitSetup                        0x00000897   Thumb Code     8  usr_i2c.o(i.Usr_I2C_InitSetup)
    Usr_I2C_MainLoop                         0x000008a1   Thumb Code  2146  usr_i2c.o(i.Usr_I2C_MainLoop)
    Usr_InitSetup                            0x00001175   Thumb Code    24  usr_code.o(i.Usr_InitSetup)
    Usr_Key1_Up_Func                         0x0000118d   Thumb Code    12  usr_led.o(i.Usr_Key1_Up_Func)
    Usr_Key2_Up_Func                         0x000011a9   Thumb Code    12  usr_led.o(i.Usr_Key2_Up_Func)
    Usr_Key3_Up_Func                         0x000011c5   Thumb Code    12  usr_led.o(i.Usr_Key3_Up_Func)
    Usr_Key4_Up_Func                         0x000011e1   Thumb Code    12  usr_led.o(i.Usr_Key4_Up_Func)
    Usr_Key_Init                             0x000011fd   Thumb Code   148  usr_led.o(i.Usr_Key_Init)
    Usr_Key_MainLoop                         0x000012c1   Thumb Code    40  usr_led.o(i.Usr_Key_MainLoop)
    Usr_Read_Key1_State                      0x000012f9   Thumb Code    16  usr_led.o(i.Usr_Read_Key1_State)
    Usr_Read_Key2_State                      0x00001309   Thumb Code    14  usr_led.o(i.Usr_Read_Key2_State)
    Usr_Read_Key3_State                      0x00001317   Thumb Code    14  usr_led.o(i.Usr_Read_Key3_State)
    Usr_Read_Key4_State                      0x00001325   Thumb Code    14  usr_led.o(i.Usr_Read_Key4_State)
    Usr_Timer_InitSetup                      0x00001335   Thumb Code    98  usr_timer.o(i.Usr_Timer_InitSetup)
    Usr_UartInit                             0x000013a5   Thumb Code    76  usr_uart.o(i.Usr_UartInit)
    __ARM_common_switch8                     0x00001401   Thumb Code    28  multi_button.o(i.__ARM_common_switch8)
    _is_digit                                0x0000141d   Thumb Code    14  __printf_wp.o(i._is_digit)
    app_error_fault_handler                  0x0000142d   Thumb Code    48  app_error_weak.o(i.app_error_fault_handler)
    app_error_handler_bare                   0x00001465   Thumb Code    26  app_error.o(i.app_error_handler_bare)
    app_fifo_get                             0x00001485   Thumb Code    32  app_fifo.o(i.app_fifo_get)
    app_fifo_init                            0x000014a5   Thumb Code    42  app_fifo.o(i.app_fifo_init)
    app_fifo_put                             0x000014cf   Thumb Code    34  app_fifo.o(i.app_fifo_put)
    app_uart_get                             0x000014f1   Thumb Code    66  app_uart_fifo.o(i.app_uart_get)
    app_uart_init                            0x00001545   Thumb Code   204  app_uart_fifo.o(i.app_uart_init)
    app_uart_put                             0x00001631   Thumb Code    56  app_uart_fifo.o(i.app_uart_put)
    button_attach                            0x00001701   Thumb Code    12  multi_button.o(i.button_attach)
    button_init                              0x00001983   Thumb Code    76  multi_button.o(i.button_init)
    button_start                             0x000019d1   Thumb Code    38  multi_button.o(i.button_start)
    button_ticks                             0x000019fd   Thumb Code    22  multi_button.o(i.button_ticks)
    compute_crc8                             0x00001a19   Thumb Code    30  usr_i2c.o(i.compute_crc8)
    fputc                                    0x00001a8d   Thumb Code    16  retarget.o(i.fputc)
    main                                     0x00001b05   Thumb Code   126  usr_code.o(i.main)
    nrf_drv_common_irq_enable                0x00001c39   Thumb Code    48  nrf_drv_common_1.o(i.nrf_drv_common_irq_enable)
    nrf_drv_timer_compare                    0x00001c85   Thumb Code    56  nrf_drv_timer.o(i.nrf_drv_timer_compare)
    nrf_drv_timer_enable                     0x00001cbd   Thumb Code    28  nrf_drv_timer.o(i.nrf_drv_timer_enable)
    nrf_drv_timer_extended_compare           0x00001cdd   Thumb Code    62  nrf_drv_timer.o(i.nrf_drv_timer_extended_compare)
    nrf_drv_timer_init                       0x00001d1d   Thumb Code   210  nrf_drv_timer.o(i.nrf_drv_timer_init)
    nrf_drv_uart_init                        0x00001df5   Thumb Code   144  nrf_drv_uart.o(i.nrf_drv_uart_init)
    nrf_drv_uart_rx                          0x00001e8d   Thumb Code   112  nrf_drv_uart.o(i.nrf_drv_uart_rx)
    nrf_drv_uart_rx_enable                   0x00001f01   Thumb Code    42  nrf_drv_uart.o(i.nrf_drv_uart_rx_enable)
    nrf_drv_uart_tx                          0x00002005   Thumb Code    52  nrf_drv_uart.o(i.nrf_drv_uart_tx)
    nrf_drv_uart_tx_in_progress              0x000020d5   Thumb Code    26  nrf_drv_uart.o(i.nrf_drv_uart_tx_in_progress)
    sensirion_common_generate                0x00002389   Thumb Code    60  usr_i2c.o(i.sensirion_common_generate)
    twi_master_init                          0x000024a9   Thumb Code    88  twi_hw_master.o(i.twi_master_init)
    twi_master_transfer                      0x00002625   Thumb Code    70  twi_hw_master.o(i.twi_master_transfer)
    uart_error_handle                        0x00002779   Thumb Code    38  usr_uart.o(i.uart_error_handle)
    Timer0_St                                0x000029d4   Data           8  usr_timer.o(.constdata)
    Timer0_Config                            0x000029dc   Data           8  usr_timer.o(.constdata)
    Region$$Table$$Base                      0x00002b58   Number         0  anon$$obj.o(Region$$Table)
    Region$$Table$$Limit                     0x00002b78   Number         0  anon$$obj.o(Region$$Table)
    YearMonthDateSN                          0x20000000   Data          12  usr_code.o(.data)
    Reset_Source                             0x2000000c   Data           4  usr_code.o(.data)
    MainLoop_Cnt                             0x20000010   Data           4  usr_code.o(.data)
    TimeStamp_Cnt                            0x20000014   Data           4  usr_code.o(.data)
    Key_TimeCnt                              0x20000018   Data           1  usr_led.o(.data)
    Timer0_Handler_Ptr                       0x2000001c   Data           4  usr_timer.o(.data)
    i2c_wt_len                               0x20000020   Data           1  usr_i2c.o(.data)
    i2c_rd_len                               0x20000021   Data           1  usr_i2c.o(.data)
    __stdout                                 0x20000038   Data           4  retarget.o(.data)
    __stdin                                  0x2000003c   Data           4  retarget.o(.data)
    SystemCoreClock                          0x20000044   Data           4  system_nrf51.o(.data)
    Key1                                     0x20000048   Data          44  usr_led.o(.bss)
    Key2                                     0x20000074   Data          44  usr_led.o(.bss)
    Key3                                     0x200000a0   Data          44  usr_led.o(.bss)
    Key4                                     0x200000cc   Data          44  usr_led.o(.bss)
    i2cBuff                                  0x200002f8   Data          64  usr_i2c.o(.bss)
    __libspace_start                         0x20000380   Data          96  libspace.o(.bss)
    __temporary_stack_top$libspace           0x200003e0   Data           0  libspace.o(.bss)



==============================================================================

Memory Map of the image

  Image Entry point : 0x000000c1

  Load Region LR_IROM1 (Base: 0x00000000, Size: 0x00002bc0, Max: 0x00040000, ABSOLUTE)

    Execution Region ER_IROM1 (Base: 0x00000000, Size: 0x00002b78, Max: 0x00040000, ABSOLUTE)

    Base Addr    Size         Type   Attr      Idx    E Section Name        Object

    0x00000000   0x000000c0   Data   RO         1332    RESET               arm_startup_nrf51.o
    0x000000c0   0x00000008   Code   RO         1826  * !!!main             c_p.l(__main.o)
    0x000000c8   0x0000003c   Code   RO         1999    !!!scatter          c_p.l(__scatter.o)
    0x00000104   0x0000001a   Code   RO         2001    !!handler_copy      c_p.l(__scatter_copy.o)
    0x0000011e   0x00000002   PAD
    0x00000120   0x0000001c   Code   RO         2003    !!handler_zi        c_p.l(__scatter_zi.o)
    0x0000013c   0x00000002   Code   RO         1817    .ARM.Collect$$_printf_percent$$00000000  c_p.l(_printf_percent.o)
    0x0000013e   0x0000000a   Code   RO         1816    .ARM.Collect$$_printf_percent$$00000009  c_p.l(_printf_d.o)
    0x00000148   0x0000000a   Code   RO         1815    .ARM.Collect$$_printf_percent$$0000000C  c_p.l(_printf_x.o)
    0x00000152   0x00000004   Code   RO         1833    .ARM.Collect$$_printf_percent$$00000017  c_p.l(_printf_percent_end.o)
    0x00000156   0x00000002   Code   RO         1869    .ARM.Collect$$libinit$$00000000  c_p.l(libinit.o)
    0x00000158   0x00000000   Code   RO         1877    .ARM.Collect$$libinit$$00000002  c_p.l(libinit2.o)
    0x00000158   0x00000000   Code   RO         1879    .ARM.Collect$$libinit$$00000004  c_p.l(libinit2.o)
    0x00000158   0x00000000   Code   RO         1882    .ARM.Collect$$libinit$$0000000A  c_p.l(libinit2.o)
    0x00000158   0x00000000   Code   RO         1884    .ARM.Collect$$libinit$$0000000C  c_p.l(libinit2.o)
    0x00000158   0x00000000   Code   RO         1886    .ARM.Collect$$libinit$$0000000E  c_p.l(libinit2.o)
    0x00000158   0x00000000   Code   RO         1889    .ARM.Collect$$libinit$$00000011  c_p.l(libinit2.o)
    0x00000158   0x00000000   Code   RO         1891    .ARM.Collect$$libinit$$00000013  c_p.l(libinit2.o)
    0x00000158   0x00000000   Code   RO         1893    .ARM.Collect$$libinit$$00000015  c_p.l(libinit2.o)
    0x00000158   0x00000000   Code   RO         1895    .ARM.Collect$$libinit$$00000017  c_p.l(libinit2.o)
    0x00000158   0x00000000   Code   RO         1897    .ARM.Collect$$libinit$$00000019  c_p.l(libinit2.o)
    0x00000158   0x00000000   Code   RO         1899    .ARM.Collect$$libinit$$0000001B  c_p.l(libinit2.o)
    0x00000158   0x00000000   Code   RO         1901    .ARM.Collect$$libinit$$0000001D  c_p.l(libinit2.o)
    0x00000158   0x00000000   Code   RO         1903    .ARM.Collect$$libinit$$0000001F  c_p.l(libinit2.o)
    0x00000158   0x00000000   Code   RO         1905    .ARM.Collect$$libinit$$00000021  c_p.l(libinit2.o)
    0x00000158   0x00000000   Code   RO         1907    .ARM.Collect$$libinit$$00000023  c_p.l(libinit2.o)
    0x00000158   0x00000000   Code   RO         1909    .ARM.Collect$$libinit$$00000025  c_p.l(libinit2.o)
    0x00000158   0x00000000   Code   RO         1913    .ARM.Collect$$libinit$$0000002C  c_p.l(libinit2.o)
    0x00000158   0x00000000   Code   RO         1915    .ARM.Collect$$libinit$$0000002E  c_p.l(libinit2.o)
    0x00000158   0x00000000   Code   RO         1917    .ARM.Collect$$libinit$$00000030  c_p.l(libinit2.o)
    0x00000158   0x00000000   Code   RO         1919    .ARM.Collect$$libinit$$00000032  c_p.l(libinit2.o)
    0x00000158   0x00000002   Code   RO         1920    .ARM.Collect$$libinit$$00000033  c_p.l(libinit2.o)
    0x0000015a   0x00000002   Code   RO         1940    .ARM.Collect$$libshutdown$$00000000  c_p.l(libshutdown.o)
    0x0000015c   0x00000000   Code   RO         1954    .ARM.Collect$$libshutdown$$00000003  c_p.l(libshutdown2.o)
    0x0000015c   0x00000000   Code   RO         1957    .ARM.Collect$$libshutdown$$00000006  c_p.l(libshutdown2.o)
    0x0000015c   0x00000000   Code   RO         1960    .ARM.Collect$$libshutdown$$00000009  c_p.l(libshutdown2.o)
    0x0000015c   0x00000000   Code   RO         1962    .ARM.Collect$$libshutdown$$0000000B  c_p.l(libshutdown2.o)
    0x0000015c   0x00000000   Code   RO         1965    .ARM.Collect$$libshutdown$$0000000E  c_p.l(libshutdown2.o)
    0x0000015c   0x00000002   Code   RO         1966    .ARM.Collect$$libshutdown$$0000000F  c_p.l(libshutdown2.o)
    0x0000015e   0x00000000   Code   RO         1828    .ARM.Collect$$rtentry$$00000000  c_p.l(__rtentry.o)
    0x0000015e   0x00000000   Code   RO         1837    .ARM.Collect$$rtentry$$00000002  c_p.l(__rtentry2.o)
    0x0000015e   0x00000006   Code   RO         1849    .ARM.Collect$$rtentry$$00000004  c_p.l(__rtentry4.o)
    0x00000164   0x00000000   Code   RO         1839    .ARM.Collect$$rtentry$$00000009  c_p.l(__rtentry2.o)
    0x00000164   0x00000004   Code   RO         1840    .ARM.Collect$$rtentry$$0000000A  c_p.l(__rtentry2.o)
    0x00000168   0x00000000   Code   RO         1842    .ARM.Collect$$rtentry$$0000000C  c_p.l(__rtentry2.o)
    0x00000168   0x00000008   Code   RO         1843    .ARM.Collect$$rtentry$$0000000D  c_p.l(__rtentry2.o)
    0x00000170   0x00000002   Code   RO         1874    .ARM.Collect$$rtexit$$00000000  c_p.l(rtexit.o)
    0x00000172   0x00000000   Code   RO         1922    .ARM.Collect$$rtexit$$00000002  c_p.l(rtexit2.o)
    0x00000172   0x00000004   Code   RO         1923    .ARM.Collect$$rtexit$$00000003  c_p.l(rtexit2.o)
    0x00000176   0x00000006   Code   RO         1924    .ARM.Collect$$rtexit$$00000004  c_p.l(rtexit2.o)
    0x0000017c   0x00000038   Code   RO         1818    .emb_text           c_p.l(rt_memcpy.o)
    0x000001b4   0x00000054   Code   RO         1333    .text               arm_startup_nrf51.o
    0x00000208   0x0000001c   Code   RO         1766    .text               c_p.l(noretval__2printf.o)
    0x00000224   0x0000004e   Code   RO         1770    .text               c_p.l(_printf_pad.o)
    0x00000272   0x00000002   PAD
    0x00000274   0x0000006c   Code   RO         1772    .text               c_p.l(_printf_dec.o)
    0x000002e0   0x00000058   Code   RO         1777    .text               c_p.l(_printf_hex_int.o)
    0x00000338   0x00000138   Code   RO         1807    .text               c_p.l(__printf_flags_wp.o)
    0x00000470   0x00000040   Code   RO         1822    .text               c_p.l(rt_memclr.o)
    0x000004b0   0x00000006   Code   RO         1824    .text               c_p.l(heapauxi.o)
    0x000004b6   0x000000b0   Code   RO         1829    .text               c_p.l(_printf_intcommon.o)
    0x00000566   0x00000002   PAD
    0x00000568   0x00000028   Code   RO         1831    .text               c_p.l(_printf_char_file.o)
    0x00000590   0x00000028   Code   RO         1834    .text               c_p.l(rtudiv10.o)
    0x000005b8   0x00000030   Code   RO         1851    .text               c_p.l(_printf_char_common.o)
    0x000005e8   0x00000008   Code   RO         1853    .text               c_p.l(ferror.o)
    0x000005f0   0x0000003e   Code   RO         1857    .text               c_p.l(sys_stackheap_outer.o)
    0x0000062e   0x0000000c   Code   RO         1862    .text               c_p.l(exit.o)
    0x0000063a   0x00000002   PAD
    0x0000063c   0x00000008   Code   RO         1870    .text               c_p.l(libspace.o)
    0x00000644   0x0000000c   Code   RO         1932    .text               c_p.l(sys_exit.o)
    0x00000650   0x00000002   Code   RO         1943    .text               c_p.l(use_no_semi.o)
    0x00000652   0x00000000   Code   RO         1945    .text               c_p.l(indicate_semi.o)
    0x00000652   0x0000000a   Code   RO          132    i.LED1_Open         usr_led.o
    0x0000065c   0x0000000a   Code   RO          133    i.LED1_Toggle       usr_led.o
    0x00000666   0x0000000a   Code   RO          134    i.LED2_Close        usr_led.o
    0x00000670   0x0000000a   Code   RO          136    i.LED2_Toggle       usr_led.o
    0x0000067a   0x0000000a   Code   RO          138    i.LED3_Open         usr_led.o
    0x00000684   0x0000000a   Code   RO          139    i.LED3_Toggle       usr_led.o
    0x0000068e   0x0000000a   Code   RO          140    i.LED4_Close        usr_led.o
    0x00000698   0x0000000a   Code   RO          142    i.LED4_Toggle       usr_led.o
    0x000006a2   0x00000038   Code   RO          143    i.LED_Init          usr_led.o
    0x000006da   0x00000002   PAD
    0x000006dc   0x00000078   Code   RO          483    i.NVIC_SetPriority  nrf_drv_common_1.o
    0x00000754   0x00000010   Code   RO         1339    i.SystemCoreClockUpdate  system_nrf51.o
    0x00000764   0x00000068   Code   RO         1340    i.SystemInit        system_nrf51.o
    0x000007cc   0x00000018   Code   RO         1057    i.TIMER0_IRQHandler  nrf_drv_timer.o
    0x000007e4   0x00000048   Code   RO          350    i.Timer0_Handler    usr_timer.o
    0x0000082c   0x00000014   Code   RO          536    i.UART0_IRQHandler  nrf_drv_uart.o
    0x00000840   0x00000056   Code   RO          144    i.Usr_Dbg_IO        usr_led.o
    0x00000896   0x00000008   Code   RO          443    i.Usr_I2C_InitSetup  usr_i2c.o
    0x0000089e   0x00000002   PAD
    0x000008a0   0x000008d4   Code   RO          444    i.Usr_I2C_MainLoop  usr_i2c.o
    0x00001174   0x00000018   Code   RO            3    i.Usr_InitSetup     usr_code.o
    0x0000118c   0x0000001c   Code   RO          145    i.Usr_Key1_Up_Func  usr_led.o
    0x000011a8   0x0000001c   Code   RO          146    i.Usr_Key2_Up_Func  usr_led.o
    0x000011c4   0x0000001c   Code   RO          147    i.Usr_Key3_Up_Func  usr_led.o
    0x000011e0   0x0000001c   Code   RO          148    i.Usr_Key4_Up_Func  usr_led.o
    0x000011fc   0x000000c4   Code   RO          149    i.Usr_Key_Init      usr_led.o
    0x000012c0   0x00000038   Code   RO          150    i.Usr_Key_MainLoop  usr_led.o
    0x000012f8   0x00000010   Code   RO          151    i.Usr_Read_Key1_State  usr_led.o
    0x00001308   0x0000000e   Code   RO          152    i.Usr_Read_Key2_State  usr_led.o
    0x00001316   0x0000000e   Code   RO          153    i.Usr_Read_Key3_State  usr_led.o
    0x00001324   0x0000000e   Code   RO          154    i.Usr_Read_Key4_State  usr_led.o
    0x00001332   0x00000002   PAD
    0x00001334   0x00000070   Code   RO          351    i.Usr_Timer_InitSetup  usr_timer.o
    0x000013a4   0x0000005c   Code   RO          393    i.Usr_UartInit      usr_uart.o
    0x00001400   0x0000001c   Code   RO         1322    i.__ARM_common_switch8  multi_button.o
    0x0000141c   0x0000000e   Code   RO         1805    i._is_digit         c_p.l(__printf_wp.o)
    0x0000142a   0x00000002   PAD
    0x0000142c   0x00000038   Code   RO          932    i.app_error_fault_handler  app_error_weak.o
    0x00001464   0x00000020   Code   RO          894    i.app_error_handler_bare  app_error.o
    0x00001484   0x00000020   Code   RO          982    i.app_fifo_get      app_fifo.o
    0x000014a4   0x0000002a   Code   RO          983    i.app_fifo_init     app_fifo.o
    0x000014ce   0x00000022   Code   RO          985    i.app_fifo_put      app_fifo.o
    0x000014f0   0x00000054   Code   RO          789    i.app_uart_get      app_uart_fifo.o
    0x00001544   0x000000ec   Code   RO          790    i.app_uart_init     app_uart_fifo.o
    0x00001630   0x00000044   Code   RO          791    i.app_uart_put      app_uart_fifo.o
    0x00001674   0x0000008c   Code   RO          537    i.apply_config      nrf_drv_uart.o
    0x00001700   0x0000000c   Code   RO         1276    i.button_attach     multi_button.o
    0x0000170c   0x00000276   Code   RO         1277    i.button_handler    multi_button.o
    0x00001982   0x0000004c   Code   RO         1278    i.button_init       multi_button.o
    0x000019ce   0x00000002   PAD
    0x000019d0   0x0000002c   Code   RO         1279    i.button_start      multi_button.o
    0x000019fc   0x0000001c   Code   RO         1281    i.button_ticks      multi_button.o
    0x00001a18   0x00000024   Code   RO          445    i.compute_crc8      usr_i2c.o
    0x00001a3c   0x00000018   Code   RO          988    i.fifo_get          app_fifo.o
    0x00001a54   0x0000000a   Code   RO          792    i.fifo_length       app_uart_fifo.o
    0x00001a5e   0x0000000a   Code   RO          989    i.fifo_length       app_fifo.o
    0x00001a68   0x00000012   Code   RO          990    i.fifo_peek         app_fifo.o
    0x00001a7a   0x00000012   Code   RO          991    i.fifo_put          app_fifo.o
    0x00001a8c   0x00000010   Code   RO          861    i.fputc             retarget.o
    0x00001a9c   0x00000068   Code   RO         1058    i.irq_handler       nrf_drv_timer.o
    0x00001b04   0x000000e8   Code   RO            4    i.main              usr_code.o
    0x00001bec   0x00000004   Code   RO         1359    i.nrf51_errata_26   system_nrf51.o
    0x00001bf0   0x00000004   Code   RO         1395    i.nrf51_errata_59   system_nrf51.o
    0x00001bf4   0x00000004   Code   RO         1414    i.nrf51_errata_76   system_nrf51.o
    0x00001bf8   0x00000040   Code   RO         1223    i.nrf_delay_us      twi_hw_master.o
    0x00001c38   0x00000038   Code   RO          485    i.nrf_drv_common_irq_enable  nrf_drv_common_1.o
    0x00001c70   0x0000000a   Code   RO          538    i.nrf_drv_get_IRQn  nrf_drv_uart.o
    0x00001c7a   0x0000000a   Code   RO         1059    i.nrf_drv_get_IRQn  nrf_drv_timer.o
    0x00001c84   0x00000038   Code   RO         1062    i.nrf_drv_timer_compare  nrf_drv_timer.o
    0x00001cbc   0x00000020   Code   RO         1066    i.nrf_drv_timer_enable  nrf_drv_timer.o
    0x00001cdc   0x0000003e   Code   RO         1067    i.nrf_drv_timer_extended_compare  nrf_drv_timer.o
    0x00001d1a   0x00000002   PAD
    0x00001d1c   0x000000d8   Code   RO         1069    i.nrf_drv_timer_init  nrf_drv_timer.o
    0x00001df4   0x00000098   Code   RO          540    i.nrf_drv_uart_init  nrf_drv_uart.o
    0x00001e8c   0x00000074   Code   RO          541    i.nrf_drv_uart_rx   nrf_drv_uart.o
    0x00001f00   0x00000030   Code   RO          544    i.nrf_drv_uart_rx_enable  nrf_drv_uart.o
    0x00001f30   0x000000d4   Code   RO          545    i.nrf_drv_uart_rx_for_uart  nrf_drv_uart.o
    0x00002004   0x00000038   Code   RO          546    i.nrf_drv_uart_tx   nrf_drv_uart.o
    0x0000203c   0x00000098   Code   RO          548    i.nrf_drv_uart_tx_for_uart  nrf_drv_uart.o
    0x000020d4   0x00000020   Code   RO          549    i.nrf_drv_uart_tx_in_progress  nrf_drv_uart.o
    0x000020f4   0x0000002a   Code   RO          155    i.nrf_gpio_cfg      usr_led.o
    0x0000211e   0x0000002a   Code   RO          551    i.nrf_gpio_cfg      nrf_drv_uart.o
    0x00002148   0x0000001a   Code   RO          156    i.nrf_gpio_cfg_input  usr_led.o
    0x00002162   0x0000001a   Code   RO          553    i.nrf_gpio_cfg_input  nrf_drv_uart.o
    0x0000217c   0x00000018   Code   RO          157    i.nrf_gpio_cfg_output  usr_led.o
    0x00002194   0x00000018   Code   RO          554    i.nrf_gpio_cfg_output  nrf_drv_uart.o
    0x000021ac   0x00000018   Code   RO          158    i.nrf_gpio_pin_clear  usr_led.o
    0x000021c4   0x0000001a   Code   RO          159    i.nrf_gpio_pin_read  usr_led.o
    0x000021de   0x00000018   Code   RO          160    i.nrf_gpio_pin_set  usr_led.o
    0x000021f6   0x00000018   Code   RO          555    i.nrf_gpio_pin_set  nrf_drv_uart.o
    0x0000220e   0x0000002e   Code   RO          161    i.nrf_gpio_pin_toggle  usr_led.o
    0x0000223c   0x0000000c   Code   RO         1073    i.nrf_timer_compare_event_get  nrf_drv_timer.o
    0x00002248   0x0000000a   Code   RO         1074    i.nrf_timer_compare_int_get  nrf_drv_timer.o
    0x00002252   0x00000006   Code   RO         1075    i.nrf_timer_event_clear  nrf_drv_timer.o
    0x00002258   0x0000000a   Code   RO         1076    i.nrf_timer_int_disable  nrf_drv_timer.o
    0x00002262   0x0000000a   Code   RO         1077    i.nrf_timer_int_enable  nrf_drv_timer.o
    0x0000226c   0x00000010   Code   RO         1078    i.nrf_timer_shorts_disable  nrf_drv_timer.o
    0x0000227c   0x00000006   Code   RO         1079    i.nrf_timer_task_trigger  nrf_drv_timer.o
    0x00002282   0x00000014   Code   RO          556    i.nrf_uart_errorsrc_get_and_clear  nrf_drv_uart.o
    0x00002296   0x00000010   Code   RO          557    i.nrf_uart_event_check  nrf_drv_uart.o
    0x000022a6   0x00000006   Code   RO          558    i.nrf_uart_event_clear  nrf_drv_uart.o
    0x000022ac   0x00000012   Code   RO          559    i.nrf_uart_hwfc_pins_set  nrf_drv_uart.o
    0x000022be   0x0000000a   Code   RO          560    i.nrf_uart_int_disable  nrf_drv_uart.o
    0x000022c8   0x0000000a   Code   RO          561    i.nrf_uart_int_enable  nrf_drv_uart.o
    0x000022d2   0x00000018   Code   RO          562    i.nrf_uart_int_enable_check  nrf_drv_uart.o
    0x000022ea   0x00000006   Code   RO          563    i.nrf_uart_task_trigger  nrf_drv_uart.o
    0x000022f0   0x00000012   Code   RO          564    i.nrf_uart_txrx_pins_set  nrf_drv_uart.o
    0x00002302   0x00000048   Code   RO          566    i.rx_byte           nrf_drv_uart.o
    0x0000234a   0x0000001c   Code   RO          567    i.rx_done_event     nrf_drv_uart.o
    0x00002366   0x00000022   Code   RO          568    i.rx_enable         nrf_drv_uart.o
    0x00002388   0x0000003c   Code   RO          446    i.sensirion_common_generate  usr_i2c.o
    0x000023c4   0x000000e4   Code   RO         1224    i.twi_master_clear_bus  twi_hw_master.o
    0x000024a8   0x0000006c   Code   RO         1225    i.twi_master_init   twi_hw_master.o
    0x00002514   0x00000110   Code   RO         1226    i.twi_master_read   twi_hw_master.o
    0x00002624   0x0000004c   Code   RO         1227    i.twi_master_transfer  twi_hw_master.o
    0x00002670   0x000000bc   Code   RO         1228    i.twi_master_write  twi_hw_master.o
    0x0000272c   0x0000002a   Code   RO          569    i.tx_byte           nrf_drv_uart.o
    0x00002756   0x00000022   Code   RO          570    i.tx_done_event     nrf_drv_uart.o
    0x00002778   0x00000026   Code   RO          398    i.uart_error_handle  usr_uart.o
    0x0000279e   0x00000002   PAD
    0x000027a0   0x000000dc   Code   RO          793    i.uart_event_handler  app_uart_fifo.o
    0x0000287c   0x00000158   Code   RO          571    i.uart_irq_handler  nrf_drv_uart.o
    0x000029d4   0x00000010   Data   RO          352    .constdata          usr_timer.o
    0x000029e4   0x00000018   Data   RO          400    .constdata          usr_uart.o
    0x000029fc   0x00000100   Data   RO          448    .constdata          usr_i2c.o
    0x00002afc   0x00000020   Data   RO          795    .constdata          app_uart_fifo.o
    0x00002b1c   0x00000028   Data   RO         1778    .constdata          c_p.l(_printf_hex_int.o)
    0x00002b44   0x00000011   Data   RO         1808    .constdata          c_p.l(__printf_flags_wp.o)
    0x00002b55   0x00000003   PAD
    0x00002b58   0x00000020   Data   RO         1997    Region$$Table       anon$$obj.o


    Execution Region RW_IRAM1 (Base: 0x20000000, Size: 0x000013e0, Max: 0x00008000, ABSOLUTE)

    Base Addr    Size         Type   Attr      Idx    E Section Name        Object

    0x20000000   0x00000018   Data   RW            5    .data               usr_code.o
    0x20000018   0x00000002   Data   RW          163    .data               usr_led.o
    0x2000001a   0x00000002   PAD
    0x2000001c   0x00000004   Data   RW          353    .data               usr_timer.o
    0x20000020   0x00000008   Data   RW          449    .data               usr_i2c.o
    0x20000028   0x0000000f   Data   RW          796    .data               app_uart_fifo.o
    0x20000037   0x00000001   PAD
    0x20000038   0x00000008   Data   RW          862    .data               retarget.o
    0x20000040   0x00000004   Data   RW         1283    .data               multi_button.o
    0x20000044   0x00000004   Data   RW         1419    .data               system_nrf51.o
    0x20000048   0x000000b0   Zero   RW          162    .bss                usr_led.o
    0x200000f8   0x00000200   Zero   RW          399    .bss                usr_uart.o
    0x200002f8   0x00000040   Zero   RW          447    .bss                usr_i2c.o
    0x20000338   0x0000001c   Zero   RW          572    .bss                nrf_drv_uart.o
    0x20000354   0x00000020   Zero   RW          794    .bss                app_uart_fifo.o
    0x20000374   0x0000000c   Zero   RW         1080    .bss                nrf_drv_timer.o
    0x20000380   0x00000060   Zero   RW         1871    .bss                c_p.l(libspace.o)
    0x200003e0   0x00000800   Zero   RW         1331    HEAP                arm_startup_nrf51.o
    0x20000be0   0x00000800   Zero   RW         1330    STACK               arm_startup_nrf51.o


==============================================================================

Image component sizes


      Code (inc. data)   RO Data    RW Data    ZI Data      Debug   Object Name

        32          6          0          0          0       2105   app_error.o
        56          8          0          0          0       7090   app_error_weak.o
       178          0          0          0          0       4930   app_fifo.o
       618         92         32         15         32      11082   app_uart_fifo.o
        84         36        192          0       4096        732   arm_startup_nrf51.o
       818         20          0          4          0       4524   multi_button.o
       176         18          0          0          0       7812   nrf_drv_common_1.o
       574         20          0          0         12      18069   nrf_drv_timer.o
      1736         46          0          0         28      32114   nrf_drv_uart.o
        16          0          0          8          0       2778   retarget.o
       132         32          0          4          0       2827   system_nrf51.o
       936         92          0          0          0       5724   twi_hw_master.o
       256        106          0         24          0      30745   usr_code.o
      2364        378        256          8         64       4834   usr_i2c.o
       856        128          0          2        176      17906   usr_led.o
       184         22         16          4          0       9436   usr_timer.o
       130         16         24          0        512       1803   usr_uart.o

    ----------------------------------------------------------------------
      9158       1020        552         72       4920     164511   Object Totals
         0          0         32          0          0          0   (incl. Generated)
        12          0          0          3          0          0   (incl. Padding)

    ----------------------------------------------------------------------

      Code (inc. data)   RO Data    RW Data    ZI Data      Debug   Library Member Name

         8          0          0          0          0         68   __main.o
       312          6         17          0          0         76   __printf_flags_wp.o
        14          0          0          0          0         60   __printf_wp.o
         0          0          0          0          0          0   __rtentry.o
        12          0          0          0          0          0   __rtentry2.o
         6          0          0          0          0          0   __rtentry4.o
        60          8          0          0          0          0   __scatter.o
        26          0          0          0          0          0   __scatter_copy.o
        28          0          0          0          0          0   __scatter_zi.o
        48          6          0          0          0         88   _printf_char_common.o
        40          6          0          0          0         72   _printf_char_file.o
        10          0          0          0          0          0   _printf_d.o
       108         18          0          0          0         76   _printf_dec.o
        88          4         40          0          0         72   _printf_hex_int.o
       176          0          0          0          0         84   _printf_intcommon.o
        78          0          0          0          0        100   _printf_pad.o
         2          0          0          0          0          0   _printf_percent.o
         4          0          0          0          0          0   _printf_percent_end.o
        10          0          0          0          0          0   _printf_x.o
        12          0          0          0          0         64   exit.o
         8          0          0          0          0         60   ferror.o
         6          0          0          0          0        136   heapauxi.o
         0          0          0          0          0          0   indicate_semi.o
         2          0          0          0          0          0   libinit.o
         2          0          0          0          0          0   libinit2.o
         2          0          0          0          0          0   libshutdown.o
         2          0          0          0          0          0   libshutdown2.o
         8          4          0          0         96         68   libspace.o
        28          6          0          0          0         84   noretval__2printf.o
        64          0          0          0          0        108   rt_memclr.o
        56          0          0          0          0         68   rt_memcpy.o
         2          0          0          0          0          0   rtexit.o
        10          0          0          0          0          0   rtexit2.o
        40          0          0          0          0         60   rtudiv10.o
        12          4          0          0          0         60   sys_exit.o
        62          0          0          0          0         80   sys_stackheap_outer.o
         2          0          0          0          0         68   use_no_semi.o

    ----------------------------------------------------------------------
      1358         62         60          0         96       1552   Library Totals
        10          0          3          0          0          0   (incl. Padding)

    ----------------------------------------------------------------------

      Code (inc. data)   RO Data    RW Data    ZI Data      Debug   Library Name

      1348         62         57          0         96       1552   c_p.l

    ----------------------------------------------------------------------
      1358         62         60          0         96       1552   Library Totals

    ----------------------------------------------------------------------

==============================================================================


      Code (inc. data)   RO Data    RW Data    ZI Data      Debug   

     10516       1082        612         72       5016     160463   Grand Totals
     10516       1082        612         72       5016     160463   ELF Image Totals
     10516       1082        612         72          0          0   ROM Totals

==============================================================================

    Total RO  Size (Code + RO Data)                11128 (  10.87kB)
    Total RW  Size (RW Data + ZI Data)              5088 (   4.97kB)
    Total ROM Size (Code + RO Data + RW Data)      11200 (  10.94kB)

==============================================================================

