<html>
<body>
<pre>
<h1>µVision Build Log</h1>
<h2>Tool Versions:</h2>
IDE-Version: ¦ÌVision V5.38.0.0
Copyright (C) 2022 ARM Ltd and ARM Germany GmbH. All rights reserved.
License Information: a Lilu, HP Inc., LIC=21E4T-R3SD9-CXIU6-DQ7C6-M43UF-1WSIH
 
Tool Versions:
Toolchain:       MDK-ARM Plus  Version: 5.38.0.0
Toolchain Path:  C:\Keil_v5\ARM\ARMCC\Bin
C Compiler:      Armcc.exe V5.05 update 2 (build 169)
Assembler:       Armasm.exe V5.05 update 2 (build 169)
Linker/Locator:  ArmLink.exe V5.05 update 2 (build 169)
Library Manager: ArmAr.exe V5.05 update 2 (build 169)
Hex Converter:   FromElf.exe V5.05 update 2 (build 169)
CPU DLL:         
Dialog DLL:      
Target DLL:      Segger\JL2CM3.dll V2.99.42.0
Dialog DLL:      TCM.DLL V1.56.4.0
 
<h2>Project:</h2>
D:\M14D\PersonalProject\PicoMCU\Foreign\Nordic\NRF51822_Proj\nRF5_SDK_12.3.0_d7731ad\examples\peripheral\gpiote\pca10040\blank\arm5_no_packs\gpiote_pca10040.uvprojx
Project File Date:  02/27/2025

<h2>Output:</h2>
*** Using Compiler 'V5.05 update 2 (build 169)', folder: 'C:\Keil_v5\ARM\ARMCC\Bin'
Rebuild target 'nrf52832_xxaa'
compiling sdk_errors.c...
compiling RTT_Syscalls_KEIL.c...
compiling SEGGER_RTT_printf.c...
compiling app_util_platform.c...
assembling arm_startup_nrf52.s...
compiling nrf_log_frontend.c...
compiling app_error_weak.c...
compiling nrf_assert.c...
compiling nrf_log_backend_serial.c...
compiling nrf_drv_common.c...
compiling app_error.c...
compiling boards.c...
compiling main.c...
compiling SEGGER_RTT.c...
compiling nrf_drv_uart.c...
compiling nrf_drv_ppi.c...
compiling nrf_drv_timer.c...
compiling system_nrf52.c...
compiling nrf_drv_gpiote.c...
linking...
Program Size: Code=3448 RO-data=1072 RW-data=24 ZI-data=8312  
FromELF: creating hex file...
".\_build\nrf52832_xxaa.axf" - 0 Error(s), 0 Warning(s).

<h2>Software Packages used:</h2>

Package Vendor: ARM
                http://www.keil.com/pack/ARM.CMSIS.4.5.0.pack
                ARM.CMSIS.4.5.0
                CMSIS (Cortex Microcontroller Software Interface Standard)
   * Component: CORE Version: 4.3.0

Package Vendor: NordicSemiconductor
                http://developer.nordicsemi.com/nRF5_SDK/pieces/nRF_DeviceFamilyPack/NordicSemiconductor.nRF_DeviceFamilyPack.8.11.1.pack
                NordicSemiconductor.nRF_DeviceFamilyPack.8.11.1
                Nordic Semiconductor nRF ARM devices Device Family Pack.
   * Component: Startup Version: 8.11.1

<h2>Collection of Component include folders:</h2>
  ./RTE/_nrf52832_xxaa
  C:/Keil_v5d38/ARM/PACK/ARM/CMSIS/4.5.0/CMSIS/Include
  C:/Keil_v5d38/ARM/PACK/NordicSemiconductor/nRF_DeviceFamilyPack/8.11.1/Device/Include

<h2>Collection of Component Files used:</h2>

   * Component: ARM::CMSIS:CORE:4.3.0

   * Component: NordicSemiconductor::Device:Startup:8.11.1
      Source file:   Device/Source/system_nrf52.c
      Include file:  Device/Include/system_nrf52.h
      Source file:   Device/Source/arm/arm_startup_nrf52.s
Build Time Elapsed:  00:00:03
</pre>
</body>
</html>
