Component: ARM Compiler 5.05 update 2 (build 169) Tool: armlink [4d0f33]

==============================================================================

Section Cross References

    usr_code.o(i.Usr_InitSetup) refers to usr_led.o(i.LED_Init) for LED_Init
    usr_code.o(i.Usr_InitSetup) refers to usr_uart.o(i.Usr_UartInit) for Usr_UartInit
    usr_code.o(i.Usr_InitSetup) refers to usr_timer.o(i.Usr_Timer_InitSetup) for Usr_Timer_InitSetup
    usr_code.o(i.Usr_InitSetup) refers to usr_i2c.o(i.Usr_I2C_InitSetup) for Usr_I2C_InitSetup
    usr_code.o(i.main) refers to _printf_pad.o(.text) for _printf_pre_padding
    usr_code.o(i.main) refers to _printf_percent.o(.ARM.Collect$$_printf_percent$$00000000) for _printf_percent
    usr_code.o(i.main) refers to _printf_x.o(.ARM.Collect$$_printf_percent$$0000000C) for _printf_x
    usr_code.o(i.main) refers to _printf_hex_int.o(.text) for _printf_longlong_hex
    usr_code.o(i.main) refers to _printf_d.o(.ARM.Collect$$_printf_percent$$00000009) for _printf_d
    usr_code.o(i.main) refers to _printf_dec.o(.text) for _printf_int_dec
    usr_code.o(i.main) refers to usr_code.o(i.Usr_InitSetup) for Usr_InitSetup
    usr_code.o(i.main) refers to noretval__2printf.o(.text) for __2printf
    usr_code.o(i.main) refers to usr_led.o(i.LED1_Toggle) for LED1_Toggle
    usr_code.o(i.main) refers to usr_led.o(i.LED2_Toggle) for LED2_Toggle
    usr_code.o(i.main) refers to usr_led.o(i.LED3_Toggle) for LED3_Toggle
    usr_code.o(i.main) refers to usr_led.o(i.LED4_Toggle) for LED4_Toggle
    usr_code.o(i.main) refers to usr_i2c.o(i.Usr_I2C_MainLoop) for Usr_I2C_MainLoop
    usr_code.o(i.main) refers to app_uart_fifo.o(i.app_uart_get) for app_uart_get
    usr_code.o(i.main) refers to app_uart_fifo.o(i.app_uart_put) for app_uart_put
    usr_code.o(i.main) refers to usr_code.o(.data) for Reset_Source
    usr_led.o(i.LED1_Close) refers to usr_led.o(i.nrf_gpio_pin_set) for nrf_gpio_pin_set
    usr_led.o(i.LED1_Open) refers to usr_led.o(i.nrf_gpio_pin_clear) for nrf_gpio_pin_clear
    usr_led.o(i.LED1_Toggle) refers to usr_led.o(i.nrf_gpio_pin_toggle) for nrf_gpio_pin_toggle
    usr_led.o(i.LED2_Close) refers to usr_led.o(i.nrf_gpio_pin_set) for nrf_gpio_pin_set
    usr_led.o(i.LED2_Open) refers to usr_led.o(i.nrf_gpio_pin_clear) for nrf_gpio_pin_clear
    usr_led.o(i.LED2_Toggle) refers to usr_led.o(i.nrf_gpio_pin_toggle) for nrf_gpio_pin_toggle
    usr_led.o(i.LED3_Close) refers to usr_led.o(i.nrf_gpio_pin_set) for nrf_gpio_pin_set
    usr_led.o(i.LED3_Open) refers to usr_led.o(i.nrf_gpio_pin_clear) for nrf_gpio_pin_clear
    usr_led.o(i.LED3_Toggle) refers to usr_led.o(i.nrf_gpio_pin_toggle) for nrf_gpio_pin_toggle
    usr_led.o(i.LED4_Close) refers to usr_led.o(i.nrf_gpio_pin_set) for nrf_gpio_pin_set
    usr_led.o(i.LED4_Open) refers to usr_led.o(i.nrf_gpio_pin_clear) for nrf_gpio_pin_clear
    usr_led.o(i.LED4_Toggle) refers to usr_led.o(i.nrf_gpio_pin_toggle) for nrf_gpio_pin_toggle
    usr_led.o(i.LED_Init) refers to usr_led.o(i.nrf_gpio_cfg_output) for nrf_gpio_cfg_output
    usr_led.o(i.LED_Init) refers to usr_led.o(i.LED1_Open) for LED1_Open
    usr_led.o(i.LED_Init) refers to usr_led.o(i.LED2_Close) for LED2_Close
    usr_led.o(i.LED_Init) refers to usr_led.o(i.LED3_Open) for LED3_Open
    usr_led.o(i.LED_Init) refers to usr_led.o(i.LED4_Close) for LED4_Close
    usr_led.o(i.Usr_Dbg_IO) refers to usr_led.o(i.nrf_gpio_pin_clear) for nrf_gpio_pin_clear
    usr_led.o(i.Usr_Dbg_IO) refers to usr_led.o(i.nrf_gpio_pin_set) for nrf_gpio_pin_set
    usr_led.o(i.Usr_Dbg_IO) refers to usr_led.o(i.nrf_gpio_pin_toggle) for nrf_gpio_pin_toggle
    usr_timer.o(i.Timer0_Handler) refers to usr_led.o(i.Usr_Dbg_IO) for Usr_Dbg_IO
    usr_timer.o(i.Timer0_Handler) refers to usr_code.o(.data) for TimeStamp_Cnt
    usr_timer.o(i.Usr_Timer_InitSetup) refers to nrf_drv_timer.o(i.nrf_drv_timer_init) for nrf_drv_timer_init
    usr_timer.o(i.Usr_Timer_InitSetup) refers to app_error.o(i.app_error_handler_bare) for app_error_handler_bare
    usr_timer.o(i.Usr_Timer_InitSetup) refers to nrf_drv_timer.o(i.nrf_drv_timer_extended_compare) for nrf_drv_timer_extended_compare
    usr_timer.o(i.Usr_Timer_InitSetup) refers to nrf_drv_timer.o(i.nrf_drv_timer_enable) for nrf_drv_timer_enable
    usr_timer.o(i.Usr_Timer_InitSetup) refers to usr_timer.o(i.Timer0_Handler) for Timer0_Handler
    usr_timer.o(i.Usr_Timer_InitSetup) refers to usr_timer.o(.data) for Timer0_Handler_Ptr
    usr_timer.o(i.Usr_Timer_InitSetup) refers to usr_timer.o(.constdata) for Timer0_St
    usr_uart.o(i.Usr_UartInit) refers to rt_memcpy.o(.emb_text) for __aeabi_memcpy4
    usr_uart.o(i.Usr_UartInit) refers to app_uart_fifo.o(i.app_uart_init) for app_uart_init
    usr_uart.o(i.Usr_UartInit) refers to app_error.o(i.app_error_handler_bare) for app_error_handler_bare
    usr_uart.o(i.Usr_UartInit) refers to usr_uart.o(.constdata) for .constdata
    usr_uart.o(i.Usr_UartInit) refers to usr_uart.o(.bss) for rx_buf
[...]

    Removing usr_code.o(.rev16_text), (4 bytes).
    Removing usr_code.o(.revsh_text), (4 bytes).
    Removing usr_led.o(.rev16_text), (4 bytes).
    Removing usr_led.o(.revsh_text), (4 bytes).
    Removing usr_led.o(i.LED1_Close), (10 bytes).
    Removing usr_led.o(i.LED2_Open), (10 bytes).
    Removing usr_led.o(i.LED3_Close), (10 bytes).
    Removing usr_led.o(i.LED4_Open), (10 bytes).
    Removing usr_timer.o(.rev16_text), (4 bytes).
    Removing usr_timer.o(.revsh_text), (4 bytes).
    Removing usr_uart.o(.rev16_text), (4 bytes).
    Removing usr_uart.o(.revsh_text), (4 bytes).
    Removing usr_uart.o(i.nrf_gpio_cfg), (42 bytes).
    Removing usr_uart.o(i.nrf_gpio_cfg_input), (26 bytes).
    Removing usr_uart.o(i.nrf_gpio_cfg_output), (24 bytes).
    Removing usr_uart.o(i.simple_uart_config), (104 bytes).
    Removing nrf_drv_common_1.o(.rev16_text), (4 bytes).
    Removing nrf_drv_common_1.o(.revsh_text), (4 bytes).
    Removing nrf_drv_common_1.o(i.nrf_drv_common_clock_irq_disable), (24 bytes).
    Removing nrf_drv_uart.o(.rev16_text), (4 bytes).
    Removing nrf_drv_uart.o(.revsh_text), (4 bytes).
    Removing nrf_drv_uart.o(i.nrf_drv_uart_errorsrc_get), (26 bytes).
    Removing nrf_drv_uart.o(i.nrf_drv_uart_rx_abort), (24 bytes).
    Removing nrf_drv_uart.o(i.nrf_drv_uart_rx_disable), (32 bytes).
    Removing nrf_drv_uart.o(i.nrf_drv_uart_tx_abort), (52 bytes).
    Removing nrf_drv_uart.o(i.nrf_drv_uart_uninit), (104 bytes).
    Removing nrf_drv_uart.o(i.nrf_gpio_cfg_default), (24 bytes).
    Removing nrf_drv_uart.o(i.pins_to_default), (138 bytes).
    Removing nrf_drv_uart.o(.constdata), (100 bytes).
    Removing app_uart_fifo.o(.rev16_text), (4 bytes).
    Removing app_uart_fifo.o(.revsh_text), (4 bytes).
    Removing app_uart_fifo.o(i.app_uart_close), (16 bytes).
    Removing app_uart_fifo.o(i.app_uart_flush), (56 bytes).
    Removing retarget.o(.rev16_text), (4 bytes).
    Removing retarget.o(.revsh_text), (4 bytes).
    Removing retarget.o(i.fgetc), (22 bytes).
    Removing app_error.o(.rev16_text), (4 bytes).
    Removing app_error.o(.revsh_text), (4 bytes).
    Removing app_error.o(i.app_error_handler), (32 bytes).
    Removing app_error.o(i.app_error_save_and_stop), (140 bytes).
    Removing app_error.o(.bss), (32 bytes).
    Removing app_error_weak.o(.rev16_text), (4 bytes).
    Removing app_error_weak.o(.revsh_text), (4 bytes).
    Removing nrf_assert.o(.rev16_text), (4 bytes).
    Removing nrf_assert.o(.revsh_text), (4 bytes).
    Removing nrf_assert.o(i.assert_nrf_callback), (28 bytes).
    Removing app_fifo.o(.rev16_text), (4 bytes).
    Removing app_fifo.o(.revsh_text), (4 bytes).
    Removing app_fifo.o(i.app_fifo_flush), (10 bytes).
    Removing app_fifo.o(i.app_fifo_peek), (36 bytes).
    Removing app_fifo.o(i.app_fifo_read), (110 bytes).
    Removing app_fifo.o(i.app_fifo_write), (116 bytes).
    Removing nrf_drv_timer.o(.rev16_text), (4 bytes).
    Removing nrf_drv_timer.o(.revsh_text), (4 bytes).
    Removing nrf_drv_timer.o(i.nrf_drv_timer_capture), (40 bytes).
    Removing nrf_drv_timer.o(i.nrf_drv_timer_clear), (14 bytes).
    Removing nrf_drv_timer.o(i.nrf_drv_timer_compare_int_disable), (24 bytes).
    Removing nrf_drv_timer.o(i.nrf_drv_timer_compare_int_enable), (40 bytes).
    Removing nrf_drv_timer.o(i.nrf_drv_timer_disable), (32 bytes).
    Removing nrf_drv_timer.o(i.nrf_drv_timer_increment), (14 bytes).
    Removing nrf_drv_timer.o(i.nrf_drv_timer_pause), (14 bytes).
    Removing nrf_drv_timer.o(i.nrf_drv_timer_resume), (14 bytes).
    Removing nrf_drv_timer.o(i.nrf_drv_timer_uninit), (96 bytes).
    Removing nrf_drv_timer.o(.constdata), (19 bytes).
    Removing nrf_drv_twi.o(.rev16_text), (4 bytes).
    Removing nrf_drv_twi.o(.revsh_text), (4 bytes).
    Removing twi_hw_master.o(.rev16_text), (4 bytes).
    Removing twi_hw_master.o(.revsh_text), (4 bytes).
    Removing system_nrf51.o(.rev16_text), (4 bytes).
    Removing system_nrf51.o(.revsh_text), (4 bytes).
    Removing system_nrf51.o(i.nrf51_errata_1), (4 bytes).
    Removing system_nrf51.o(i.nrf51_errata_10), (4 bytes).
    Removing system_nrf51.o(i.nrf51_errata_11), (4 bytes).
    Removing system_nrf51.o(i.nrf51_errata_12), (4 bytes).
    Removing system_nrf51.o(i.nrf51_errata_13), (4 bytes).
    Removing system_nrf51.o(i.nrf51_errata_14), (4 bytes).
    Removing system_nrf51.o(i.nrf51_errata_15), (4 bytes).
    Removing system_nrf51.o(i.nrf51_errata_16), (4 bytes).
    Removing system_nrf51.o(i.nrf51_errata_17), (4 bytes).
    Removing system_nrf51.o(i.nrf51_errata_18), (4 bytes).
    Removing system_nrf51.o(i.nrf51_errata_19), (4 bytes).
    Removing system_nrf51.o(i.nrf51_errata_2), (4 bytes).
    Removing system_nrf51.o(i.nrf51_errata_20), (4 bytes).
    Removing system_nrf51.o(i.nrf51_errata_21), (4 bytes).
    Removing system_nrf51.o(i.nrf51_errata_22), (4 bytes).
    Removing system_nrf51.o(i.nrf51_errata_23), (4 bytes).
    Removing system_nrf51.o(i.nrf51_errata_24), (4 bytes).
    Removing system_nrf51.o(i.nrf51_errata_25), (4 bytes).
    Removing system_nrf51.o(i.nrf51_errata_27), (4 bytes).
    Removing system_nrf51.o(i.nrf51_errata_28), (4 bytes).
    Removing system_nrf51.o(i.nrf51_errata_29), (4 bytes).
    Removing system_nrf51.o(i.nrf51_errata_3), (4 bytes).
    Removing system_nrf51.o(i.nrf51_errata_30), (4 bytes).
    Removing system_nrf51.o(i.nrf51_errata_31), (4 bytes).
    Removing system_nrf51.o(i.nrf51_errata_32), (4 bytes).
    Removing system_nrf51.o(i.nrf51_errata_33), (4 bytes).
    Removing system_nrf51.o(i.nrf51_errata_34), (4 bytes).
    Removing system_nrf51.o(i.nrf51_errata_35), (4 bytes).
    Removing system_nrf51.o(i.nrf51_errata_36), (4 bytes).
    Removing system_nrf51.o(i.nrf51_errata_37), (4 bytes).
    Removing system_nrf51.o(i.nrf51_errata_38), (4 bytes).
    Removing system_nrf51.o(i.nrf51_errata_39), (4 bytes).
    Removing system_nrf51.o(i.nrf51_errata_4), (4 bytes).
    Removing system_nrf51.o(i.nrf51_errata_40), (4 bytes).
    Removing system_nrf51.o(i.nrf51_errata_41), (4 bytes).
    Removing system_nrf51.o(i.nrf51_errata_42), (4 bytes).
    Removing system_nrf51.o(i.nrf51_errata_43), (4 bytes).
    Removing system_nrf51.o(i.nrf51_errata_44), (4 bytes).
    Removing system_nrf51.o(i.nrf51_errata_45), (4 bytes).
    Removing system_nrf51.o(i.nrf51_errata_46), (4 bytes).
    Removing system_nrf51.o(i.nrf51_errata_47), (4 bytes).
    Removing system_nrf51.o(i.nrf51_errata_48), (4 bytes).
    Removing system_nrf51.o(i.nrf51_errata_49), (4 bytes).
    Removing system_nrf51.o(i.nrf51_errata_5), (4 bytes).
    Removing system_nrf51.o(i.nrf51_errata_50), (4 bytes).
    Removing system_nrf51.o(i.nrf51_errata_51), (4 bytes).
    Removing system_nrf51.o(i.nrf51_errata_52), (4 bytes).
    Removing system_nrf51.o(i.nrf51_errata_53), (4 bytes).
    Removing system_nrf51.o(i.nrf51_errata_54), (4 bytes).
    Removing system_nrf51.o(i.nrf51_errata_55), (4 bytes).
    Removing system_nrf51.o(i.nrf51_errata_56), (4 bytes).
    Removing system_nrf51.o(i.nrf51_errata_57), (4 bytes).
    Removing system_nrf51.o(i.nrf51_errata_58), (4 bytes).
    Removing system_nrf51.o(i.nrf51_errata_6), (4 bytes).
    Removing system_nrf51.o(i.nrf51_errata_60), (4 bytes).
    Removing system_nrf51.o(i.nrf51_errata_61), (4 bytes).
    Removing system_nrf51.o(i.nrf51_errata_62), (4 bytes).
    Removing system_nrf51.o(i.nrf51_errata_63), (4 bytes).
    Removing system_nrf51.o(i.nrf51_errata_64), (4 bytes).
    Removing system_nrf51.o(i.nrf51_errata_65), (4 bytes).
    Removing system_nrf51.o(i.nrf51_errata_66), (4 bytes).
    Removing system_nrf51.o(i.nrf51_errata_67), (4 bytes).
    Removing system_nrf51.o(i.nrf51_errata_68), (4 bytes).
    Removing system_nrf51.o(i.nrf51_errata_69), (4 bytes).
    Removing system_nrf51.o(i.nrf51_errata_7), (4 bytes).
    Removing system_nrf51.o(i.nrf51_errata_70), (4 bytes).
    Removing system_nrf51.o(i.nrf51_errata_71), (4 bytes).
    Removing system_nrf51.o(i.nrf51_errata_72), (4 bytes).
    Removing system_nrf51.o(i.nrf51_errata_73), (4 bytes).
    Removing system_nrf51.o(i.nrf51_errata_74), (4 bytes).
    Removing system_nrf51.o(i.nrf51_errata_75), (4 bytes).
    Removing system_nrf51.o(i.nrf51_errata_77), (4 bytes).
    Removing system_nrf51.o(i.nrf51_errata_78), (4 bytes).
    Removing system_nrf51.o(i.nrf51_errata_8), (4 bytes).
    Removing system_nrf51.o(i.nrf51_errata_9), (4 bytes).

145 unused section(s) (total 2093 bytes) removed from the image.

==============================================================================

Image Symbol Table

    Local Symbols

    Symbol Name                              Value     Ov Type        Size  Object(Section)

    RESET                                    0x00000000   Section      192  arm_startup_nrf51.o(RESET)
    ../clib/angel/boardlib.s                 0x00000000   Number         0  boardinit3.o ABSOLUTE
    ../clib/angel/boardlib.s                 0x00000000   Number         0  boardshut.o ABSOLUTE
    ../clib/angel/boardlib.s                 0x00000000   Number         0  boardinit1.o ABSOLUTE
    ../clib/angel/boardlib.s                 0x00000000   Number         0  boardinit2.o ABSOLUTE
    ../clib/angel/handlers.s                 0x00000000   Number         0  __scatter_copy.o ABSOLUTE
    ../clib/angel/handlers.s                 0x00000000   Number         0  __scatter_zi.o ABSOLUTE
    ../clib/angel/kernel.s                   0x00000000   Number         0  __rtentry.o ABSOLUTE
    ../clib/angel/kernel.s                   0x00000000   Number         0  rtexit.o ABSOLUTE
    ../clib/angel/kernel.s                   0x00000000   Number         0  __rtentry4.o ABSOLUTE
    ../clib/angel/kernel.s                   0x00000000   Number         0  rtexit2.o ABSOLUTE
    ../clib/angel/kernel.s                   0x00000000   Number         0  __rtentry2.o ABSOLUTE
    ../clib/angel/rt.s                       0x00000000   Number         0  rt_raise.o ABSOLUTE
    ../clib/angel/scatterp.s                 0x00000000   Number         0  __scatter.o ABSOLUTE
    ../clib/angel/startup.s                  0x00000000   Number         0  __main.o ABSOLUTE
    ../clib/angel/sys.s                      0x00000000   Number         0  use_no_semi.o ABSOLUTE
    ../clib/angel/sys.s                      0x00000000   Number         0  indicate_semi.o ABSOLUTE
    ../clib/angel/sys.s                      0x00000000   Number         0  sys_stackheap_outer.o ABSOLUTE
    ../clib/angel/sys.s                      0x00000000   Number         0  libspace.o ABSOLUTE
    ../clib/angel/sys.s                      0x00000000   Number         0  tempstk.o ABSOLUTE
    ../clib/angel/sysapp.c                   0x00000000   Number         0  sys_command.o ABSOLUTE
    ../clib/angel/sysapp.c                   0x00000000   Number         0  sys_wrch.o ABSOLUTE
    ../clib/angel/sysapp.c                   0x00000000   Number         0  sys_exit.o ABSOLUTE
    ../clib/armsys.c                         0x00000000   Number         0  argv_veneer.o ABSOLUTE
    ../clib/armsys.c                         0x00000000   Number         0  _get_argv_nomalloc.o ABSOLUTE
    ../clib/armsys.c                         0x00000000   Number         0  no_argv.o ABSOLUTE
    ../clib/division.c                       0x00000000   Number         0  rtudiv10.o ABSOLUTE
    ../clib/heapalloc.c                      0x00000000   Number         0  hrguard.o ABSOLUTE
    ../clib/heapaux.c                        0x00000000   Number         0  heapauxi.o ABSOLUTE
    ../clib/libinit.s                        0x00000000   Number         0  libshutdown2.o ABSOLUTE
    ../clib/libinit.s                        0x00000000   Number         0  libinit2.o ABSOLUTE
    ../clib/libinit.s                        0x00000000   Number         0  libinit.o ABSOLUTE
    ../clib/libinit.s                        0x00000000   Number         0  libshutdown.o ABSOLUTE
    ../clib/memcpset.c                       0x00000000   Number         0  rt_memcpy.o ABSOLUTE
    ../clib/memcpset.c                       0x00000000   Number         0  rt_memcpy.o ABSOLUTE
    ../clib/misc.s                           0x00000000   Number         0  printf_stubs.o ABSOLUTE
    ../clib/printf.c                         0x00000000   Number         0  _printf_hex_int_ll.o ABSOLUTE
    ../clib/printf.c                         0x00000000   Number         0  _printf_hex_int.o ABSOLUTE
    ../clib/printf.c                         0x00000000   Number         0  _printf_hex_ll.o ABSOLUTE
    ../clib/printf.c                         0x00000000   Number         0  _printf_dec.o ABSOLUTE
    ../clib/printf.c                         0x00000000   Number         0  _printf_pad.o ABSOLUTE
    ../clib/printf.c                         0x00000000   Number         0  noretval__2printf.o ABSOLUTE
    ../clib/printf.c                         0x00000000   Number         0  __2printf.o ABSOLUTE
    ../clib/printf.c                         0x00000000   Number         0  _printf_intcommon.o ABSOLUTE
    ../clib/printf.c                         0x00000000   Number         0  _printf_hex_int_ll_ptr.o ABSOLUTE
    ../clib/printf.c                         0x00000000   Number         0  _printf_char_file.o ABSOLUTE
    ../clib/printf.c                         0x00000000   Number         0  _printf_hex_ll_ptr.o ABSOLUTE
    ../clib/printf.c                         0x00000000   Number         0  _printf_char_common.o ABSOLUTE
    ../clib/printf.c                         0x00000000   Number         0  __printf_nopercent.o ABSOLUTE
    ../clib/printf.c                         0x00000000   Number         0  __printf.o ABSOLUTE
    ../clib/printf.c                         0x00000000   Number         0  _printf_hex_int_ptr.o ABSOLUTE
    ../clib/printf.c                         0x00000000   Number         0  _printf_hex_ptr.o ABSOLUTE
    ../clib/printf.c                         0x00000000   Number         0  __printf_flags_ss_wp.o ABSOLUTE
    ../clib/printf.c                         0x00000000   Number         0  __printf_ss_wp.o ABSOLUTE
    ../clib/printf.c                         0x00000000   Number         0  __printf_flags_wp.o ABSOLUTE
    ../clib/printf.c                         0x00000000   Number         0  __printf_wp.o ABSOLUTE
    ../clib/printf.c                         0x00000000   Number         0  __printf_flags_ss.o ABSOLUTE
    ../clib/printf.c                         0x00000000   Number         0  __printf_ss.o ABSOLUTE
    ../clib/printf.c                         0x00000000   Number         0  __printf_flags.o ABSOLUTE
    ../clib/printf_percent.s                 0x00000000   Number         0  _printf_percent.o ABSOLUTE
    ../clib/printf_percent.s                 0x00000000   Number         0  _printf_percent_end.o ABSOLUTE
    ../clib/printf_percent.s                 0x00000000   Number         0  _printf_d.o ABSOLUTE
    ../clib/printf_percent.s                 0x00000000   Number         0  _printf_x.o ABSOLUTE
    ../clib/signal.c                         0x00000000   Number         0  defsig_rtmem_formal.o ABSOLUTE
    ../clib/signal.c                         0x00000000   Number         0  defsig_rtmem_outer.o ABSOLUTE
    ../clib/signal.c                         0x00000000   Number         0  defsig_fpe_inner.o ABSOLUTE
    ../clib/signal.c                         0x00000000   Number         0  defsig_rtred_inner.o ABSOLUTE
    ../clib/signal.c                         0x00000000   Number         0  defsig_stak_inner.o ABSOLUTE
    ../clib/signal.c                         0x00000000   Number         0  defsig_pvfn_inner.o ABSOLUTE
    ../clib/signal.c                         0x00000000   Number         0  defsig_cppl_inner.o ABSOLUTE
    ../clib/signal.c                         0x00000000   Number         0  defsig_segv_inner.o ABSOLUTE
    ../clib/signal.c                         0x00000000   Number         0  defsig_other.o ABSOLUTE
    ../clib/signal.c                         0x00000000   Number         0  __raise.o ABSOLUTE
    ../clib/signal.c                         0x00000000   Number         0  defsig_general.o ABSOLUTE
    ../clib/signal.c                         0x00000000   Number         0  defsig_abrt_inner.o ABSOLUTE
    ../clib/signal.c                         0x00000000   Number         0  defsig_rtmem_inner.o ABSOLUTE
    ../clib/signal.c                         0x00000000   Number         0  defsig_exit.o ABSOLUTE
    ../clib/signal.s                         0x00000000   Number         0  defsig.o ABSOLUTE
    ../clib/stdio.c                          0x00000000   Number         0  ferror.o ABSOLUTE
    ../clib/stdio.c                          0x00000000   Number         0  ferror_locked.o ABSOLUTE
    ../clib/stdlib.c                         0x00000000   Number         0  exit.o ABSOLUTE
    ../fplib/cfplib/fpinit.c                 0x00000000   Number         0  fpinit.o ABSOLUTE
    ..\\nRF5_SDK_12.3.0_d7731ad\\components\\drivers_nrf\\common\\nrf_drv_common.c 0x00000000   Number         0  nrf_drv_common_1.o ABSOLUTE
    ..\\nRF5_SDK_12.3.0_d7731ad\\components\\drivers_nrf\\timer\\nrf_drv_timer.c 0x00000000   Number         0  nrf_drv_timer.o ABSOLUTE
    ..\\nRF5_SDK_12.3.0_d7731ad\\components\\drivers_nrf\\twi_master\\deprecated\\twi_hw_master.c 0x00000000   Number         0  twi_hw_master.o ABSOLUTE
    ..\\nRF5_SDK_12.3.0_d7731ad\\components\\drivers_nrf\\twi_master\\nrf_drv_twi.c 0x00000000   Number         0  nrf_drv_twi.o ABSOLUTE
    ..\\nRF5_SDK_12.3.0_d7731ad\\components\\drivers_nrf\\uart\\nrf_drv_uart.c 0x00000000   Number         0  nrf_drv_uart.o ABSOLUTE
    ..\\nRF5_SDK_12.3.0_d7731ad\\components\\libraries\\fifo\\app_fifo.c 0x00000000   Number         0  app_fifo.o ABSOLUTE
    ..\\nRF5_SDK_12.3.0_d7731ad\\components\\libraries\\uart\\app_uart_fifo.c 0x00000000   Number         0  app_uart_fifo.o ABSOLUTE
    ..\\nRF5_SDK_12.3.0_d7731ad\\components\\libraries\\uart\\retarget.c 0x00000000   Number         0  retarget.o ABSOLUTE
    ..\\nRF5_SDK_12.3.0_d7731ad\\components\\libraries\\util\\app_error.c 0x00000000   Number         0  app_error.o ABSOLUTE
    ..\\nRF5_SDK_12.3.0_d7731ad\\components\\libraries\\util\\app_error_weak.c 0x00000000   Number         0  app_error_weak.o ABSOLUTE
    ..\\nRF5_SDK_12.3.0_d7731ad\\components\\libraries\\util\\nrf_assert.c 0x00000000   Number         0  nrf_assert.o ABSOLUTE
    ..\nRF5_SDK_12.3.0_d7731ad\components\drivers_nrf\common\nrf_drv_common.c 0x00000000   Number         0  nrf_drv_common_1.o ABSOLUTE
    ..\nRF5_SDK_12.3.0_d7731ad\components\drivers_nrf\timer\nrf_drv_timer.c 0x00000000   Number         0  nrf_drv_timer.o ABSOLUTE
    ..\nRF5_SDK_12.3.0_d7731ad\components\drivers_nrf\twi_master\deprecated\twi_hw_master.c 0x00000000   Number         0  twi_hw_master.o ABSOLUTE
    ..\nRF5_SDK_12.3.0_d7731ad\components\drivers_nrf\twi_master\nrf_drv_twi.c 0x00000000   Number         0  nrf_drv_twi.o ABSOLUTE
    ..\nRF5_SDK_12.3.0_d7731ad\components\drivers_nrf\uart\nrf_drv_uart.c 0x00000000   Number         0  nrf_drv_uart.o ABSOLUTE
    ..\nRF5_SDK_12.3.0_d7731ad\components\libraries\fifo\app_fifo.c 0x00000000   Number         0  app_fifo.o ABSOLUTE
    ..\nRF5_SDK_12.3.0_d7731ad\components\libraries\uart\app_uart_fifo.c 0x00000000   Number         0  app_uart_fifo.o ABSOLUTE
    ..\nRF5_SDK_12.3.0_d7731ad\components\libraries\uart\retarget.c 0x00000000   Number         0  retarget.o ABSOLUTE
    ..\nRF5_SDK_12.3.0_d7731ad\components\libraries\util\app_error.c 0x00000000   Number         0  app_error.o ABSOLUTE
    ..\nRF5_SDK_12.3.0_d7731ad\components\libraries\util\app_error_weak.c 0x00000000   Number         0  app_error_weak.o ABSOLUTE
    ..\nRF5_SDK_12.3.0_d7731ad\components\libraries\util\nrf_assert.c 0x00000000   Number         0  nrf_assert.o ABSOLUTE
    RTE\Device\nRF51822_xxAC\arm_startup_nrf51.s 0x00000000   Number         0  arm_startup_nrf51.o ABSOLUTE
    RTE\Device\nRF51822_xxAC\system_nrf51.c  0x00000000   Number         0  system_nrf51.o ABSOLUTE
    RTE\\Device\\nRF51822_xxAC\\system_nrf51.c 0x00000000   Number         0  system_nrf51.o ABSOLUTE
    UsrCode\Usr_Code.c                       0x00000000   Number         0  usr_code.o ABSOLUTE
    UsrCode\Usr_I2C.c                        0x00000000   Number         0  usr_i2c.o ABSOLUTE
    UsrCode\Usr_Led.c                        0x00000000   Number         0  usr_led.o ABSOLUTE
    UsrCode\Usr_Timer.c                      0x00000000   Number         0  usr_timer.o ABSOLUTE
    UsrCode\Usr_Uart.c                       0x00000000   Number         0  usr_uart.o ABSOLUTE
    UsrCode\\Usr_Code.c                      0x00000000   Number         0  usr_code.o ABSOLUTE
    UsrCode\\Usr_Led.c                       0x00000000   Number         0  usr_led.o ABSOLUTE
    UsrCode\\Usr_Timer.c                     0x00000000   Number         0  usr_timer.o ABSOLUTE
    UsrCode\\Usr_Uart.c                      0x00000000   Number         0  usr_uart.o ABSOLUTE
    dc.s                                     0x00000000   Number         0  dc.o ABSOLUTE
    !!!main                                  0x000000c0   Section        8  __main.o(!!!main)
    !!!scatter                               0x000000c8   Section       60  __scatter.o(!!!scatter)
    !!handler_copy                           0x00000104   Section       26  __scatter_copy.o(!!handler_copy)
    !!handler_zi                             0x00000120   Section       28  __scatter_zi.o(!!handler_zi)
    .ARM.Collect$$_printf_percent$$00000000  0x0000013c   Section        2  _printf_percent.o(.ARM.Collect$$_printf_percent$$00000000)
    .ARM.Collect$$_printf_percent$$00000009  0x0000013e   Section       10  _printf_d.o(.ARM.Collect$$_printf_percent$$00000009)
    .ARM.Collect$$_printf_percent$$0000000C  0x00000148   Section       10  _printf_x.o(.ARM.Collect$$_printf_percent$$0000000C)
    .ARM.Collect$$_printf_percent$$00000017  0x00000152   Section        4  _printf_percent_end.o(.ARM.Collect$$_printf_percent$$00000017)
    .ARM.Collect$$libinit$$00000000          0x00000156   Section        2  libinit.o(.ARM.Collect$$libinit$$00000000)
    .ARM.Collect$$libinit$$00000002          0x00000158   Section        0  libinit2.o(.ARM.Collect$$libinit$$00000002)
    .ARM.Collect$$libinit$$00000004          0x00000158   Section        0  libinit2.o(.ARM.Collect$$libinit$$00000004)
    .ARM.Collect$$libinit$$0000000A          0x00000158   Section        0  libinit2.o(.ARM.Collect$$libinit$$0000000A)
    .ARM.Collect$$libinit$$0000000C          0x00000158   Section        0  libinit2.o(.ARM.Collect$$libinit$$0000000C)
    .ARM.Collect$$libinit$$0000000E          0x00000158   Section        0  libinit2.o(.ARM.Collect$$libinit$$0000000E)
    .ARM.Collect$$libinit$$00000011          0x00000158   Section        0  libinit2.o(.ARM.Collect$$libinit$$00000011)
    .ARM.Collect$$libinit$$00000013          0x00000158   Section        0  libinit2.o(.ARM.Collect$$libinit$$00000013)
    .ARM.Collect$$libinit$$00000015          0x00000158   Section        0  libinit2.o(.ARM.Collect$$libinit$$00000015)
    .ARM.Collect$$libinit$$00000017          0x00000158   Section        0  libinit2.o(.ARM.Collect$$libinit$$00000017)
    .ARM.Collect$$libinit$$00000019          0x00000158   Section        0  libinit2.o(.ARM.Collect$$libinit$$00000019)
    .ARM.Collect$$libinit$$0000001B          0x00000158   Section        0  libinit2.o(.ARM.Collect$$libinit$$0000001B)
    .ARM.Collect$$libinit$$0000001D          0x00000158   Section        0  libinit2.o(.ARM.Collect$$libinit$$0000001D)
    .ARM.Collect$$libinit$$0000001F          0x00000158   Section        0  libinit2.o(.ARM.Collect$$libinit$$0000001F)
    .ARM.Collect$$libinit$$00000021          0x00000158   Section        0  libinit2.o(.ARM.Collect$$libinit$$00000021)
    .ARM.Collect$$libinit$$00000023          0x00000158   Section        0  libinit2.o(.ARM.Collect$$libinit$$00000023)
    .ARM.Collect$$libinit$$00000025          0x00000158   Section        0  libinit2.o(.ARM.Collect$$libinit$$00000025)
    .ARM.Collect$$libinit$$0000002C          0x00000158   Section        0  libinit2.o(.ARM.Collect$$libinit$$0000002C)
    .ARM.Collect$$libinit$$0000002E          0x00000158   Section        0  libinit2.o(.ARM.Collect$$libinit$$0000002E)
    .ARM.Collect$$libinit$$00000030          0x00000158   Section        0  libinit2.o(.ARM.Collect$$libinit$$00000030)
    .ARM.Collect$$libinit$$00000032          0x00000158   Section        0  libinit2.o(.ARM.Collect$$libinit$$00000032)
    .ARM.Collect$$libinit$$00000033          0x00000158   Section        2  libinit2.o(.ARM.Collect$$libinit$$00000033)
    .ARM.Collect$$libshutdown$$00000000      0x0000015a   Section        2  libshutdown.o(.ARM.Collect$$libshutdown$$00000000)
    .ARM.Collect$$libshutdown$$00000003      0x0000015c   Section        0  libshutdown2.o(.ARM.Collect$$libshutdown$$00000003)
    .ARM.Collect$$libshutdown$$00000006      0x0000015c   Section        0  libshutdown2.o(.ARM.Collect$$libshutdown$$00000006)
    .ARM.Collect$$libshutdown$$00000009      0x0000015c   Section        0  libshutdown2.o(.ARM.Collect$$libshutdown$$00000009)
    .ARM.Collect$$libshutdown$$0000000B      0x0000015c   Section        0  libshutdown2.o(.ARM.Collect$$libshutdown$$0000000B)
    .ARM.Collect$$libshutdown$$0000000E      0x0000015c   Section        0  libshutdown2.o(.ARM.Collect$$libshutdown$$0000000E)
    .ARM.Collect$$libshutdown$$0000000F      0x0000015c   Section        2  libshutdown2.o(.ARM.Collect$$libshutdown$$0000000F)
    .ARM.Collect$$rtentry$$00000000          0x0000015e   Section        0  __rtentry.o(.ARM.Collect$$rtentry$$00000000)
    .ARM.Collect$$rtentry$$00000002          0x0000015e   Section        0  __rtentry2.o(.ARM.Collect$$rtentry$$00000002)
    .ARM.Collect$$rtentry$$00000004          0x0000015e   Section        6  __rtentry4.o(.ARM.Collect$$rtentry$$00000004)
    .ARM.Collect$$rtentry$$00000009          0x00000164   Section        0  __rtentry2.o(.ARM.Collect$$rtentry$$00000009)
    .ARM.Collect$$rtentry$$0000000A          0x00000164   Section        4  __rtentry2.o(.ARM.Collect$$rtentry$$0000000A)
    .ARM.Collect$$rtentry$$0000000C          0x00000168   Section        0  __rtentry2.o(.ARM.Collect$$rtentry$$0000000C)
    .ARM.Collect$$rtentry$$0000000D          0x00000168   Section        8  __rtentry2.o(.ARM.Collect$$rtentry$$0000000D)
    .ARM.Collect$$rtexit$$00000000           0x00000170   Section        2  rtexit.o(.ARM.Collect$$rtexit$$00000000)
    .ARM.Collect$$rtexit$$00000002           0x00000172   Section        0  rtexit2.o(.ARM.Collect$$rtexit$$00000002)
    .ARM.Collect$$rtexit$$00000003           0x00000172   Section        4  rtexit2.o(.ARM.Collect$$rtexit$$00000003)
    .ARM.Collect$$rtexit$$00000004           0x00000176   Section        6  rtexit2.o(.ARM.Collect$$rtexit$$00000004)
    .emb_text                                0x0000017c   Section       56  rt_memcpy.o(.emb_text)
    .text                                    0x000001b4   Section       84  arm_startup_nrf51.o(.text)
    .text                                    0x00000208   Section        0  noretval__2printf.o(.text)
    .text                                    0x00000224   Section        0  _printf_pad.o(.text)
    .text                                    0x00000274   Section        0  _printf_dec.o(.text)
    .text                                    0x000002e0   Section        0  _printf_hex_int.o(.text)
    .text                                    0x00000338   Section        0  __printf_flags_wp.o(.text)
    .text                                    0x00000470   Section        0  heapauxi.o(.text)
    .text                                    0x00000476   Section        0  _printf_intcommon.o(.text)
    .text                                    0x00000528   Section        0  _printf_char_file.o(.text)
    .text                                    0x00000550   Section        0  rtudiv10.o(.text)
    .text                                    0x00000578   Section        0  _printf_char_common.o(.text)
    _printf_input_char                       0x00000579   Thumb Code    10  _printf_char_common.o(.text)
    .text                                    0x000005a8   Section        0  ferror.o(.text)
    .text                                    0x000005b0   Section       62  sys_stackheap_outer.o(.text)
    .text                                    0x000005ee   Section        0  exit.o(.text)
    .text                                    0x000005fc   Section        8  libspace.o(.text)
    .text                                    0x00000604   Section        0  sys_exit.o(.text)
    .text                                    0x00000610   Section        2  use_no_semi.o(.text)
    .text                                    0x00000612   Section        0  indicate_semi.o(.text)
    i.LED1_Open                              0x00000612   Section        0  usr_led.o(i.LED1_Open)
    i.LED1_Toggle                            0x0000061c   Section        0  usr_led.o(i.LED1_Toggle)
    i.LED2_Close                             0x00000626   Section        0  usr_led.o(i.LED2_Close)
    i.LED2_Toggle                            0x00000630   Section        0  usr_led.o(i.LED2_Toggle)
    i.LED3_Open                              0x0000063a   Section        0  usr_led.o(i.LED3_Open)
    i.LED3_Toggle                            0x00000644   Section        0  usr_led.o(i.LED3_Toggle)
    i.LED4_Close                             0x0000064e   Section        0  usr_led.o(i.LED4_Close)
    i.LED4_Toggle                            0x00000658   Section        0  usr_led.o(i.LED4_Toggle)
    i.LED_Init                               0x00000662   Section        0  usr_led.o(i.LED_Init)
    i.NVIC_SetPriority                       0x0000069c   Section        0  nrf_drv_common_1.o(i.NVIC_SetPriority)
    NVIC_SetPriority                         0x0000069d   Thumb Code   110  nrf_drv_common_1.o(i.NVIC_SetPriority)
    i.SystemCoreClockUpdate                  0x00000714   Section        0  system_nrf51.o(i.SystemCoreClockUpdate)
    i.SystemInit                             0x00000724   Section        0  system_nrf51.o(i.SystemInit)
    i.TIMER0_IRQHandler                      0x0000078c   Section        0  nrf_drv_timer.o(i.TIMER0_IRQHandler)
    i.Timer0_Handler                         0x000007a4   Section        0  usr_timer.o(i.Timer0_Handler)
    i.UART0_IRQHandler                       0x000007e0   Section        0  nrf_drv_uart.o(i.UART0_IRQHandler)
    i.Usr_Dbg_IO                             0x000007f4   Section        0  usr_led.o(i.Usr_Dbg_IO)
    i.Usr_I2C_InitSetup                      0x0000084a   Section        0  usr_i2c.o(i.Usr_I2C_InitSetup)
    i.Usr_I2C_MainLoop                       0x00000854   Section        0  usr_i2c.o(i.Usr_I2C_MainLoop)
    i.Usr_InitSetup                          0x00000958   Section        0  usr_code.o(i.Usr_InitSetup)
    i.Usr_Timer_InitSetup                    0x0000096c   Section        0  usr_timer.o(i.Usr_Timer_InitSetup)
    i.Usr_UartInit                           0x000009dc   Section        0  usr_uart.o(i.Usr_UartInit)
    i._is_digit                              0x00000a38   Section        0  __printf_wp.o(i._is_digit)
    i.app_error_fault_handler                0x00000a48   Section        0  app_error_weak.o(i.app_error_fault_handler)
    i.app_error_handler_bare                 0x00000a80   Section        0  app_error.o(i.app_error_handler_bare)
    i.app_fifo_get                           0x00000aa0   Section        0  app_fifo.o(i.app_fifo_get)
    i.app_fifo_init                          0x00000ac0   Section        0  app_fifo.o(i.app_fifo_init)
    i.app_fifo_put                           0x00000aea   Section        0  app_fifo.o(i.app_fifo_put)
    i.app_uart_get                           0x00000b0c   Section        0  app_uart_fifo.o(i.app_uart_get)
    i.app_uart_init                          0x00000b60   Section        0  app_uart_fifo.o(i.app_uart_init)
    i.app_uart_put                           0x00000c4c   Section        0  app_uart_fifo.o(i.app_uart_put)
    i.apply_config                           0x00000c90   Section        0  nrf_drv_uart.o(i.apply_config)
    apply_config                             0x00000c91   Thumb Code   140  nrf_drv_uart.o(i.apply_config)
    i.fifo_get                               0x00000d1c   Section        0  app_fifo.o(i.fifo_get)
    fifo_get                                 0x00000d1d   Thumb Code    24  app_fifo.o(i.fifo_get)
    i.fifo_length                            0x00000d34   Section        0  app_uart_fifo.o(i.fifo_length)
    fifo_length                              0x00000d35   Thumb Code    10  app_uart_fifo.o(i.fifo_length)
    i.fifo_length                            0x00000d3e   Section        0  app_fifo.o(i.fifo_length)
    fifo_length                              0x00000d3f   Thumb Code    10  app_fifo.o(i.fifo_length)
    i.fifo_peek                              0x00000d48   Section        0  app_fifo.o(i.fifo_peek)
    fifo_peek                                0x00000d49   Thumb Code    18  app_fifo.o(i.fifo_peek)
    i.fifo_put                               0x00000d5a   Section        0  app_fifo.o(i.fifo_put)
    fifo_put                                 0x00000d5b   Thumb Code    18  app_fifo.o(i.fifo_put)
    i.fputc                                  0x00000d6c   Section        0  retarget.o(i.fputc)
    i.irq_handler                            0x00000d7c   Section        0  nrf_drv_timer.o(i.irq_handler)
    irq_handler                              0x00000d7d   Thumb Code   104  nrf_drv_timer.o(i.irq_handler)
    i.main                                   0x00000de4   Section        0  usr_code.o(i.main)
    i.nrf51_errata_26                        0x00000ec4   Section        0  system_nrf51.o(i.nrf51_errata_26)
    nrf51_errata_26                          0x00000ec5   Thumb Code     4  system_nrf51.o(i.nrf51_errata_26)
    i.nrf51_errata_59                        0x00000ec8   Section        0  system_nrf51.o(i.nrf51_errata_59)
    nrf51_errata_59                          0x00000ec9   Thumb Code     4  system_nrf51.o(i.nrf51_errata_59)
    i.nrf51_errata_76                        0x00000ecc   Section        0  system_nrf51.o(i.nrf51_errata_76)
    nrf51_errata_76                          0x00000ecd   Thumb Code     4  system_nrf51.o(i.nrf51_errata_76)
    i.nrf_delay_us                           0x00000ed0   Section        0  twi_hw_master.o(i.nrf_delay_us)
    nrf_delay_us                             0x00000ed1   Thumb Code    54  twi_hw_master.o(i.nrf_delay_us)
    i.nrf_drv_common_irq_enable              0x00000f10   Section        0  nrf_drv_common_1.o(i.nrf_drv_common_irq_enable)
    i.nrf_drv_get_IRQn                       0x00000f48   Section        0  nrf_drv_uart.o(i.nrf_drv_get_IRQn)
    nrf_drv_get_IRQn                         0x00000f49   Thumb Code    10  nrf_drv_uart.o(i.nrf_drv_get_IRQn)
    i.nrf_drv_get_IRQn                       0x00000f52   Section        0  nrf_drv_timer.o(i.nrf_drv_get_IRQn)
    nrf_drv_get_IRQn                         0x00000f53   Thumb Code    10  nrf_drv_timer.o(i.nrf_drv_get_IRQn)
    i.nrf_drv_timer_compare                  0x00000f5c   Section        0  nrf_drv_timer.o(i.nrf_drv_timer_compare)
    i.nrf_drv_timer_enable                   0x00000f94   Section        0  nrf_drv_timer.o(i.nrf_drv_timer_enable)
    i.nrf_drv_timer_extended_compare         0x00000fb4   Section        0  nrf_drv_timer.o(i.nrf_drv_timer_extended_compare)
    i.nrf_drv_timer_init                     0x00000ff4   Section        0  nrf_drv_timer.o(i.nrf_drv_timer_init)
    i.nrf_drv_uart_init                      0x000010cc   Section        0  nrf_drv_uart.o(i.nrf_drv_uart_init)
    i.nrf_drv_uart_rx                        0x00001164   Section        0  nrf_drv_uart.o(i.nrf_drv_uart_rx)
    i.nrf_drv_uart_rx_enable                 0x000011d8   Section        0  nrf_drv_uart.o(i.nrf_drv_uart_rx_enable)
    i.nrf_drv_uart_rx_for_uart               0x00001208   Section        0  nrf_drv_uart.o(i.nrf_drv_uart_rx_for_uart)
    nrf_drv_uart_rx_for_uart                 0x00001209   Thumb Code   206  nrf_drv_uart.o(i.nrf_drv_uart_rx_for_uart)
    i.nrf_drv_uart_tx                        0x000012dc   Section        0  nrf_drv_uart.o(i.nrf_drv_uart_tx)
    i.nrf_drv_uart_tx_for_uart               0x00001314   Section        0  nrf_drv_uart.o(i.nrf_drv_uart_tx_for_uart)
    nrf_drv_uart_tx_for_uart                 0x00001315   Thumb Code   148  nrf_drv_uart.o(i.nrf_drv_uart_tx_for_uart)
    i.nrf_drv_uart_tx_in_progress            0x000013ac   Section        0  nrf_drv_uart.o(i.nrf_drv_uart_tx_in_progress)
    i.nrf_gpio_cfg                           0x000013cc   Section        0  nrf_drv_uart.o(i.nrf_gpio_cfg)
    nrf_gpio_cfg                             0x000013cd   Thumb Code    42  nrf_drv_uart.o(i.nrf_gpio_cfg)
    i.nrf_gpio_cfg_input                     0x000013f6   Section        0  nrf_drv_uart.o(i.nrf_gpio_cfg_input)
    nrf_gpio_cfg_input                       0x000013f7   Thumb Code    26  nrf_drv_uart.o(i.nrf_gpio_cfg_input)
    i.nrf_gpio_cfg_output                    0x00001410   Section        0  usr_led.o(i.nrf_gpio_cfg_output)
    nrf_gpio_cfg_output                      0x00001411   Thumb Code    56  usr_led.o(i.nrf_gpio_cfg_output)
    i.nrf_gpio_cfg_output                    0x00001448   Section        0  nrf_drv_uart.o(i.nrf_gpio_cfg_output)
    nrf_gpio_cfg_output                      0x00001449   Thumb Code    24  nrf_drv_uart.o(i.nrf_gpio_cfg_output)
    i.nrf_gpio_pin_clear                     0x00001460   Section        0  usr_led.o(i.nrf_gpio_pin_clear)
    nrf_gpio_pin_clear                       0x00001461   Thumb Code    24  usr_led.o(i.nrf_gpio_pin_clear)
    i.nrf_gpio_pin_set                       0x00001478   Section        0  usr_led.o(i.nrf_gpio_pin_set)
    nrf_gpio_pin_set                         0x00001479   Thumb Code    24  usr_led.o(i.nrf_gpio_pin_set)
    i.nrf_gpio_pin_set                       0x00001490   Section        0  nrf_drv_uart.o(i.nrf_gpio_pin_set)
    nrf_gpio_pin_set                         0x00001491   Thumb Code    24  nrf_drv_uart.o(i.nrf_gpio_pin_set)
    i.nrf_gpio_pin_toggle                    0x000014a8   Section        0  usr_led.o(i.nrf_gpio_pin_toggle)
    nrf_gpio_pin_toggle                      0x000014a9   Thumb Code    46  usr_led.o(i.nrf_gpio_pin_toggle)
    i.nrf_timer_compare_event_get            0x000014d6   Section        0  nrf_drv_timer.o(i.nrf_timer_compare_event_get)
    nrf_timer_compare_event_get              0x000014d7   Thumb Code    12  nrf_drv_timer.o(i.nrf_timer_compare_event_get)
    i.nrf_timer_compare_int_get              0x000014e2   Section        0  nrf_drv_timer.o(i.nrf_timer_compare_int_get)
    nrf_timer_compare_int_get                0x000014e3   Thumb Code    10  nrf_drv_timer.o(i.nrf_timer_compare_int_get)
    i.nrf_timer_event_clear                  0x000014ec   Section        0  nrf_drv_timer.o(i.nrf_timer_event_clear)
    nrf_timer_event_clear                    0x000014ed   Thumb Code     6  nrf_drv_timer.o(i.nrf_timer_event_clear)
    i.nrf_timer_int_disable                  0x000014f2   Section        0  nrf_drv_timer.o(i.nrf_timer_int_disable)
    nrf_timer_int_disable                    0x000014f3   Thumb Code    10  nrf_drv_timer.o(i.nrf_timer_int_disable)
    i.nrf_timer_int_enable                   0x000014fc   Section        0  nrf_drv_timer.o(i.nrf_timer_int_enable)
    nrf_timer_int_enable                     0x000014fd   Thumb Code    10  nrf_drv_timer.o(i.nrf_timer_int_enable)
    i.nrf_timer_shorts_disable               0x00001506   Section        0  nrf_drv_timer.o(i.nrf_timer_shorts_disable)
    nrf_timer_shorts_disable                 0x00001507   Thumb Code    16  nrf_drv_timer.o(i.nrf_timer_shorts_disable)
    i.nrf_timer_task_trigger                 0x00001516   Section        0  nrf_drv_timer.o(i.nrf_timer_task_trigger)
    nrf_timer_task_trigger                   0x00001517   Thumb Code     6  nrf_drv_timer.o(i.nrf_timer_task_trigger)
    i.nrf_uart_errorsrc_get_and_clear        0x0000151c   Section        0  nrf_drv_uart.o(i.nrf_uart_errorsrc_get_and_clear)
    nrf_uart_errorsrc_get_and_clear          0x0000151d   Thumb Code    20  nrf_drv_uart.o(i.nrf_uart_errorsrc_get_and_clear)
    i.nrf_uart_event_check                   0x00001530   Section        0  nrf_drv_uart.o(i.nrf_uart_event_check)
    nrf_uart_event_check                     0x00001531   Thumb Code    16  nrf_drv_uart.o(i.nrf_uart_event_check)
    i.nrf_uart_event_clear                   0x00001540   Section        0  nrf_drv_uart.o(i.nrf_uart_event_clear)
    nrf_uart_event_clear                     0x00001541   Thumb Code     6  nrf_drv_uart.o(i.nrf_uart_event_clear)
    i.nrf_uart_hwfc_pins_set                 0x00001546   Section        0  nrf_drv_uart.o(i.nrf_uart_hwfc_pins_set)
    nrf_uart_hwfc_pins_set                   0x00001547   Thumb Code    18  nrf_drv_uart.o(i.nrf_uart_hwfc_pins_set)
    i.nrf_uart_int_disable                   0x00001558   Section        0  nrf_drv_uart.o(i.nrf_uart_int_disable)
    nrf_uart_int_disable                     0x00001559   Thumb Code    10  nrf_drv_uart.o(i.nrf_uart_int_disable)
    i.nrf_uart_int_enable                    0x00001562   Section        0  nrf_drv_uart.o(i.nrf_uart_int_enable)
    nrf_uart_int_enable                      0x00001563   Thumb Code    10  nrf_drv_uart.o(i.nrf_uart_int_enable)
    i.nrf_uart_int_enable_check              0x0000156c   Section        0  nrf_drv_uart.o(i.nrf_uart_int_enable_check)
    nrf_uart_int_enable_check                0x0000156d   Thumb Code    24  nrf_drv_uart.o(i.nrf_uart_int_enable_check)
    i.nrf_uart_task_trigger                  0x00001584   Section        0  nrf_drv_uart.o(i.nrf_uart_task_trigger)
    nrf_uart_task_trigger                    0x00001585   Thumb Code     6  nrf_drv_uart.o(i.nrf_uart_task_trigger)
    i.nrf_uart_txrx_pins_set                 0x0000158a   Section        0  nrf_drv_uart.o(i.nrf_uart_txrx_pins_set)
    nrf_uart_txrx_pins_set                   0x0000158b   Thumb Code    18  nrf_drv_uart.o(i.nrf_uart_txrx_pins_set)
    i.rx_byte                                0x0000159c   Section        0  nrf_drv_uart.o(i.rx_byte)
    rx_byte                                  0x0000159d   Thumb Code    72  nrf_drv_uart.o(i.rx_byte)
    i.rx_done_event                          0x000015e4   Section        0  nrf_drv_uart.o(i.rx_done_event)
    rx_done_event                            0x000015e5   Thumb Code    28  nrf_drv_uart.o(i.rx_done_event)
    i.rx_enable                              0x00001600   Section        0  nrf_drv_uart.o(i.rx_enable)
    rx_enable                                0x00001601   Thumb Code    34  nrf_drv_uart.o(i.rx_enable)
    i.twi_master_clear_bus                   0x00001624   Section        0  twi_hw_master.o(i.twi_master_clear_bus)
    twi_master_clear_bus                     0x00001625   Thumb Code   216  twi_hw_master.o(i.twi_master_clear_bus)
    i.twi_master_init                        0x00001708   Section        0  twi_hw_master.o(i.twi_master_init)
    i.twi_master_read                        0x00001774   Section        0  twi_hw_master.o(i.twi_master_read)
    twi_master_read                          0x00001775   Thumb Code   248  twi_hw_master.o(i.twi_master_read)
    i.twi_master_transfer                    0x00001884   Section        0  twi_hw_master.o(i.twi_master_transfer)
    i.twi_master_write                       0x000018d0   Section        0  twi_hw_master.o(i.twi_master_write)
    twi_master_write                         0x000018d1   Thumb Code   168  twi_hw_master.o(i.twi_master_write)
    i.tx_byte                                0x0000198c   Section        0  nrf_drv_uart.o(i.tx_byte)
    tx_byte                                  0x0000198d   Thumb Code    42  nrf_drv_uart.o(i.tx_byte)
    i.tx_done_event                          0x000019b6   Section        0  nrf_drv_uart.o(i.tx_done_event)
    tx_done_event                            0x000019b7   Thumb Code    34  nrf_drv_uart.o(i.tx_done_event)
    i.uart_error_handle                      0x000019d8   Section        0  usr_uart.o(i.uart_error_handle)
    i.uart_event_handler                     0x00001a00   Section        0  app_uart_fifo.o(i.uart_event_handler)
    uart_event_handler                       0x00001a01   Thumb Code   190  app_uart_fifo.o(i.uart_event_handler)
    i.uart_irq_handler                       0x00001adc   Section        0  nrf_drv_uart.o(i.uart_irq_handler)
    uart_irq_handler                         0x00001add   Thumb Code   344  nrf_drv_uart.o(i.uart_irq_handler)
    .constdata                               0x00001c34   Section       16  usr_timer.o(.constdata)
    .constdata                               0x00001c44   Section       24  usr_uart.o(.constdata)
    .constdata                               0x00001c5c   Section       32  app_uart_fifo.o(.constdata)
    .constdata                               0x00001c7c   Section       40  _printf_hex_int.o(.constdata)
    uc_hextab                                0x00001c7c   Data          20  _printf_hex_int.o(.constdata)
    lc_hextab                                0x00001c90   Data          20  _printf_hex_int.o(.constdata)
    .constdata                               0x00001ca4   Section       17  __printf_flags_wp.o(.constdata)
    maptable                                 0x00001ca4   Data          17  __printf_flags_wp.o(.constdata)
    .data                                    0x20000000   Section       12  usr_code.o(.data)
    .data                                    0x2000000c   Section        4  usr_timer.o(.data)
    .data                                    0x20000010   Section        2  usr_i2c.o(.data)
    .data                                    0x20000014   Section       15  app_uart_fifo.o(.data)
    app_uart_inst                            0x20000014   Data           8  app_uart_fifo.o(.data)
    m_event_handler                          0x2000001c   Data           4  app_uart_fifo.o(.data)
    tx_buffer                                0x20000020   Data           1  app_uart_fifo.o(.data)
    rx_buffer                                0x20000021   Data           1  app_uart_fifo.o(.data)
    m_rx_ovf                                 0x20000022   Data           1  app_uart_fifo.o(.data)
    .data                                    0x20000024   Section        8  retarget.o(.data)
    .data                                    0x2000002c   Section        4  system_nrf51.o(.data)
    __tagsym$$used                           0x2000002c   Number         0  system_nrf51.o(.data)
    .bss                                     0x20000030   Section      512  usr_uart.o(.bss)
    rx_buf                                   0x20000030   Data         256  usr_uart.o(.bss)
    tx_buf                                   0x20000130   Data         256  usr_uart.o(.bss)
    .bss                                     0x20000230   Section       32  usr_i2c.o(.bss)
    .bss                                     0x20000250   Section       28  nrf_drv_uart.o(.bss)
    m_cb                                     0x20000250   Data          28  nrf_drv_uart.o(.bss)
    .bss                                     0x2000026c   Section       32  app_uart_fifo.o(.bss)
    m_rx_fifo                                0x2000026c   Data          16  app_uart_fifo.o(.bss)
    m_tx_fifo                                0x2000027c   Data          16  app_uart_fifo.o(.bss)
    .bss                                     0x2000028c   Section       12  nrf_drv_timer.o(.bss)
    m_cb                                     0x2000028c   Data          12  nrf_drv_timer.o(.bss)
    .bss                                     0x20000298   Section       96  libspace.o(.bss)
    HEAP                                     0x200002f8   Section     2048  arm_startup_nrf51.o(HEAP)
    Heap_Mem                                 0x200002f8   Data        2048  arm_startup_nrf51.o(HEAP)
    STACK                                    0x20000af8   Section     2048  arm_startup_nrf51.o(STACK)
    Stack_Mem                                0x20000af8   Data        2048  arm_startup_nrf51.o(STACK)
    __initial_sp                             0x200012f8   Data           0  arm_startup_nrf51.o(STACK)

    Global Symbols

    Symbol Name                              Value     Ov Type        Size  Object(Section)

    BuildAttributes$$THM_ISAv3M$S$PE$A:L22$X:L11$S22$IEEE1$IW$USESV6$~STKCKD$USESV7$~SHL$OSPACE$ROPI$EBA8$UX$STANDARDLIB$REQ8$PRES8$EABIv2 0x00000000   Number         0  anon$$obj.o ABSOLUTE
    __ARM_use_no_argv                        0x00000000   Number         0  usr_code.o ABSOLUTE
    __Vectors                                0x00000000   Data           4  arm_startup_nrf51.o(RESET)
    _printf_flags                            0x00000000   Number         0  printf_stubs.o ABSOLUTE
    _printf_return_value                     0x00000000   Number         0  printf_stubs.o ABSOLUTE
    _printf_sizespec                         0x00000000   Number         0  printf_stubs.o ABSOLUTE
    _printf_widthprec                        0x00000000   Number         0  printf_stubs.o ABSOLUTE
    __ARM_exceptions_init                     - Undefined Weak Reference
    __alloca_initialize                       - Undefined Weak Reference
    __arm_preinit_                            - Undefined Weak Reference
    __cpp_initialize__aeabi_                  - Undefined Weak Reference
    __cxa_finalize                            - Undefined Weak Reference
    __rt_locale                               - Undefined Weak Reference
    __sigvec_lookup                           - Undefined Weak Reference
    _atexit_init                              - Undefined Weak Reference
    _call_atexit_fns                          - Undefined Weak Reference
    _clock_init                               - Undefined Weak Reference
    _fp_trap_init                             - Undefined Weak Reference
    _fp_trap_shutdown                         - Undefined Weak Reference
    _get_lc_collate                           - Undefined Weak Reference
    _get_lc_ctype                             - Undefined Weak Reference
    _get_lc_monetary                          - Undefined Weak Reference
    _get_lc_numeric                           - Undefined Weak Reference
    _get_lc_time                              - Undefined Weak Reference
    _getenv_init                              - Undefined Weak Reference
    _handle_redirection                       - Undefined Weak Reference
    _init_alloc                               - Undefined Weak Reference
    _init_user_alloc                          - Undefined Weak Reference
    _initio                                   - Undefined Weak Reference
    _mutex_acquire                            - Undefined Weak Reference
    _mutex_release                            - Undefined Weak Reference
    _printf_truncate_signed                   - Undefined Weak Reference
    _printf_truncate_unsigned                 - Undefined Weak Reference
    _rand_init                                - Undefined Weak Reference
    _signal_finish                            - Undefined Weak Reference
    _signal_init                              - Undefined Weak Reference
    _terminate_alloc                          - Undefined Weak Reference
    _terminate_user_alloc                     - Undefined Weak Reference
    _terminateio                              - Undefined Weak Reference
    __Vectors_End                            0x000000c0   Data           0  arm_startup_nrf51.o(RESET)
    __Vectors_Size                           0x000000c0   Number         0  arm_startup_nrf51.o ABSOLUTE
    __main                                   0x000000c1   Thumb Code     8  __main.o(!!!main)
    __scatterload                            0x000000c9   Thumb Code     0  __scatter.o(!!!scatter)
    __scatterload_rt2                        0x000000c9   Thumb Code    52  __scatter.o(!!!scatter)
    __scatterload_rt2_thumb_only             0x000000c9   Thumb Code     0  __scatter.o(!!!scatter)
    __scatterload_null                       0x000000d9   Thumb Code     0  __scatter.o(!!!scatter)
    __scatterload_copy                       0x00000105   Thumb Code    26  __scatter_copy.o(!!handler_copy)
    __scatterload_zeroinit                   0x00000121   Thumb Code    28  __scatter_zi.o(!!handler_zi)
    _printf_percent                          0x0000013d   Thumb Code     0  _printf_percent.o(.ARM.Collect$$_printf_percent$$00000000)
    _printf_d                                0x0000013f   Thumb Code     0  _printf_d.o(.ARM.Collect$$_printf_percent$$00000009)
    _printf_x                                0x00000149   Thumb Code     0  _printf_x.o(.ARM.Collect$$_printf_percent$$0000000C)
    _printf_percent_end                      0x00000153   Thumb Code     0  _printf_percent_end.o(.ARM.Collect$$_printf_percent$$00000017)
    __rt_lib_init                            0x00000157   Thumb Code     0  libinit.o(.ARM.Collect$$libinit$$00000000)
    __rt_lib_init_alloca_1                   0x00000159   Thumb Code     0  libinit2.o(.ARM.Collect$$libinit$$0000002E)
    __rt_lib_init_argv_1                     0x00000159   Thumb Code     0  libinit2.o(.ARM.Collect$$libinit$$0000002C)
    __rt_lib_init_atexit_1                   0x00000159   Thumb Code     0  libinit2.o(.ARM.Collect$$libinit$$0000001B)
    __rt_lib_init_clock_1                    0x00000159   Thumb Code     0  libinit2.o(.ARM.Collect$$libinit$$00000021)
    __rt_lib_init_cpp_1                      0x00000159   Thumb Code     0  libinit2.o(.ARM.Collect$$libinit$$00000032)
    __rt_lib_init_exceptions_1               0x00000159   Thumb Code     0  libinit2.o(.ARM.Collect$$libinit$$00000030)
    __rt_lib_init_fp_1                       0x00000159   Thumb Code     0  libinit2.o(.ARM.Collect$$libinit$$00000002)
    __rt_lib_init_fp_trap_1                  0x00000159   Thumb Code     0  libinit2.o(.ARM.Collect$$libinit$$0000001F)
    __rt_lib_init_getenv_1                   0x00000159   Thumb Code     0  libinit2.o(.ARM.Collect$$libinit$$00000023)
    __rt_lib_init_heap_1                     0x00000159   Thumb Code     0  libinit2.o(.ARM.Collect$$libinit$$0000000A)
    __rt_lib_init_lc_collate_1               0x00000159   Thumb Code     0  libinit2.o(.ARM.Collect$$libinit$$00000011)
    __rt_lib_init_lc_ctype_1                 0x00000159   Thumb Code     0  libinit2.o(.ARM.Collect$$libinit$$00000013)
    __rt_lib_init_lc_monetary_1              0x00000159   Thumb Code     0  libinit2.o(.ARM.Collect$$libinit$$00000015)
    __rt_lib_init_lc_numeric_1               0x00000159   Thumb Code     0  libinit2.o(.ARM.Collect$$libinit$$00000017)
    __rt_lib_init_lc_time_1                  0x00000159   Thumb Code     0  libinit2.o(.ARM.Collect$$libinit$$00000019)
    __rt_lib_init_preinit_1                  0x00000159   Thumb Code     0  libinit2.o(.ARM.Collect$$libinit$$00000004)
    __rt_lib_init_rand_1                     0x00000159   Thumb Code     0  libinit2.o(.ARM.Collect$$libinit$$0000000E)
    __rt_lib_init_return                     0x00000159   Thumb Code     0  libinit2.o(.ARM.Collect$$libinit$$00000033)
    __rt_lib_init_signal_1                   0x00000159   Thumb Code     0  libinit2.o(.ARM.Collect$$libinit$$0000001D)
    __rt_lib_init_stdio_1                    0x00000159   Thumb Code     0  libinit2.o(.ARM.Collect$$libinit$$00000025)
    __rt_lib_init_user_alloc_1               0x00000159   Thumb Code     0  libinit2.o(.ARM.Collect$$libinit$$0000000C)
    __rt_lib_shutdown                        0x0000015b   Thumb Code     0  libshutdown.o(.ARM.Collect$$libshutdown$$00000000)
    __rt_lib_shutdown_fp_trap_1              0x0000015d   Thumb Code     0  libshutdown2.o(.ARM.Collect$$libshutdown$$00000006)
    __rt_lib_shutdown_heap_1                 0x0000015d   Thumb Code     0  libshutdown2.o(.ARM.Collect$$libshutdown$$0000000E)
    __rt_lib_shutdown_return                 0x0000015d   Thumb Code     0  libshutdown2.o(.ARM.Collect$$libshutdown$$0000000F)
    __rt_lib_shutdown_signal_1               0x0000015d   Thumb Code     0  libshutdown2.o(.ARM.Collect$$libshutdown$$00000009)
    __rt_lib_shutdown_stdio_1                0x0000015d   Thumb Code     0  libshutdown2.o(.ARM.Collect$$libshutdown$$00000003)
    __rt_lib_shutdown_user_alloc_1           0x0000015d   Thumb Code     0  libshutdown2.o(.ARM.Collect$$libshutdown$$0000000B)
    __rt_entry                               0x0000015f   Thumb Code     0  __rtentry.o(.ARM.Collect$$rtentry$$00000000)
    __rt_entry_presh_1                       0x0000015f   Thumb Code     0  __rtentry2.o(.ARM.Collect$$rtentry$$00000002)
    __rt_entry_sh                            0x0000015f   Thumb Code     0  __rtentry4.o(.ARM.Collect$$rtentry$$00000004)
    __rt_entry_li                            0x00000165   Thumb Code     0  __rtentry2.o(.ARM.Collect$$rtentry$$0000000A)
    __rt_entry_postsh_1                      0x00000165   Thumb Code     0  __rtentry2.o(.ARM.Collect$$rtentry$$00000009)
    __rt_entry_main                          0x00000169   Thumb Code     0  __rtentry2.o(.ARM.Collect$$rtentry$$0000000D)
    __rt_entry_postli_1                      0x00000169   Thumb Code     0  __rtentry2.o(.ARM.Collect$$rtentry$$0000000C)
    __rt_exit                                0x00000171   Thumb Code     0  rtexit.o(.ARM.Collect$$rtexit$$00000000)
    __rt_exit_ls                             0x00000173   Thumb Code     0  rtexit2.o(.ARM.Collect$$rtexit$$00000003)
    __rt_exit_prels_1                        0x00000173   Thumb Code     0  rtexit2.o(.ARM.Collect$$rtexit$$00000002)
    __rt_exit_exit                           0x00000177   Thumb Code     0  rtexit2.o(.ARM.Collect$$rtexit$$00000004)
    __aeabi_memcpy4                          0x0000017d   Thumb Code    56  rt_memcpy.o(.emb_text)
    __aeabi_memcpy8                          0x0000017d   Thumb Code     0  rt_memcpy.o(.emb_text)
    Reset_Handler                            0x000001b5   Thumb Code    26  arm_startup_nrf51.o(.text)
    NMI_Handler                              0x000001cf   Thumb Code     2  arm_startup_nrf51.o(.text)
    HardFault_Handler                        0x000001d1   Thumb Code     2  arm_startup_nrf51.o(.text)
    SVC_Handler                              0x000001d3   Thumb Code     2  arm_startup_nrf51.o(.text)
    PendSV_Handler                           0x000001d5   Thumb Code     2  arm_startup_nrf51.o(.text)
    SysTick_Handler                          0x000001d7   Thumb Code     2  arm_startup_nrf51.o(.text)
    ADC_IRQHandler                           0x000001d9   Thumb Code     0  arm_startup_nrf51.o(.text)
    CCM_AAR_IRQHandler                       0x000001d9   Thumb Code     0  arm_startup_nrf51.o(.text)
    ECB_IRQHandler                           0x000001d9   Thumb Code     0  arm_startup_nrf51.o(.text)
    GPIOTE_IRQHandler                        0x000001d9   Thumb Code     0  arm_startup_nrf51.o(.text)
    LPCOMP_IRQHandler                        0x000001d9   Thumb Code     0  arm_startup_nrf51.o(.text)
    POWER_CLOCK_IRQHandler                   0x000001d9   Thumb Code     0  arm_startup_nrf51.o(.text)
    QDEC_IRQHandler                          0x000001d9   Thumb Code     0  arm_startup_nrf51.o(.text)
    RADIO_IRQHandler                         0x000001d9   Thumb Code     0  arm_startup_nrf51.o(.text)
    RNG_IRQHandler                           0x000001d9   Thumb Code     0  arm_startup_nrf51.o(.text)
    RTC0_IRQHandler                          0x000001d9   Thumb Code     0  arm_startup_nrf51.o(.text)
    RTC1_IRQHandler                          0x000001d9   Thumb Code     0  arm_startup_nrf51.o(.text)
    SPI0_TWI0_IRQHandler                     0x000001d9   Thumb Code     0  arm_startup_nrf51.o(.text)
    SPI1_TWI1_IRQHandler                     0x000001d9   Thumb Code     0  arm_startup_nrf51.o(.text)
    SWI0_IRQHandler                          0x000001d9   Thumb Code     0  arm_startup_nrf51.o(.text)
    SWI1_IRQHandler                          0x000001d9   Thumb Code     0  arm_startup_nrf51.o(.text)
    SWI2_IRQHandler                          0x000001d9   Thumb Code     0  arm_startup_nrf51.o(.text)
    SWI3_IRQHandler                          0x000001d9   Thumb Code     0  arm_startup_nrf51.o(.text)
    SWI4_IRQHandler                          0x000001d9   Thumb Code     0  arm_startup_nrf51.o(.text)
    SWI5_IRQHandler                          0x000001d9   Thumb Code     0  arm_startup_nrf51.o(.text)
    TEMP_IRQHandler                          0x000001d9   Thumb Code     0  arm_startup_nrf51.o(.text)
    TIMER1_IRQHandler                        0x000001d9   Thumb Code     0  arm_startup_nrf51.o(.text)
    TIMER2_IRQHandler                        0x000001d9   Thumb Code     0  arm_startup_nrf51.o(.text)
    WDT_IRQHandler                           0x000001d9   Thumb Code     0  arm_startup_nrf51.o(.text)
    __user_initial_stackheap                 0x000001dd   Thumb Code    10  arm_startup_nrf51.o(.text)
    __2printf                                0x00000209   Thumb Code    22  noretval__2printf.o(.text)
    _printf_pre_padding                      0x00000225   Thumb Code    44  _printf_pad.o(.text)
    _printf_post_padding                     0x00000251   Thumb Code    34  _printf_pad.o(.text)
    _printf_int_dec                          0x00000275   Thumb Code    90  _printf_dec.o(.text)
    _printf_int_hex                          0x000002e1   Thumb Code    84  _printf_hex_int.o(.text)
    _printf_longlong_hex                     0x000002e1   Thumb Code     0  _printf_hex_int.o(.text)
    __printf                                 0x00000339   Thumb Code   306  __printf_flags_wp.o(.text)
    __use_two_region_memory                  0x00000471   Thumb Code     2  heapauxi.o(.text)
    __rt_heap_escrow$2region                 0x00000473   Thumb Code     2  heapauxi.o(.text)
    __rt_heap_expand$2region                 0x00000475   Thumb Code     2  heapauxi.o(.text)
    _printf_int_common                       0x00000477   Thumb Code   176  _printf_intcommon.o(.text)
    _printf_char_file                        0x00000529   Thumb Code    34  _printf_char_file.o(.text)
    __rt_udiv10                              0x00000551   Thumb Code    40  rtudiv10.o(.text)
    _printf_char_common                      0x00000583   Thumb Code    32  _printf_char_common.o(.text)
    ferror                                   0x000005a9   Thumb Code     8  ferror.o(.text)
    __user_setup_stackheap                   0x000005b1   Thumb Code    62  sys_stackheap_outer.o(.text)
    exit                                     0x000005ef   Thumb Code    12  exit.o(.text)
    __user_libspace                          0x000005fd   Thumb Code     8  libspace.o(.text)
    __user_perproc_libspace                  0x000005fd   Thumb Code     0  libspace.o(.text)
    __user_perthread_libspace                0x000005fd   Thumb Code     0  libspace.o(.text)
    _sys_exit                                0x00000605   Thumb Code     8  sys_exit.o(.text)
    __I$use$semihosting                      0x00000611   Thumb Code     0  use_no_semi.o(.text)
    __use_no_semihosting_swi                 0x00000611   Thumb Code     2  use_no_semi.o(.text)
    LED1_Open                                0x00000613   Thumb Code    10  usr_led.o(i.LED1_Open)
    __semihosting_library_function           0x00000613   Thumb Code     0  indicate_semi.o(.text)
    LED1_Toggle                              0x0000061d   Thumb Code    10  usr_led.o(i.LED1_Toggle)
    LED2_Close                               0x00000627   Thumb Code    10  usr_led.o(i.LED2_Close)
    LED2_Toggle                              0x00000631   Thumb Code    10  usr_led.o(i.LED2_Toggle)
    LED3_Open                                0x0000063b   Thumb Code    10  usr_led.o(i.LED3_Open)
    LED3_Toggle                              0x00000645   Thumb Code    10  usr_led.o(i.LED3_Toggle)
    LED4_Close                               0x0000064f   Thumb Code    10  usr_led.o(i.LED4_Close)
    LED4_Toggle                              0x00000659   Thumb Code    10  usr_led.o(i.LED4_Toggle)
    LED_Init                                 0x00000663   Thumb Code    56  usr_led.o(i.LED_Init)
    SystemCoreClockUpdate                    0x00000715   Thumb Code     8  system_nrf51.o(i.SystemCoreClockUpdate)
    SystemInit                               0x00000725   Thumb Code    80  system_nrf51.o(i.SystemInit)
    TIMER0_IRQHandler                        0x0000078d   Thumb Code    14  nrf_drv_timer.o(i.TIMER0_IRQHandler)
    Timer0_Handler                           0x000007a5   Thumb Code    54  usr_timer.o(i.Timer0_Handler)
    UART0_IRQHandler                         0x000007e1   Thumb Code    12  nrf_drv_uart.o(i.UART0_IRQHandler)
    Usr_Dbg_IO                               0x000007f5   Thumb Code    86  usr_led.o(i.Usr_Dbg_IO)
    Usr_I2C_InitSetup                        0x0000084b   Thumb Code     8  usr_i2c.o(i.Usr_I2C_InitSetup)
    Usr_I2C_MainLoop                         0x00000855   Thumb Code   124  usr_i2c.o(i.Usr_I2C_MainLoop)
    Usr_InitSetup                            0x00000959   Thumb Code    20  usr_code.o(i.Usr_InitSetup)
    Usr_Timer_InitSetup                      0x0000096d   Thumb Code    98  usr_timer.o(i.Usr_Timer_InitSetup)
    Usr_UartInit                             0x000009dd   Thumb Code    76  usr_uart.o(i.Usr_UartInit)
    _is_digit                                0x00000a39   Thumb Code    14  __printf_wp.o(i._is_digit)
    app_error_fault_handler                  0x00000a49   Thumb Code    48  app_error_weak.o(i.app_error_fault_handler)
    app_error_handler_bare                   0x00000a81   Thumb Code    26  app_error.o(i.app_error_handler_bare)
    app_fifo_get                             0x00000aa1   Thumb Code    32  app_fifo.o(i.app_fifo_get)
    app_fifo_init                            0x00000ac1   Thumb Code    42  app_fifo.o(i.app_fifo_init)
    app_fifo_put                             0x00000aeb   Thumb Code    34  app_fifo.o(i.app_fifo_put)
    app_uart_get                             0x00000b0d   Thumb Code    66  app_uart_fifo.o(i.app_uart_get)
    app_uart_init                            0x00000b61   Thumb Code   204  app_uart_fifo.o(i.app_uart_init)
    app_uart_put                             0x00000c4d   Thumb Code    56  app_uart_fifo.o(i.app_uart_put)
    fputc                                    0x00000d6d   Thumb Code    16  retarget.o(i.fputc)
    main                                     0x00000de5   Thumb Code   118  usr_code.o(i.main)
    nrf_drv_common_irq_enable                0x00000f11   Thumb Code    48  nrf_drv_common_1.o(i.nrf_drv_common_irq_enable)
    nrf_drv_timer_compare                    0x00000f5d   Thumb Code    56  nrf_drv_timer.o(i.nrf_drv_timer_compare)
    nrf_drv_timer_enable                     0x00000f95   Thumb Code    28  nrf_drv_timer.o(i.nrf_drv_timer_enable)
    nrf_drv_timer_extended_compare           0x00000fb5   Thumb Code    62  nrf_drv_timer.o(i.nrf_drv_timer_extended_compare)
    nrf_drv_timer_init                       0x00000ff5   Thumb Code   210  nrf_drv_timer.o(i.nrf_drv_timer_init)
    nrf_drv_uart_init                        0x000010cd   Thumb Code   144  nrf_drv_uart.o(i.nrf_drv_uart_init)
    nrf_drv_uart_rx                          0x00001165   Thumb Code   112  nrf_drv_uart.o(i.nrf_drv_uart_rx)
    nrf_drv_uart_rx_enable                   0x000011d9   Thumb Code    42  nrf_drv_uart.o(i.nrf_drv_uart_rx_enable)
    nrf_drv_uart_tx                          0x000012dd   Thumb Code    52  nrf_drv_uart.o(i.nrf_drv_uart_tx)
    nrf_drv_uart_tx_in_progress              0x000013ad   Thumb Code    26  nrf_drv_uart.o(i.nrf_drv_uart_tx_in_progress)
    twi_master_init                          0x00001709   Thumb Code    88  twi_hw_master.o(i.twi_master_init)
    twi_master_transfer                      0x00001885   Thumb Code    70  twi_hw_master.o(i.twi_master_transfer)
    uart_error_handle                        0x000019d9   Thumb Code    38  usr_uart.o(i.uart_error_handle)
    Timer0_St                                0x00001c34   Data           8  usr_timer.o(.constdata)
    Timer0_Config                            0x00001c3c   Data           8  usr_timer.o(.constdata)
    Region$$Table$$Base                      0x00001cb8   Number         0  anon$$obj.o(Region$$Table)
    Region$$Table$$Limit                     0x00001cd8   Number         0  anon$$obj.o(Region$$Table)
    Reset_Source                             0x20000000   Data           4  usr_code.o(.data)
    MainLoop_Cnt                             0x20000004   Data           4  usr_code.o(.data)
    TimeStamp_Cnt                            0x20000008   Data           4  usr_code.o(.data)
    Timer0_Handler_Ptr                       0x2000000c   Data           4  usr_timer.o(.data)
    i2c_wt_len                               0x20000010   Data           1  usr_i2c.o(.data)
    i2c_rd_len                               0x20000011   Data           1  usr_i2c.o(.data)
    __stdout                                 0x20000024   Data           4  retarget.o(.data)
    __stdin                                  0x20000028   Data           4  retarget.o(.data)
    SystemCoreClock                          0x2000002c   Data           4  system_nrf51.o(.data)
    i2cBuff                                  0x20000230   Data          32  usr_i2c.o(.bss)
    __libspace_start                         0x20000298   Data          96  libspace.o(.bss)
    __temporary_stack_top$libspace           0x200002f8   Data           0  libspace.o(.bss)



==============================================================================

Memory Map of the image

  Image Entry point : 0x000000c1

  Load Region LR_IROM1 (Base: 0x00000000, Size: 0x00001d08, Max: 0x00040000, ABSOLUTE)

    Execution Region ER_IROM1 (Base: 0x00000000, Size: 0x00001cd8, Max: 0x00040000, ABSOLUTE)

    Base Addr    Size         Type   Attr      Idx    E Section Name        Object

    0x00000000   0x000000c0   Data   RO         1179    RESET               arm_startup_nrf51.o
    0x000000c0   0x00000008   Code   RO         1671  * !!!main             c_p.l(__main.o)
    0x000000c8   0x0000003c   Code   RO         1844    !!!scatter          c_p.l(__scatter.o)
    0x00000104   0x0000001a   Code   RO         1846    !!handler_copy      c_p.l(__scatter_copy.o)
    0x0000011e   0x00000002   PAD
    0x00000120   0x0000001c   Code   RO         1848    !!handler_zi        c_p.l(__scatter_zi.o)
    0x0000013c   0x00000002   Code   RO         1664    .ARM.Collect$$_printf_percent$$00000000  c_p.l(_printf_percent.o)
    0x0000013e   0x0000000a   Code   RO         1663    .ARM.Collect$$_printf_percent$$00000009  c_p.l(_printf_d.o)
    0x00000148   0x0000000a   Code   RO         1662    .ARM.Collect$$_printf_percent$$0000000C  c_p.l(_printf_x.o)
    0x00000152   0x00000004   Code   RO         1678    .ARM.Collect$$_printf_percent$$00000017  c_p.l(_printf_percent_end.o)
    0x00000156   0x00000002   Code   RO         1714    .ARM.Collect$$libinit$$00000000  c_p.l(libinit.o)
    0x00000158   0x00000000   Code   RO         1722    .ARM.Collect$$libinit$$00000002  c_p.l(libinit2.o)
    0x00000158   0x00000000   Code   RO         1724    .ARM.Collect$$libinit$$00000004  c_p.l(libinit2.o)
    0x00000158   0x00000000   Code   RO         1727    .ARM.Collect$$libinit$$0000000A  c_p.l(libinit2.o)
    0x00000158   0x00000000   Code   RO         1729    .ARM.Collect$$libinit$$0000000C  c_p.l(libinit2.o)
    0x00000158   0x00000000   Code   RO         1731    .ARM.Collect$$libinit$$0000000E  c_p.l(libinit2.o)
    0x00000158   0x00000000   Code   RO         1734    .ARM.Collect$$libinit$$00000011  c_p.l(libinit2.o)
    0x00000158   0x00000000   Code   RO         1736    .ARM.Collect$$libinit$$00000013  c_p.l(libinit2.o)
    0x00000158   0x00000000   Code   RO         1738    .ARM.Collect$$libinit$$00000015  c_p.l(libinit2.o)
    0x00000158   0x00000000   Code   RO         1740    .ARM.Collect$$libinit$$00000017  c_p.l(libinit2.o)
    0x00000158   0x00000000   Code   RO         1742    .ARM.Collect$$libinit$$00000019  c_p.l(libinit2.o)
    0x00000158   0x00000000   Code   RO         1744    .ARM.Collect$$libinit$$0000001B  c_p.l(libinit2.o)
    0x00000158   0x00000000   Code   RO         1746    .ARM.Collect$$libinit$$0000001D  c_p.l(libinit2.o)
    0x00000158   0x00000000   Code   RO         1748    .ARM.Collect$$libinit$$0000001F  c_p.l(libinit2.o)
    0x00000158   0x00000000   Code   RO         1750    .ARM.Collect$$libinit$$00000021  c_p.l(libinit2.o)
    0x00000158   0x00000000   Code   RO         1752    .ARM.Collect$$libinit$$00000023  c_p.l(libinit2.o)
    0x00000158   0x00000000   Code   RO         1754    .ARM.Collect$$libinit$$00000025  c_p.l(libinit2.o)
    0x00000158   0x00000000   Code   RO         1758    .ARM.Collect$$libinit$$0000002C  c_p.l(libinit2.o)
    0x00000158   0x00000000   Code   RO         1760    .ARM.Collect$$libinit$$0000002E  c_p.l(libinit2.o)
    0x00000158   0x00000000   Code   RO         1762    .ARM.Collect$$libinit$$00000030  c_p.l(libinit2.o)
    0x00000158   0x00000000   Code   RO         1764    .ARM.Collect$$libinit$$00000032  c_p.l(libinit2.o)
    0x00000158   0x00000002   Code   RO         1765    .ARM.Collect$$libinit$$00000033  c_p.l(libinit2.o)
    0x0000015a   0x00000002   Code   RO         1785    .ARM.Collect$$libshutdown$$00000000  c_p.l(libshutdown.o)
    0x0000015c   0x00000000   Code   RO         1799    .ARM.Collect$$libshutdown$$00000003  c_p.l(libshutdown2.o)
    0x0000015c   0x00000000   Code   RO         1802    .ARM.Collect$$libshutdown$$00000006  c_p.l(libshutdown2.o)
    0x0000015c   0x00000000   Code   RO         1805    .ARM.Collect$$libshutdown$$00000009  c_p.l(libshutdown2.o)
    0x0000015c   0x00000000   Code   RO         1807    .ARM.Collect$$libshutdown$$0000000B  c_p.l(libshutdown2.o)
    0x0000015c   0x00000000   Code   RO         1810    .ARM.Collect$$libshutdown$$0000000E  c_p.l(libshutdown2.o)
    0x0000015c   0x00000002   Code   RO         1811    .ARM.Collect$$libshutdown$$0000000F  c_p.l(libshutdown2.o)
    0x0000015e   0x00000000   Code   RO         1673    .ARM.Collect$$rtentry$$00000000  c_p.l(__rtentry.o)
    0x0000015e   0x00000000   Code   RO         1682    .ARM.Collect$$rtentry$$00000002  c_p.l(__rtentry2.o)
    0x0000015e   0x00000006   Code   RO         1694    .ARM.Collect$$rtentry$$00000004  c_p.l(__rtentry4.o)
    0x00000164   0x00000000   Code   RO         1684    .ARM.Collect$$rtentry$$00000009  c_p.l(__rtentry2.o)
    0x00000164   0x00000004   Code   RO         1685    .ARM.Collect$$rtentry$$0000000A  c_p.l(__rtentry2.o)
    0x00000168   0x00000000   Code   RO         1687    .ARM.Collect$$rtentry$$0000000C  c_p.l(__rtentry2.o)
    0x00000168   0x00000008   Code   RO         1688    .ARM.Collect$$rtentry$$0000000D  c_p.l(__rtentry2.o)
    0x00000170   0x00000002   Code   RO         1719    .ARM.Collect$$rtexit$$00000000  c_p.l(rtexit.o)
    0x00000172   0x00000000   Code   RO         1767    .ARM.Collect$$rtexit$$00000002  c_p.l(rtexit2.o)
    0x00000172   0x00000004   Code   RO         1768    .ARM.Collect$$rtexit$$00000003  c_p.l(rtexit2.o)
    0x00000176   0x00000006   Code   RO         1769    .ARM.Collect$$rtexit$$00000004  c_p.l(rtexit2.o)
    0x0000017c   0x00000038   Code   RO         1665    .emb_text           c_p.l(rt_memcpy.o)
    0x000001b4   0x00000054   Code   RO         1180    .text               arm_startup_nrf51.o
    0x00000208   0x0000001c   Code   RO         1613    .text               c_p.l(noretval__2printf.o)
    0x00000224   0x0000004e   Code   RO         1617    .text               c_p.l(_printf_pad.o)
    0x00000272   0x00000002   PAD
    0x00000274   0x0000006c   Code   RO         1619    .text               c_p.l(_printf_dec.o)
    0x000002e0   0x00000058   Code   RO         1624    .text               c_p.l(_printf_hex_int.o)
    0x00000338   0x00000138   Code   RO         1654    .text               c_p.l(__printf_flags_wp.o)
    0x00000470   0x00000006   Code   RO         1669    .text               c_p.l(heapauxi.o)
    0x00000476   0x000000b0   Code   RO         1674    .text               c_p.l(_printf_intcommon.o)
    0x00000526   0x00000002   PAD
    0x00000528   0x00000028   Code   RO         1676    .text               c_p.l(_printf_char_file.o)
    0x00000550   0x00000028   Code   RO         1679    .text               c_p.l(rtudiv10.o)
    0x00000578   0x00000030   Code   RO         1696    .text               c_p.l(_printf_char_common.o)
    0x000005a8   0x00000008   Code   RO         1698    .text               c_p.l(ferror.o)
    0x000005b0   0x0000003e   Code   RO         1702    .text               c_p.l(sys_stackheap_outer.o)
    0x000005ee   0x0000000c   Code   RO         1707    .text               c_p.l(exit.o)
    0x000005fa   0x00000002   PAD
    0x000005fc   0x00000008   Code   RO         1715    .text               c_p.l(libspace.o)
    0x00000604   0x0000000c   Code   RO         1777    .text               c_p.l(sys_exit.o)
    0x00000610   0x00000002   Code   RO         1788    .text               c_p.l(use_no_semi.o)
    0x00000612   0x00000000   Code   RO         1790    .text               c_p.l(indicate_semi.o)
    0x00000612   0x0000000a   Code   RO          131    i.LED1_Open         usr_led.o
    0x0000061c   0x0000000a   Code   RO          132    i.LED1_Toggle       usr_led.o
    0x00000626   0x0000000a   Code   RO          133    i.LED2_Close        usr_led.o
    0x00000630   0x0000000a   Code   RO          135    i.LED2_Toggle       usr_led.o
    0x0000063a   0x0000000a   Code   RO          137    i.LED3_Open         usr_led.o
    0x00000644   0x0000000a   Code   RO          138    i.LED3_Toggle       usr_led.o
    0x0000064e   0x0000000a   Code   RO          139    i.LED4_Close        usr_led.o
    0x00000658   0x0000000a   Code   RO          141    i.LED4_Toggle       usr_led.o
    0x00000662   0x00000038   Code   RO          142    i.LED_Init          usr_led.o
    0x0000069a   0x00000002   PAD
    0x0000069c   0x00000078   Code   RO          381    i.NVIC_SetPriority  nrf_drv_common_1.o
    0x00000714   0x00000010   Code   RO         1186    i.SystemCoreClockUpdate  system_nrf51.o
    0x00000724   0x00000068   Code   RO         1187    i.SystemInit        system_nrf51.o
    0x0000078c   0x00000018   Code   RO          958    i.TIMER0_IRQHandler  nrf_drv_timer.o
    0x000007a4   0x0000003c   Code   RO          261    i.Timer0_Handler    usr_timer.o
    0x000007e0   0x00000014   Code   RO          434    i.UART0_IRQHandler  nrf_drv_uart.o
    0x000007f4   0x00000056   Code   RO          143    i.Usr_Dbg_IO        usr_led.o
    0x0000084a   0x00000008   Code   RO          354    i.Usr_I2C_InitSetup  usr_i2c.o
    0x00000852   0x00000002   PAD
    0x00000854   0x00000104   Code   RO          355    i.Usr_I2C_MainLoop  usr_i2c.o
    0x00000958   0x00000014   Code   RO            3    i.Usr_InitSetup     usr_code.o
    0x0000096c   0x00000070   Code   RO          262    i.Usr_Timer_InitSetup  usr_timer.o
    0x000009dc   0x0000005c   Code   RO          304    i.Usr_UartInit      usr_uart.o
    0x00000a38   0x0000000e   Code   RO         1652    i._is_digit         c_p.l(__printf_wp.o)
    0x00000a46   0x00000002   PAD
    0x00000a48   0x00000038   Code   RO          833    i.app_error_fault_handler  app_error_weak.o
    0x00000a80   0x00000020   Code   RO          792    i.app_error_handler_bare  app_error.o
    0x00000aa0   0x00000020   Code   RO          883    i.app_fifo_get      app_fifo.o
    0x00000ac0   0x0000002a   Code   RO          884    i.app_fifo_init     app_fifo.o
    0x00000aea   0x00000022   Code   RO          886    i.app_fifo_put      app_fifo.o
    0x00000b0c   0x00000054   Code   RO          687    i.app_uart_get      app_uart_fifo.o
    0x00000b60   0x000000ec   Code   RO          688    i.app_uart_init     app_uart_fifo.o
    0x00000c4c   0x00000044   Code   RO          689    i.app_uart_put      app_uart_fifo.o
    0x00000c90   0x0000008c   Code   RO          435    i.apply_config      nrf_drv_uart.o
    0x00000d1c   0x00000018   Code   RO          889    i.fifo_get          app_fifo.o
    0x00000d34   0x0000000a   Code   RO          690    i.fifo_length       app_uart_fifo.o
    0x00000d3e   0x0000000a   Code   RO          890    i.fifo_length       app_fifo.o
    0x00000d48   0x00000012   Code   RO          891    i.fifo_peek         app_fifo.o
    0x00000d5a   0x00000012   Code   RO          892    i.fifo_put          app_fifo.o
    0x00000d6c   0x00000010   Code   RO          759    i.fputc             retarget.o
    0x00000d7c   0x00000068   Code   RO          959    i.irq_handler       nrf_drv_timer.o
    0x00000de4   0x000000e0   Code   RO            4    i.main              usr_code.o
    0x00000ec4   0x00000004   Code   RO         1206    i.nrf51_errata_26   system_nrf51.o
    0x00000ec8   0x00000004   Code   RO         1242    i.nrf51_errata_59   system_nrf51.o
    0x00000ecc   0x00000004   Code   RO         1261    i.nrf51_errata_76   system_nrf51.o
    0x00000ed0   0x00000040   Code   RO         1124    i.nrf_delay_us      twi_hw_master.o
    0x00000f10   0x00000038   Code   RO          383    i.nrf_drv_common_irq_enable  nrf_drv_common_1.o
    0x00000f48   0x0000000a   Code   RO          436    i.nrf_drv_get_IRQn  nrf_drv_uart.o
    0x00000f52   0x0000000a   Code   RO          960    i.nrf_drv_get_IRQn  nrf_drv_timer.o
    0x00000f5c   0x00000038   Code   RO          963    i.nrf_drv_timer_compare  nrf_drv_timer.o
    0x00000f94   0x00000020   Code   RO          967    i.nrf_drv_timer_enable  nrf_drv_timer.o
    0x00000fb4   0x0000003e   Code   RO          968    i.nrf_drv_timer_extended_compare  nrf_drv_timer.o
    0x00000ff2   0x00000002   PAD
    0x00000ff4   0x000000d8   Code   RO          970    i.nrf_drv_timer_init  nrf_drv_timer.o
    0x000010cc   0x00000098   Code   RO          438    i.nrf_drv_uart_init  nrf_drv_uart.o
    0x00001164   0x00000074   Code   RO          439    i.nrf_drv_uart_rx   nrf_drv_uart.o
    0x000011d8   0x00000030   Code   RO          442    i.nrf_drv_uart_rx_enable  nrf_drv_uart.o
    0x00001208   0x000000d4   Code   RO          443    i.nrf_drv_uart_rx_for_uart  nrf_drv_uart.o
    0x000012dc   0x00000038   Code   RO          444    i.nrf_drv_uart_tx   nrf_drv_uart.o
    0x00001314   0x00000098   Code   RO          446    i.nrf_drv_uart_tx_for_uart  nrf_drv_uart.o
    0x000013ac   0x00000020   Code   RO          447    i.nrf_drv_uart_tx_in_progress  nrf_drv_uart.o
    0x000013cc   0x0000002a   Code   RO          449    i.nrf_gpio_cfg      nrf_drv_uart.o
    0x000013f6   0x0000001a   Code   RO          451    i.nrf_gpio_cfg_input  nrf_drv_uart.o
    0x00001410   0x00000038   Code   RO          144    i.nrf_gpio_cfg_output  usr_led.o
    0x00001448   0x00000018   Code   RO          452    i.nrf_gpio_cfg_output  nrf_drv_uart.o
    0x00001460   0x00000018   Code   RO          145    i.nrf_gpio_pin_clear  usr_led.o
    0x00001478   0x00000018   Code   RO          146    i.nrf_gpio_pin_set  usr_led.o
    0x00001490   0x00000018   Code   RO          453    i.nrf_gpio_pin_set  nrf_drv_uart.o
    0x000014a8   0x0000002e   Code   RO          147    i.nrf_gpio_pin_toggle  usr_led.o
    0x000014d6   0x0000000c   Code   RO          974    i.nrf_timer_compare_event_get  nrf_drv_timer.o
    0x000014e2   0x0000000a   Code   RO          975    i.nrf_timer_compare_int_get  nrf_drv_timer.o
    0x000014ec   0x00000006   Code   RO          976    i.nrf_timer_event_clear  nrf_drv_timer.o
    0x000014f2   0x0000000a   Code   RO          977    i.nrf_timer_int_disable  nrf_drv_timer.o
    0x000014fc   0x0000000a   Code   RO          978    i.nrf_timer_int_enable  nrf_drv_timer.o
    0x00001506   0x00000010   Code   RO          979    i.nrf_timer_shorts_disable  nrf_drv_timer.o
    0x00001516   0x00000006   Code   RO          980    i.nrf_timer_task_trigger  nrf_drv_timer.o
    0x0000151c   0x00000014   Code   RO          454    i.nrf_uart_errorsrc_get_and_clear  nrf_drv_uart.o
    0x00001530   0x00000010   Code   RO          455    i.nrf_uart_event_check  nrf_drv_uart.o
    0x00001540   0x00000006   Code   RO          456    i.nrf_uart_event_clear  nrf_drv_uart.o
    0x00001546   0x00000012   Code   RO          457    i.nrf_uart_hwfc_pins_set  nrf_drv_uart.o
    0x00001558   0x0000000a   Code   RO          458    i.nrf_uart_int_disable  nrf_drv_uart.o
    0x00001562   0x0000000a   Code   RO          459    i.nrf_uart_int_enable  nrf_drv_uart.o
    0x0000156c   0x00000018   Code   RO          460    i.nrf_uart_int_enable_check  nrf_drv_uart.o
    0x00001584   0x00000006   Code   RO          461    i.nrf_uart_task_trigger  nrf_drv_uart.o
    0x0000158a   0x00000012   Code   RO          462    i.nrf_uart_txrx_pins_set  nrf_drv_uart.o
    0x0000159c   0x00000048   Code   RO          464    i.rx_byte           nrf_drv_uart.o
    0x000015e4   0x0000001c   Code   RO          465    i.rx_done_event     nrf_drv_uart.o
    0x00001600   0x00000022   Code   RO          466    i.rx_enable         nrf_drv_uart.o
    0x00001622   0x00000002   PAD
    0x00001624   0x000000e4   Code   RO         1125    i.twi_master_clear_bus  twi_hw_master.o
    0x00001708   0x0000006c   Code   RO         1126    i.twi_master_init   twi_hw_master.o
    0x00001774   0x00000110   Code   RO         1127    i.twi_master_read   twi_hw_master.o
    0x00001884   0x0000004c   Code   RO         1128    i.twi_master_transfer  twi_hw_master.o
    0x000018d0   0x000000bc   Code   RO         1129    i.twi_master_write  twi_hw_master.o
    0x0000198c   0x0000002a   Code   RO          467    i.tx_byte           nrf_drv_uart.o
    0x000019b6   0x00000022   Code   RO          468    i.tx_done_event     nrf_drv_uart.o
    0x000019d8   0x00000026   Code   RO          309    i.uart_error_handle  usr_uart.o
    0x000019fe   0x00000002   PAD
    0x00001a00   0x000000dc   Code   RO          691    i.uart_event_handler  app_uart_fifo.o
    0x00001adc   0x00000158   Code   RO          469    i.uart_irq_handler  nrf_drv_uart.o
    0x00001c34   0x00000010   Data   RO          263    .constdata          usr_timer.o
    0x00001c44   0x00000018   Data   RO          311    .constdata          usr_uart.o
    0x00001c5c   0x00000020   Data   RO          693    .constdata          app_uart_fifo.o
    0x00001c7c   0x00000028   Data   RO         1625    .constdata          c_p.l(_printf_hex_int.o)
    0x00001ca4   0x00000011   Data   RO         1655    .constdata          c_p.l(__printf_flags_wp.o)
    0x00001cb5   0x00000003   PAD
    0x00001cb8   0x00000020   Data   RO         1842    Region$$Table       anon$$obj.o


    Execution Region RW_IRAM1 (Base: 0x20000000, Size: 0x000012f8, Max: 0x00008000, ABSOLUTE)

    Base Addr    Size         Type   Attr      Idx    E Section Name        Object

    0x20000000   0x0000000c   Data   RW            5    .data               usr_code.o
    0x2000000c   0x00000004   Data   RW          264    .data               usr_timer.o
    0x20000010   0x00000002   Data   RW          357    .data               usr_i2c.o
    0x20000012   0x00000002   PAD
    0x20000014   0x0000000f   Data   RW          694    .data               app_uart_fifo.o
    0x20000023   0x00000001   PAD
    0x20000024   0x00000008   Data   RW          760    .data               retarget.o
    0x2000002c   0x00000004   Data   RW         1266    .data               system_nrf51.o
    0x20000030   0x00000200   Zero   RW          310    .bss                usr_uart.o
    0x20000230   0x00000020   Zero   RW          356    .bss                usr_i2c.o
    0x20000250   0x0000001c   Zero   RW          470    .bss                nrf_drv_uart.o
    0x2000026c   0x00000020   Zero   RW          692    .bss                app_uart_fifo.o
    0x2000028c   0x0000000c   Zero   RW          981    .bss                nrf_drv_timer.o
    0x20000298   0x00000060   Zero   RW         1716    .bss                c_p.l(libspace.o)
    0x200002f8   0x00000800   Zero   RW         1178    HEAP                arm_startup_nrf51.o
    0x20000af8   0x00000800   Zero   RW         1177    STACK               arm_startup_nrf51.o


==============================================================================

Image component sizes


      Code (inc. data)   RO Data    RW Data    ZI Data      Debug   Object Name

        32          6          0          0          0       2105   app_error.o
        56          8          0          0          0       7090   app_error_weak.o
       178          0          0          0          0       4930   app_fifo.o
       618         92         32         15         32      11082   app_uart_fifo.o
        84         36        192          0       4096        732   arm_startup_nrf51.o
       176         18          0          0          0       7812   nrf_drv_common_1.o
       574         20          0          0         12      18069   nrf_drv_timer.o
      1736         46          0          0         28      32114   nrf_drv_uart.o
        16          0          0          8          0       2778   retarget.o
       132         32          0          4          0       2827   system_nrf51.o
       936         92          0          0          0       5724   twi_hw_master.o
       244        106          0         12          0      30009   usr_code.o
       268        136          0          2         32       1827   usr_i2c.o
       372          0          0          0          0      10158   usr_led.o
       172         20         16          4          0       9436   usr_timer.o
       130         16         24          0        512       1803   usr_uart.o

    ----------------------------------------------------------------------
      5734        628        296         48       4712     148496   Object Totals
         0          0         32          0          0          0   (incl. Generated)
        10          0          0          3          0          0   (incl. Padding)

    ----------------------------------------------------------------------

      Code (inc. data)   RO Data    RW Data    ZI Data      Debug   Library Member Name

         8          0          0          0          0         68   __main.o
       312          6         17          0          0         76   __printf_flags_wp.o
        14          0          0          0          0         60   __printf_wp.o
         0          0          0          0          0          0   __rtentry.o
        12          0          0          0          0          0   __rtentry2.o
         6          0          0          0          0          0   __rtentry4.o
        60          8          0          0          0          0   __scatter.o
        26          0          0          0          0          0   __scatter_copy.o
        28          0          0          0          0          0   __scatter_zi.o
        48          6          0          0          0         88   _printf_char_common.o
        40          6          0          0          0         72   _printf_char_file.o
        10          0          0          0          0          0   _printf_d.o
       108         18          0          0          0         76   _printf_dec.o
        88          4         40          0          0         72   _printf_hex_int.o
       176          0          0          0          0         84   _printf_intcommon.o
        78          0          0          0          0        100   _printf_pad.o
         2          0          0          0          0          0   _printf_percent.o
         4          0          0          0          0          0   _printf_percent_end.o
        10          0          0          0          0          0   _printf_x.o
        12          0          0          0          0         64   exit.o
         8          0          0          0          0         60   ferror.o
         6          0          0          0          0        136   heapauxi.o
         0          0          0          0          0          0   indicate_semi.o
         2          0          0          0          0          0   libinit.o
         2          0          0          0          0          0   libinit2.o
         2          0          0          0          0          0   libshutdown.o
         2          0          0          0          0          0   libshutdown2.o
         8          4          0          0         96         68   libspace.o
        28          6          0          0          0         84   noretval__2printf.o
        56          0          0          0          0         68   rt_memcpy.o
         2          0          0          0          0          0   rtexit.o
        10          0          0          0          0          0   rtexit2.o
        40          0          0          0          0         60   rtudiv10.o
        12          4          0          0          0         60   sys_exit.o
        62          0          0          0          0         80   sys_stackheap_outer.o
         2          0          0          0          0         68   use_no_semi.o

    ----------------------------------------------------------------------
      1294         62         60          0         96       1444   Library Totals
        10          0          3          0          0          0   (incl. Padding)

    ----------------------------------------------------------------------

      Code (inc. data)   RO Data    RW Data    ZI Data      Debug   Library Name

      1284         62         57          0         96       1444   c_p.l

    ----------------------------------------------------------------------
      1294         62         60          0         96       1444   Library Totals

    ----------------------------------------------------------------------

==============================================================================


      Code (inc. data)   RO Data    RW Data    ZI Data      Debug   

      7028        690        356         48       4808     145308   Grand Totals
      7028        690        356         48       4808     145308   ELF Image Totals
      7028        690        356         48          0          0   ROM Totals

==============================================================================

    Total RO  Size (Code + RO Data)                 7384 (   7.21kB)
    Total RW  Size (RW Data + ZI Data)              4856 (   4.74kB)
    Total ROM Size (Code + RO Data + RW Data)       7432 (   7.26kB)

==============================================================================

